#                 Statistics Report
#  Circuit name                                c1355
#  Fault model                                   SAF
#  Pattern type                                BASIC
#  -------------------------------------------------
#  Fault classes                             #faults
#  ----------------------------  -------------------
#    FU (full)                                  3398
#    --------------------------  -------------------
#    UD (undetected)                               0
#    PT (possibly testable)                        0
#    AU (atpg untestable)                          8
#    RE (redundant)                                0
#    AB (atpg abort)                              12
#    TI (tied)                                     0
#    --------------------------  -------------------
#    DT (detected)                              3378
#  -------------------------------------------------
#  Coverage                               percentage
#    --------------------------  -------------------
#    test coverage                            99.65%
#    fault coverage                           99.41%
#    atpg effectiveness                       99.65%
#  -------------------------------------------------
#  #Patterns                                      87
#  -------------------------------------------------
#  ATPG runtime                              5.145 s
#  -------------------------------------------------
