#                 Statistics Report
#  Circuit name                                c5315
#  Fault model                                   SAF
#  Pattern type                                BASIC
#  -------------------------------------------------
#  Fault classes                             #faults
#  ----------------------------  -------------------
#    FU (full)                                 14080
#    --------------------------  -------------------
#    UD (undetected)                               5
#    PT (possibly testable)                        0
#    AU (atpg untestable)                         63
#    RE (redundant)                                0
#    AB (atpg abort)                               0
#    TI (tied)                                     0
#    --------------------------  -------------------
#    DT (detected)                             14012
#  -------------------------------------------------
#  Coverage                               percentage
#    --------------------------  -------------------
#    test coverage                            99.96%
#    fault coverage                           99.52%
#    atpg effectiveness                       99.96%
#  -------------------------------------------------
#  #Patterns                                     244
#  -------------------------------------------------
#  ATPG runtime                              2.289 s
#  -------------------------------------------------
