#                 Statistics Report
#  Circuit name                               s38417
#  Fault model                                   SAF
#  Pattern type                                BASIC
#  -------------------------------------------------
#  Fault classes                             #faults
#  ----------------------------  -------------------
#    FU (full)                                 86824
#    --------------------------  -------------------
#    UD (undetected)                            3531
#    PT (possibly testable)                        0
#    AU (atpg untestable)                        199
#    RE (redundant)                                0
#    AB (atpg abort)                               6
#    TI (tied)                                     0
#    --------------------------  -------------------
#    DT (detected)                             83088
#  -------------------------------------------------
#  Coverage                               percentage
#    --------------------------  -------------------
#    test coverage                            95.92%
#    fault coverage                            95.7%
#    atpg effectiveness                       95.93%
#  -------------------------------------------------
#  #Patterns                                    1483
#  -------------------------------------------------
#  ATPG runtime                              27.39 s
#  -------------------------------------------------
