#                 Statistics Report
#  Circuit name                               s35932
#  Fault model                                   SAF
#  Pattern type                                BASIC
#  -------------------------------------------------
#  Fault classes                             #faults
#  ----------------------------  -------------------
#    FU (full)                                100018
#    --------------------------  -------------------
#    UD (undetected)                           12570
#    PT (possibly testable)                        0
#    AU (atpg untestable)                          0
#    RE (redundant)                                0
#    AB (atpg abort)                               0
#    TI (tied)                                     0
#    --------------------------  -------------------
#    DT (detected)                             87448
#  -------------------------------------------------
#  Coverage                               percentage
#    --------------------------  -------------------
#    test coverage                            87.43%
#    fault coverage                           87.43%
#    atpg effectiveness                       87.43%
#  -------------------------------------------------
#  #Patterns                                     501
#  -------------------------------------------------
#  ATPG runtime                              4.567 s
#  -------------------------------------------------
