            CPU Usage Summary Report
 -----------------------------------------------
 Read netlist CPU time                     0.10
 Model build CPU time                      0.13
 DRC CPU time                              0.09
 ATPG CPU time                             0.61
 Pattern compression CPU time              0.00
 Fault Sim CPU time                        0.00
 Good Sim CPU time                         0.00
 Diagnosis CPU time                        0.00
 Analyses CPU time                         0.00
 Write pattern CPU time                    0.00
 Total session CPU time                    0.94
 -----------------------------------------------
     Uncollapsed Stuck Fault Summary Report
 -----------------------------------------------
 fault class                     code   #faults
 ------------------------------  ----  ---------
 Detected                         DT      80682
 Possibly detected                PT          0
 Undetectable                     UD       8968
 ATPG untestable                  AU          0
 Not detected                     ND          0
 -----------------------------------------------
 total faults                             89650
 test coverage                           100.00%
 -----------------------------------------------
 Memory usage summary: total=34.98MB
            Pattern Summary Report
 -----------------------------------------------
 #internal patterns                          25
     #basic_scan patterns                    25
 -----------------------------------------------
