#                 Statistics Report
#  Circuit name                               s9234f
#  Fault model                                   SAF
#  Pattern type                                BASIC
#  -------------------------------------------------
#  Fault classes                             #faults
#  ----------------------------  -------------------
#    FU (full)                                 16476
#    --------------------------  -------------------
#    UD (undetected)                             490
#    PT (possibly testable)                        0
#    AU (atpg untestable)                        498
#    RE (redundant)                                0
#    AB (atpg abort)                              45
#    TI (tied)                                     0
#    --------------------------  -------------------
#    DT (detected)                             15443
#  -------------------------------------------------
#  Coverage                               percentage
#    --------------------------  -------------------
#    test coverage                            96.65%
#    fault coverage                           93.73%
#    atpg effectiveness                       96.75%
#  -------------------------------------------------
#  #Patterns                                     484
#  -------------------------------------------------
#  ATPG runtime                              1.877 s
#  -------------------------------------------------
