#                 Statistics Report
#  Circuit name                                s5378
#  Fault model                                   SAF
#  Pattern type                                BASIC
#  -------------------------------------------------
#  Fault classes                             #faults
#  ----------------------------  -------------------
#    FU (full)                                 11822
#    --------------------------  -------------------
#    UD (undetected)                             497
#    PT (possibly testable)                        0
#    AU (atpg untestable)                          0
#    RE (redundant)                                0
#    AB (atpg abort)                               0
#    TI (tied)                                     0
#    --------------------------  -------------------
#    DT (detected)                             11325
#  -------------------------------------------------
#  Coverage                               percentage
#    --------------------------  -------------------
#    test coverage                             95.8%
#    fault coverage                            95.8%
#    atpg effectiveness                        95.8%
#  -------------------------------------------------
#  #Patterns                                     354
#  -------------------------------------------------
#  ATPG runtime                            0.04822 s
#  -------------------------------------------------
