#                 Statistics Report
#  Circuit name                               s9234f
#  Fault model                                   SAF
#  Pattern type                                BASIC
#  -------------------------------------------------
#  Fault classes                             #faults
#  ----------------------------  -------------------
#    FU (full)                                 16476
#    --------------------------  -------------------
#    UD (undetected)                            1033
#    PT (possibly testable)                        0
#    AU (atpg untestable)                          0
#    RE (redundant)                                0
#    AB (atpg abort)                               0
#    TI (tied)                                     0
#    --------------------------  -------------------
#    DT (detected)                             15443
#  -------------------------------------------------
#  Coverage                               percentage
#    --------------------------  -------------------
#    test coverage                            93.73%
#    fault coverage                           93.73%
#    atpg effectiveness                       93.73%
#  -------------------------------------------------
#  #Patterns                                     484
#  -------------------------------------------------
#  ATPG runtime                             0.1164 s
#  -------------------------------------------------
