#                 Statistics Report
#  Circuit name                                c1355
#  Fault model                                   SAF
#  Pattern type                                BASIC
#  -------------------------------------------------
#  Fault classes                             #faults
#  ----------------------------  -------------------
#    FU (full)                                  2726
#    --------------------------  -------------------
#    UD (undetected)                              94
#    PT (possibly testable)                        0
#    AU (atpg untestable)                          0
#    RE (redundant)                                0
#    AB (atpg abort)                               0
#    TI (tied)                                     0
#    --------------------------  -------------------
#    DT (detected)                              2632
#  -------------------------------------------------
#  Coverage                               percentage
#    --------------------------  -------------------
#    test coverage                            96.55%
#    fault coverage                           96.55%
#    atpg effectiveness                       96.55%
#  -------------------------------------------------
#  #Patterns                                      82
#  -------------------------------------------------
#  ATPG runtime                           0.003807 s
#  -------------------------------------------------
