#                 Statistics Report
#  Circuit name                                s5378
#  Fault model                                   SAF
#  Pattern type                                BASIC
#  -------------------------------------------------
#  Fault classes                             #faults
#  ----------------------------  -------------------
#    FU (full)                                  9272
#    --------------------------  -------------------
#    UD (undetected)                             370
#    PT (possibly testable)                        0
#    AU (atpg untestable)                         83
#    RE (redundant)                                0
#    AB (atpg abort)                               0
#    TI (tied)                                     0
#    --------------------------  -------------------
#    DT (detected)                              8819
#  -------------------------------------------------
#  Coverage                               percentage
#    --------------------------  -------------------
#    test coverage                            95.97%
#    fault coverage                           95.11%
#    atpg effectiveness                       96.01%
#  -------------------------------------------------
#  #Patterns                                     128
#  -------------------------------------------------
#  ATPG runtime                             0.5405 s
#  -------------------------------------------------
