#                 Statistics Report
#  Circuit name                                 c432
#  Fault model                                   SAF
#  Pattern type                                BASIC
#  -------------------------------------------------
#  Fault classes                             #faults
#  ----------------------------  -------------------
#    FU (full)                                   880
#    --------------------------  -------------------
#    UD (undetected)                               0
#    PT (possibly testable)                        0
#    AU (atpg untestable)                          1
#    RE (redundant)                                0
#    AB (atpg abort)                               9
#    TI (tied)                                     0
#    --------------------------  -------------------
#    DT (detected)                               870
#  -------------------------------------------------
#  Coverage                               percentage
#    --------------------------  -------------------
#    test coverage                            98.98%
#    fault coverage                           98.86%
#    atpg effectiveness                       98.98%
#  -------------------------------------------------
#  #Patterns                                      51
#  -------------------------------------------------
#  ATPG runtime                            0.03502 s
#  -------------------------------------------------
