#                 Statistics Report
#  Circuit name                               s38417
#  Fault model                                   SAF
#  Pattern type                                BASIC
#  -------------------------------------------------
#  Fault classes                             #faults
#  ----------------------------  -------------------
#    FU (full)                                 67954
#    --------------------------  -------------------
#    UD (undetected)                            3489
#    PT (possibly testable)                        0
#    AU (atpg untestable)                          0
#    RE (redundant)                                0
#    AB (atpg abort)                               0
#    TI (tied)                                     0
#    --------------------------  -------------------
#    DT (detected)                             64465
#  -------------------------------------------------
#  Coverage                               percentage
#    --------------------------  -------------------
#    test coverage                            94.87%
#    fault coverage                           94.87%
#    atpg effectiveness                       94.87%
#  -------------------------------------------------
#  #Patterns                                     161
#  -------------------------------------------------
#  ATPG runtime                             0.8978 s
#  -------------------------------------------------
