#                 Statistics Report
#  Circuit name                                 s510
#  Fault model                                   SAF
#  Pattern type                                BASIC
#  -------------------------------------------------
#  Fault classes                             #faults
#  ----------------------------  -------------------
#    FU (full)                                  1402
#    --------------------------  -------------------
#    UD (undetected)                              13
#    PT (possibly testable)                        0
#    AU (atpg untestable)                          0
#    RE (redundant)                                0
#    AB (atpg abort)                               0
#    TI (tied)                                     0
#    --------------------------  -------------------
#    DT (detected)                              1389
#  -------------------------------------------------
#  Coverage                               percentage
#    --------------------------  -------------------
#    test coverage                            99.07%
#    fault coverage                           99.07%
#    atpg effectiveness                       99.07%
#  -------------------------------------------------
#  #Patterns                                      65
#  -------------------------------------------------
#  ATPG runtime                             0.0007 s
#  -------------------------------------------------
