 sa0   DI   CK
 sa1   DI   CK
 sa0   DI   test_se
 sa1   DS   test_se
 sa0   DI   test_si
 sa0   DS   U_G502/ZN
 sa1   --   U_G502/A1
 sa1   --   U_G502/A2
 sa1   --   U_G436/ZN
 sa1   --   U_G437/ZN
 sa1   DS   U_G436/A1
 sa1   DS   U_G436/A2
 sa0   DS   U_G437/ZN
 sa0   --   U_G437/A2
 sa0   --   U_G437/A1
 sa0   --   U_G66/ZN
 sa0   --   U_G502/A2
 sa1   DS   U_G66/ZN
 sa0   --   U_G66/A1
 sa0   --   U_G66/A2
 sa1   --   U_G437/A1
 sa1   DS   U_G437/A2
 sa1   DS   U_G66/A1
 sa1   DS   U_G66/A2
 sa1   DS   U_G502/ZN
 sa0   DS   U_G436/ZN
 sa0   --   U_G436/A1
 sa0   --   U_G436/A2
 sa0   --   U_G502/A1
 sa1   DI   U_G29/seq_SDFF_X10/nextstate
 sa0   DI   U_G29/seq_SDFF_X10/nextstate
 sa1   DI   U_G29/seq_SDFF_X10/CK
 sa0   DI   U_G29/seq_SDFF_X10/CK
 sa1   DI   U_G29/seq_SDFF_X10/IQ
 sa0   DI   U_G29/seq_SDFF_X10/IQ
 sa1   DI   test_si
 sa0   DI   U_G30/seq_SDFF_X10/IQ
 sa1   DS   U_G286/ZN
 sa1   --   U_G286/A1
 sa1   --   U_G286/A2
 sa1   --   U_G503/A1
 sa0   DS   U_G286/A1
 sa0   DS   U_G286/A2
 sa0   DS   U_G503/ZN
 sa1   DS   U_G503/A2
 sa1   DS   U_G503/ZN
 sa0   --   U_G503/A2
 sa0   --   U_G503/A1
 sa0   --   U_G286/ZN
 sa1   DI   U_G30/seq_SDFF_X10/nextstate
 sa0   DI   U_G30/seq_SDFF_X10/nextstate
 sa1   DI   U_G30/seq_SDFF_X10/CK
 sa0   DI   U_G30/seq_SDFF_X10/CK
 sa1   DI   U_G30/seq_SDFF_X10/IQ
 sa0   DI   U_G31/seq_SDFF_X10/IQ
 sa1   DS   U_G292/ZN
 sa1   --   U_G292/A1
 sa1   --   U_G292/A2
 sa1   --   U_G504/A1
 sa0   DS   U_G292/A1
 sa0   DS   U_G292/A2
 sa1   DS   U_G293/ZN
 sa1   --   U_G293/A1
 sa1   --   U_G293/A2
 sa1   --   U_G504/A2
 sa0   DS   U_G293/A1
 sa0   DS   U_G293/A2
 sa0   DS   U_G504/ZN
 sa1   DS   U_G504/ZN
 sa0   --   U_G504/A1
 sa0   --   U_G504/A2
 sa0   --   U_G292/ZN
 sa0   --   U_G293/ZN
 sa1   DI   U_G31/seq_SDFF_X10/nextstate
 sa0   DI   U_G31/seq_SDFF_X10/nextstate
 sa1   DI   U_G31/seq_SDFF_X10/CK
 sa0   DI   U_G31/seq_SDFF_X10/CK
 sa1   DI   U_G31/seq_SDFF_X10/IQ
 sa0   DI   U_G32/seq_SDFF_X10/IQ
 sa1   DS   U_G301/ZN
 sa1   --   U_G301/A1
 sa1   --   U_G301/A2
 sa1   --   U_G486/ZN
 sa0   --   U_G486/A
 sa1   --   U_G505/A2
 sa1   DS   U_G505/ZN
 sa0   --   U_G505/A1
 sa0   --   U_G505/A2
 sa0   --   U_G505/A3
 sa0   --   U_G300/ZN
 sa0   --   U_G301/ZN
 sa1   DS   U_G300/ZN
 sa1   --   U_G300/A2
 sa1   --   U_G300/A1
 sa1   --   U_G505/A1
 sa0   DS   U_G300/A1
 sa0   DS   U_G300/A2
 sa0   DS   U_G301/A1
 sa0   DS   U_G505/ZN
 sa1   DS   U_G505/A3
 sa0   DS   U_G486/ZN
 sa1   --   U_G486/A
 sa0   --   U_G301/A2
 sa1   DI   U_G32/seq_SDFF_X10/nextstate
 sa0   DI   U_G32/seq_SDFF_X10/nextstate
 sa1   DI   U_G32/seq_SDFF_X10/CK
 sa0   DI   U_G32/seq_SDFF_X10/CK
 sa1   DI   U_G32/seq_SDFF_X10/IQ
 sa0   DI   U_G33/seq_SDFF_X10/IQ
 sa1   DS   U_G311/A1
 sa0   DS   U_G312/ZN
 sa0   --   U_G312/A1
 sa0   --   U_G312/A2
 sa0   --   U_G180/ZN
 sa1   --   U_G180/A
 sa0   --   U_G506/A2
 sa1   DS   U_G180/ZN
 sa0   --   U_G180/A
 sa1   --   U_G312/A1
 sa0   DS   U_G311/ZN
 sa0   --   U_G311/A1
 sa0   --   U_G311/A2
 sa0   --   U_G311/A3
 sa0   --   U_G506/A1
 sa0   DS   U_G506/ZN
 sa1   --   U_G506/A2
 sa1   --   U_G506/A1
 sa1   --   U_G312/ZN
 sa1   --   U_G311/ZN
 sa1   DS   U_G311/A2
 sa1   DS   U_G311/A3
 sa1   DS   U_G312/A2
 sa1   DS   U_G506/ZN
 sa1   DI   U_G33/seq_SDFF_X10/nextstate
 sa0   DI   U_G33/seq_SDFF_X10/nextstate
 sa1   DI   U_G33/seq_SDFF_X10/CK
 sa0   DI   U_G33/seq_SDFF_X10/CK
 sa1   DI   U_G33/seq_SDFF_X10/IQ
 sa0   DI   U_G34/seq_SDFF_X10/IQ
 sa1   DS   U_G250/A2
 sa1   DS   U_G251/A1
 sa0   DS   U_G507/ZN
 sa1   --   U_G507/A2
 sa1   --   U_G507/A1
 sa1   --   U_G507/A3
 sa1   --   U_G315/ZN
 sa1   --   U_G487/ZN
 sa0   --   U_G487/A
 sa0   DS   U_G315/ZN
 sa0   --   U_G315/A2
 sa0   --   U_G315/A1
 sa0   --   U_G251/ZN
 sa0   --   U_G250/ZN
 sa0   --   U_G507/A1
 sa1   DS   U_G250/ZN
 sa0   --   U_G250/A1
 sa0   --   U_G250/A2
 sa1   --   U_G315/A1
 sa1   DS   U_G251/ZN
 sa0   --   U_G251/A1
 sa0   --   U_G251/A2
 sa1   --   U_G315/A2
 sa1   DS   U_G250/A1
 sa1   DS   U_G251/A2
 sa1   DS   U_G507/ZN
 sa0   DS   U_G507/A2
 sa0   DS   U_G487/ZN
 sa1   --   U_G487/A
 sa0   --   U_G507/A3
 sa1   DI   U_G34/seq_SDFF_X10/nextstate
 sa0   DI   U_G34/seq_SDFF_X10/nextstate
 sa1   DI   U_G34/seq_SDFF_X10/CK
 sa0   DI   U_G34/seq_SDFF_X10/CK
 sa1   DI   U_G34/seq_SDFF_X10/IQ
 sa0   DI   U_G35/seq_SDFF_X10/IQ
 sa1   DS   U_G318/ZN
 sa1   --   U_G318/A1
 sa1   --   U_G318/A2
 sa1   --   U_G318/A3
 sa1   --   U_G508/A1
 sa0   DS   U_G318/A1
 sa0   DS   U_G318/A2
 sa0   DS   U_G318/A3
 sa1   DS   U_G319/ZN
 sa1   --   U_G319/A1
 sa1   --   U_G319/A2
 sa1   --   U_G508/A2
 sa0   DS   U_G319/A1
 sa0   DS   U_G319/A2
 sa0   DS   U_G508/ZN
 sa1   DS   U_G508/ZN
 sa0   --   U_G508/A1
 sa0   --   U_G508/A2
 sa0   --   U_G318/ZN
 sa0   --   U_G319/ZN
 sa1   DI   U_G35/seq_SDFF_X10/nextstate
 sa0   DI   U_G35/seq_SDFF_X10/nextstate
 sa1   DI   U_G35/seq_SDFF_X10/CK
 sa0   DI   U_G35/seq_SDFF_X10/CK
 sa1   DI   U_G35/seq_SDFF_X10/IQ
 sa0   DI   U_G36/seq_SDFF_X10/IQ
 sa1   DS   U_G257/ZN
 sa0   --   U_G257/A1
 sa0   --   U_G257/A2
 sa1   --   U_G331/A2
 sa1   DS   U_G257/A1
 sa0   DS   U_G509/ZN
 sa1   --   U_G509/A2
 sa1   --   U_G509/A1
 sa1   --   U_G331/ZN
 sa1   DS   U_G331/A1
 sa1   DS   U_G257/A2
 sa1   DS   U_G509/ZN
 sa0   DS   U_G509/A2
 sa0   DS   U_G331/ZN
 sa0   --   U_G331/A2
 sa0   --   U_G331/A1
 sa0   --   U_G257/ZN
 sa0   --   U_G509/A1
 sa1   DI   U_G36/seq_SDFF_X10/nextstate
 sa0   DI   U_G36/seq_SDFF_X10/nextstate
 sa1   DI   U_G36/seq_SDFF_X10/CK
 sa0   DI   U_G36/seq_SDFF_X10/CK
 sa1   DI   U_G36/seq_SDFF_X10/IQ
 sa0   DI   U_G37/seq_SDFF_X10/IQ
 sa1   DS   U_G350/ZN
 sa1   --   U_G350/A1
 sa1   --   U_G350/A2
 sa1   --   U_G510/A1
 sa0   DS   U_G350/A1
 sa0   DS   U_G350/A2
 sa0   DS   U_G510/ZN
 sa1   DS   U_G510/A2
 sa1   DS   U_G510/ZN
 sa0   --   U_G510/A1
 sa0   --   U_G510/A2
 sa0   --   U_G350/ZN
 sa1   DI   U_G37/seq_SDFF_X10/nextstate
 sa0   DI   U_G37/seq_SDFF_X10/nextstate
 sa1   DI   U_G37/seq_SDFF_X10/CK
 sa0   DI   U_G37/seq_SDFF_X10/CK
 sa1   DI   U_G37/seq_SDFF_X10/IQ
 sa0   DI   U_G38/seq_SDFF_X10/IQ
 sa1   DS   U_G511/ZN
 sa1   DS   U_G511/A1
 sa1   DS   U_G511/A2
 sa0   DS   U_G511/ZN
 sa0   --   U_G511/A1
 sa0   --   U_G511/A2
 sa1   DI   U_G38/seq_SDFF_X10/nextstate
 sa0   DI   U_G38/seq_SDFF_X10/nextstate
 sa1   DI   U_G38/seq_SDFF_X10/CK
 sa0   DI   U_G38/seq_SDFF_X10/CK
 sa1   DI   U_G38/seq_SDFF_X10/IQ
 sa0   DI   U_G39/seq_SDFF_X10/IQ
 sa1   DS   U_G310/ZN
 sa1   --   U_G310/A1
 sa1   --   U_G310/A2
 sa1   --   U_G512/A1
 sa0   DS   U_G310/A1
 sa0   DS   U_G310/A2
 sa0   DS   U_G512/ZN
 sa1   DS   U_G512/A2
 sa1   DS   U_G512/ZN
 sa0   --   U_G512/A1
 sa0   --   U_G512/A2
 sa0   --   U_G310/ZN
 sa1   DI   U_G39/seq_SDFF_X10/nextstate
 sa0   DI   U_G39/seq_SDFF_X10/nextstate
 sa1   DI   U_G39/seq_SDFF_X10/CK
 sa0   DI   U_G39/seq_SDFF_X10/CK
 sa1   DI   U_G39/seq_SDFF_X10/IQ
 sa0   DI   U_G40/seq_SDFF_X10/IQ
 sa1   DS   U_G106/ZN
 sa1   --   U_G106/A2
 sa1   --   U_G106/A1
 sa1   --   U_G359/ZN
 sa1   --   U_G358/ZN
 sa1   --   U_G360/A2
 sa1   DS   U_G358/A1
 sa1   DS   U_G83/ZN
 sa0   --   U_G83/A2
 sa0   --   U_G83/A1
 sa0   --   U_G356/ZN
 sa0   --   U_G355/ZN
 sa1   --   U_G358/A2
 sa0   DS   U_G359/ZN
 sa0   --   U_G359/A1
 sa0   --   U_G359/A2
 sa0   --   U_G106/A2
 sa1   DS   U_G359/A1
 sa1   DS   U_G359/A2
 sa0   DS   U_G360/ZN
 sa0   --   U_G360/A1
 sa0   --   U_G360/A2
 sa0   --   U_G106/ZN
 sa0   --   U_G513/A1
 sa0   DS   U_G513/ZN
 sa1   --   U_G513/A1
 sa1   --   U_G513/A2
 sa1   --   U_G360/ZN
 sa1   --   U_G361/ZN
 sa1   DS   U_G360/A1
 sa0   DS   U_G361/ZN
 sa0   --   U_G361/A1
 sa0   --   U_G361/A2
 sa0   --   U_G513/A2
 sa1   DS   U_G361/A1
 sa1   DS   U_G361/A2
 sa1   DS   U_G355/ZN
 sa1   --   U_G355/A1
 sa1   --   U_G355/A2
 sa1   --   U_G83/A1
 sa0   DS   U_G355/A1
 sa0   DS   U_G355/A2
 sa1   DS   U_G356/ZN
 sa1   --   U_G356/A1
 sa1   --   U_G356/A2
 sa1   --   U_G83/A2
 sa0   DS   U_G356/A1
 sa0   DS   U_G356/A2
 sa1   DS   U_G513/ZN
 sa0   DS   U_G358/ZN
 sa0   --   U_G358/A1
 sa0   --   U_G358/A2
 sa0   --   U_G83/ZN
 sa0   --   U_G106/A1
 sa1   DI   U_G40/seq_SDFF_X10/nextstate
 sa0   DI   U_G40/seq_SDFF_X10/nextstate
 sa1   DI   U_G40/seq_SDFF_X10/CK
 sa0   DI   U_G40/seq_SDFF_X10/CK
 sa1   DI   U_G40/seq_SDFF_X10/IQ
 sa0   DI   U_G41/seq_SDFF_X10/IQ
 sa1   DS   U_G160/ZN
 sa0   --   U_G160/A
 sa1   --   U_G373/A2
 sa0   DS   U_G478/ZN
 sa1   --   U_G478/A
 sa0   --   U_G514/A3
 sa0   DS   U_G514/ZN
 sa1   --   U_G514/A2
 sa1   --   U_G514/A3
 sa1   --   U_G514/A1
 sa1   --   U_G373/ZN
 sa1   --   U_G478/ZN
 sa0   --   U_G478/A
 sa1   --   U_G372/ZN
 sa0   DS   U_G372/ZN
 sa0   --   U_G372/A2
 sa0   --   U_G372/A3
 sa0   --   U_G372/A1
 sa0   --   U_G514/A1
 sa1   DS   U_G372/A1
 sa1   DS   U_G372/A2
 sa1   DS   U_G372/A3
 sa1   DS   U_G373/A1
 sa1   DS   U_G514/ZN
 sa0   DS   U_G373/ZN
 sa0   --   U_G373/A1
 sa0   --   U_G373/A2
 sa0   --   U_G160/ZN
 sa1   --   U_G160/A
 sa0   --   U_G514/A2
 sa1   DI   U_G41/seq_SDFF_X10/nextstate
 sa0   DI   U_G41/seq_SDFF_X10/nextstate
 sa1   DI   U_G41/seq_SDFF_X10/CK
 sa0   DI   U_G41/seq_SDFF_X10/CK
 sa1   DI   U_G41/seq_SDFF_X10/IQ
 sa0   DI   U_G42/seq_SDFF_X10/IQ
 sa1   DS   U_G384/ZN
 sa1   --   U_G384/A1
 sa1   --   U_G384/A2
 sa1   --   U_G85/A1
 sa0   DS   U_G384/A1
 sa1   DS   U_G114/ZN
 sa1   --   U_G114/A1
 sa1   --   U_G114/A2
 sa1   --   U_G385/ZN
 sa1   --   U_G386/ZN
 sa1   --   U_G388/A2
 sa1   DS   U_G385/A1
 sa1   DS   U_G385/A2
 sa1   DS   U_G385/A3
 sa0   DS   U_G386/ZN
 sa0   --   U_G386/A1
 sa0   --   U_G386/A2
 sa0   --   U_G85/ZN
 sa0   --   U_G114/A2
 sa1   DS   U_G386/A1
 sa1   DS   U_G85/ZN
 sa0   --   U_G85/A2
 sa0   --   U_G85/A1
 sa0   --   U_G384/ZN
 sa1   --   U_G386/A2
 sa0   DS   U_G387/ZN
 sa0   --   U_G387/A1
 sa0   --   U_G387/A3
 sa0   --   U_G387/A2
 sa0   --   U_G515/A1
 sa0   DS   U_G515/ZN
 sa1   --   U_G515/A1
 sa1   --   U_G515/A2
 sa1   --   U_G387/ZN
 sa1   --   U_G388/ZN
 sa1   DS   U_G387/A1
 sa1   DS   U_G387/A2
 sa1   DS   U_G387/A3
 sa0   DS   U_G388/ZN
 sa0   --   U_G388/A1
 sa0   --   U_G388/A2
 sa0   --   U_G114/ZN
 sa0   --   U_G515/A2
 sa1   DS   U_G388/A1
 sa0   DS   U_G384/A2
 sa1   DS   U_G85/A2
 sa1   DS   U_G515/ZN
 sa0   DS   U_G385/ZN
 sa0   --   U_G385/A1
 sa0   --   U_G385/A2
 sa0   --   U_G385/A3
 sa0   --   U_G114/A1
 sa1   DI   U_G42/seq_SDFF_X10/nextstate
 sa0   DI   U_G42/seq_SDFF_X10/nextstate
 sa1   DI   U_G42/seq_SDFF_X10/CK
 sa0   DI   U_G42/seq_SDFF_X10/CK
 sa1   DI   U_G42/seq_SDFF_X10/IQ
 sa0   DI   U_G43/seq_SDFF_X10/IQ
 sa1   DS   U_G407/ZN
 sa1   --   U_G407/A1
 sa1   --   U_G407/A2
 sa1   --   U_G48/A1
 sa0   DS   U_G408/A1
 sa1   DS   U_G207/ZN
 sa0   --   U_G207/A
 sa1   --   U_G412/A2
 sa0   DS   U_G410/ZN
 sa0   --   U_G410/A1
 sa0   --   U_G410/A2
 sa0   --   U_G516/A1
 sa0   DS   U_G516/ZN
 sa1   --   U_G516/A1
 sa1   --   U_G516/A2
 sa1   --   U_G516/A3
 sa1   --   U_G410/ZN
 sa1   --   U_G411/ZN
 sa1   --   U_G412/ZN
 sa1   DS   U_G410/A1
 sa1   DS   U_G410/A2
 sa0   DS   U_G411/ZN
 sa0   --   U_G411/A2
 sa0   --   U_G411/A1
 sa0   --   U_G48/ZN
 sa0   --   U_G516/A2
 sa1   DS   U_G48/ZN
 sa0   --   U_G48/A3
 sa0   --   U_G48/A2
 sa0   --   U_G48/A1
 sa0   --   U_G409/ZN
 sa0   --   U_G408/ZN
 sa0   --   U_G407/ZN
 sa1   --   U_G411/A1
 sa1   DS   U_G411/A2
 sa1   DS   U_G412/A1
 sa0   DS   U_G407/A1
 sa0   DS   U_G407/A2
 sa1   DS   U_G408/ZN
 sa1   --   U_G408/A1
 sa1   --   U_G408/A2
 sa1   --   U_G48/A2
 sa0   DS   U_G408/A2
 sa1   DS   U_G409/ZN
 sa1   --   U_G409/A1
 sa1   --   U_G409/A2
 sa1   --   U_G48/A3
 sa0   DS   U_G409/A1
 sa0   DS   U_G409/A2
 sa1   DS   U_G516/ZN
 sa0   DS   U_G412/ZN
 sa0   --   U_G412/A1
 sa0   --   U_G412/A2
 sa0   --   U_G207/ZN
 sa1   --   U_G207/A
 sa0   --   U_G516/A3
 sa1   DI   U_G43/seq_SDFF_X10/nextstate
 sa0   DI   U_G43/seq_SDFF_X10/nextstate
 sa1   DI   U_G43/seq_SDFF_X10/CK
 sa0   DI   U_G43/seq_SDFF_X10/CK
 sa1   DI   U_G43/seq_SDFF_X10/IQ
 sa0   DI   U_G44/seq_SDFF_X10/IQ
 sa1   DS   U_G260/A2
 sa1   DS   U_G260/ZN
 sa0   --   U_G260/A1
 sa0   --   U_G260/A2
 sa0   --   U_G260/A3
 sa1   --   U_G51/A1
 sa1   DS   U_G260/A3
 sa0   DS   U_G517/ZN
 sa1   --   U_G517/A2
 sa1   --   U_G517/A1
 sa1   --   U_G429/ZN
 sa1   --   U_G428/ZN
 sa1   DS   U_G428/A1
 sa1   DS   U_G428/A2
 sa0   DS   U_G429/ZN
 sa0   --   U_G429/A2
 sa0   --   U_G429/A1
 sa0   --   U_G51/ZN
 sa0   --   U_G517/A2
 sa1   DS   U_G51/ZN
 sa0   --   U_G51/A1
 sa0   --   U_G51/A2
 sa0   --   U_G260/ZN
 sa1   --   U_G429/A1
 sa1   DS   U_G429/A2
 sa1   DS   U_G51/A2
 sa1   DS   U_G260/A1
 sa1   DS   U_G517/ZN
 sa0   DS   U_G428/ZN
 sa0   --   U_G428/A1
 sa0   --   U_G428/A2
 sa0   --   U_G517/A1
 sa1   DI   U_G44/seq_SDFF_X10/nextstate
 sa0   DI   U_G44/seq_SDFF_X10/nextstate
 sa1   DI   U_G44/seq_SDFF_X10/CK
 sa0   DI   U_G44/seq_SDFF_X10/CK
 sa1   DI   U_G44/seq_SDFF_X10/IQ
 sa0   DI   U_G45/seq_SDFF_X10/IQ
 sa1   DS   U_G246/A2
 sa1   DS   U_G450/ZN
 sa1   --   U_G450/A1
 sa1   --   U_G450/A2
 sa1   --   U_G518/A1
 sa0   DS   U_G450/A1
 sa0   DS   U_G450/A2
 sa1   DS   U_G246/ZN
 sa0   --   U_G246/A2
 sa0   --   U_G246/A1
 sa1   --   U_G518/A3
 sa1   DS   U_G246/A1
 sa0   DS   U_G518/ZN
 sa1   DS   U_G518/A2
 sa1   DS   U_G518/ZN
 sa0   --   U_G518/A1
 sa0   --   U_G518/A2
 sa0   --   U_G518/A3
 sa0   --   U_G450/ZN
 sa0   --   U_G246/ZN
 sa1   DI   U_G45/seq_SDFF_X10/nextstate
 sa0   DI   U_G45/seq_SDFF_X10/nextstate
 sa1   DI   U_G45/seq_SDFF_X10/CK
 sa0   DI   U_G45/seq_SDFF_X10/CK
 sa1   DI   U_G45/seq_SDFF_X10/IQ
 sa0   DI   U_G46/seq_SDFF_X10/IQ
 sa1   DS   U_G192/ZN
 sa0   --   U_G192/A
 sa1   --   U_G462/A1
 sa1   DS   U_G454/ZN
 sa1   --   U_G454/A2
 sa1   --   U_G454/A3
 sa1   --   U_G454/A1
 sa1   --   U_G481/ZN
 sa0   --   U_G481/A
 sa1   --   U_G148/A1
 sa0   DS   U_G457/ZN
 sa0   --   U_G457/A1
 sa0   --   U_G457/A3
 sa0   --   U_G457/A2
 sa0   --   U_G107/ZN
 sa0   --   U_G115/A1
 sa1   DS   U_G115/ZN
 sa1   --   U_G115/A2
 sa1   --   U_G115/A3
 sa1   --   U_G115/A1
 sa1   --   U_G458/ZN
 sa1   --   U_G459/ZN
 sa1   --   U_G457/ZN
 sa1   --   U_G460/A3
 sa1   DS   U_G457/A1
 sa1   DS   U_G107/ZN
 sa0   --   U_G107/A2
 sa0   --   U_G107/A1
 sa0   --   U_G456/ZN
 sa1   --   U_G457/A2
 sa0   DS   U_G458/ZN
 sa0   --   U_G458/A1
 sa0   --   U_G458/A2
 sa0   --   U_G115/A2
 sa1   DS   U_G458/A2
 sa0   DS   U_G459/ZN
 sa0   --   U_G459/A2
 sa0   --   U_G459/A1
 sa0   --   U_G115/A3
 sa1   DS   U_G459/A2
 sa0   DS   U_G460/ZN
 sa0   --   U_G460/A1
 sa0   --   U_G460/A2
 sa0   --   U_G460/A3
 sa0   --   U_G115/ZN
 sa0   --   U_G519/A1
 sa0   DS   U_G519/ZN
 sa1   --   U_G519/A2
 sa1   --   U_G519/A4
 sa1   --   U_G519/A3
 sa1   --   U_G519/A1
 sa1   --   U_G461/ZN
 sa1   --   U_G463/ZN
 sa1   --   U_G462/ZN
 sa1   --   U_G460/ZN
 sa1   DS   U_G460/A1
 sa1   DS   U_G460/A2
 sa0   DS   U_G461/ZN
 sa0   --   U_G461/A1
 sa0   --   U_G461/A2
 sa0   --   U_G519/A2
 sa1   DS   U_G461/A1
 sa1   DS   U_G461/A2
 sa1   DS   U_G462/A2
 sa0   DS   U_G463/ZN
 sa0   --   U_G463/A1
 sa0   --   U_G463/A2
 sa0   --   U_G148/ZN
 sa0   --   U_G519/A4
 sa1   DS   U_G463/A1
 sa1   DS   U_G148/ZN
 sa0   --   U_G148/A3
 sa0   --   U_G148/A2
 sa0   --   U_G148/A1
 sa0   --   U_G455/ZN
 sa0   --   U_G454/ZN
 sa1   --   U_G463/A2
 sa0   DS   U_G454/A2
 sa0   DS   U_G454/A3
 sa1   DS   U_G455/ZN
 sa1   --   U_G455/A2
 sa1   --   U_G455/A1
 sa1   --   U_G148/A2
 sa0   DS   U_G455/A1
 sa0   DS   U_G455/A2
 sa1   DS   U_G456/ZN
 sa1   --   U_G456/A1
 sa1   --   U_G456/A2
 sa1   --   U_G107/A1
 sa0   DS   U_G456/A1
 sa1   DS   U_G148/A3
 sa1   DS   U_G519/ZN
 sa0   DS   U_G462/ZN
 sa0   --   U_G462/A1
 sa0   --   U_G462/A2
 sa0   --   U_G192/ZN
 sa1   --   U_G192/A
 sa0   --   U_G519/A3
 sa1   DI   U_G46/seq_SDFF_X10/nextstate
 sa0   DI   U_G46/seq_SDFF_X10/nextstate
 sa1   DI   U_G46/seq_SDFF_X10/CK
 sa0   DI   U_G46/seq_SDFF_X10/CK
 sa1   DI   U_G46/seq_SDFF_X10/IQ
 sa0   DI   test_so
 sa1   DI   test_so
 sa1   DS   U_G334/ZN
 sa1   --   U_G334/A1
 sa1   --   U_G334/A2
 sa1   --   U_G82/A1
 sa1   DS   U_G109/A2
 sa0   DS   U_G347/ZN
 sa0   --   U_G347/A1
 sa0   --   U_G347/A2
 sa0   --   U_G108/A2
 sa0   DS   U_G363/ZN
 sa0   --   U_G363/A2
 sa0   --   U_G363/A1
 sa0   --   U_G126/A1
 sa1   DS   U_G349/A1
 sa0   DS   U_G362/ZN
 sa0   --   U_G362/A1
 sa0   --   U_G362/A2
 sa0   --   U_G269/A1
 sa1   DS   U_G362/A2
 sa1   DS   U_G363/A2
 sa1   DS   U_G109/ZN
 sa0   --   U_G109/A1
 sa0   --   U_G109/A2
 sa0   --   U_G269/ZN
 sa1   --   U_G364/A2
 sa0   DS   U_G269/A2
 sa1   DS   U_G82/ZN
 sa0   --   U_G82/A1
 sa0   --   U_G82/A2
 sa0   --   U_G334/ZN
 sa0   --   U_G335/ZN
 sa1   --   U_G346/A2
 sa0   DS   U_G348/ZN
 sa0   --   U_G348/A1
 sa0   --   U_G348/A3
 sa0   --   U_G348/A2
 sa0   --   U_G137/A1
 sa1   DS   U_G348/A2
 sa1   DS   U_G126/ZN
 sa1   --   U_G126/A1
 sa1   --   U_G126/A2
 sa1   --   U_G363/ZN
 sa1   --   U_G364/ZN
 sa1   --   U_G367/A1
 sa1   DS   U_G363/A1
 sa1   DS   U_G364/A1
 sa0   DS   U_G334/A2
 sa1   DS   U_G335/ZN
 sa1   --   U_G335/A1
 sa1   --   U_G335/A2
 sa1   --   U_G82/A2
 sa0   DS   U_G335/A1
 sa1   DS   U_G125/ZN
 sa0   --   U_G125/A
 sa1   --   U_G366/A1
 sa0   DS   U_G346/ZN
 sa0   --   U_G346/A1
 sa0   --   U_G346/A2
 sa0   --   U_G82/ZN
 sa0   --   U_G108/A1
 sa1   DS   U_G108/ZN
 sa1   --   U_G108/A1
 sa1   --   U_G108/A2
 sa1   --   U_G346/ZN
 sa1   --   U_G347/ZN
 sa1   --   U_G349/A2
 sa1   DS   U_G347/A1
 sa1   DS   U_G137/ZN
 sa1   --   U_G137/A1
 sa1   --   U_G137/A2
 sa1   --   U_G348/ZN
 sa1   --   U_G349/ZN
 sa1   --   U_G365/A2
 sa1   DS   U_G348/A3
 sa0   DS   U_G349/ZN
 sa0   --   U_G349/A1
 sa0   --   U_G349/A2
 sa0   --   U_G108/ZN
 sa0   --   U_G137/A2
 sa1   DS   U_G269/ZN
 sa1   --   U_G269/A2
 sa1   --   U_G269/A1
 sa1   --   U_G362/ZN
 sa1   --   U_G109/A1
 sa1   DS   U_G362/A1
 sa0   DS   U_G364/ZN
 sa0   --   U_G364/A1
 sa0   --   U_G364/A2
 sa0   --   U_G109/ZN
 sa0   --   U_G126/A2
 sa0   DS   U_G365/ZN
 sa0   --   U_G365/A3
 sa0   --   U_G365/A2
 sa0   --   U_G365/A1
 sa0   --   U_G137/ZN
 sa0   --   U_G552/A1
 sa1   DS   G552
 sa1   --   U_G552/ZN
 sa1   --   U_G552/A2
 sa1   --   U_G552/A3
 sa1   --   U_G552/A1
 sa1   --   U_G366/ZN
 sa1   --   U_G367/ZN
 sa1   --   U_G365/ZN
 sa1   DS   U_G365/A1
 sa1   DS   U_G365/A3
 sa1   DS   U_G366/A2
 sa0   DS   U_G367/ZN
 sa0   --   U_G367/A2
 sa0   --   U_G367/A1
 sa0   --   U_G126/ZN
 sa0   --   U_G552/A3
 sa1   DS   U_G367/A2
 sa0   DS   G552
 sa0   --   U_G552/ZN
 sa0   DS   U_G366/ZN
 sa0   --   U_G366/A1
 sa0   --   U_G366/A2
 sa0   --   U_G125/ZN
 sa1   --   U_G125/A
 sa0   --   U_G552/A2
 sa1   DS   U_G444/A1
 sa1   DS   U_G445/A2
 sa1   DS   U_G264/A2
 sa1   DS   U_G231/ZN
 sa0   --   U_G231/A
 sa1   --   U_G434/A3
 sa1   DS   U_G133/ZN
 sa1   --   U_G133/A1
 sa1   --   U_G133/A2
 sa1   --   U_G434/ZN
 sa1   --   U_G435/ZN
 sa1   --   U_G438/A3
 sa1   DS   U_G434/A1
 sa1   DS   U_G439/A1
 sa1   DS   U_G440/A2
 sa0   DS   U_G444/ZN
 sa0   --   U_G444/A1
 sa0   --   U_G444/A2
 sa0   --   U_G444/A3
 sa0   --   U_G79/A1
 sa1   DS   U_G444/A2
 sa1   DS   U_G264/ZN
 sa0   --   U_G264/A1
 sa0   --   U_G264/A2
 sa1   --   U_G53/A1
 sa0   DS   U_G434/ZN
 sa0   --   U_G434/A1
 sa0   --   U_G434/A2
 sa0   --   U_G434/A3
 sa0   --   U_G231/ZN
 sa1   --   U_G231/A
 sa0   --   U_G133/A1
 sa0   DS   U_G440/ZN
 sa0   --   U_G440/A1
 sa0   --   U_G440/A2
 sa0   --   U_G47/A1
 sa1   DS   U_G47/ZN
 sa1   --   U_G47/A1
 sa1   --   U_G47/A2
 sa1   --   U_G440/ZN
 sa1   --   U_G441/ZN
 sa1   --   U_G443/A1
 sa1   DS   U_G440/A1
 sa1   DS   U_G444/A3
 sa1   DS   U_G53/ZN
 sa0   --   U_G53/A1
 sa0   --   U_G53/A2
 sa0   --   U_G264/ZN
 sa1   --   U_G445/A1
 sa1   DS   U_G264/A1
 sa0   DS   U_G435/ZN
 sa0   --   U_G435/A1
 sa0   --   U_G435/A2
 sa0   --   U_G133/A2
 sa0   DS   U_G438/ZN
 sa0   --   U_G438/A1
 sa0   --   U_G438/A2
 sa0   --   U_G438/A3
 sa0   --   U_G133/ZN
 sa0   --   U_G121/A1
 sa1   DS   U_G439/A2
 sa1   DS   U_G442/A1
 sa0   DS   U_G447/ZN
 sa0   --   U_G447/A1
 sa0   --   U_G447/A2
 sa0   --   U_G88/A2
 sa1   DS   U_G121/ZN
 sa1   --   U_G121/A1
 sa1   --   U_G121/A2
 sa1   --   U_G438/ZN
 sa1   --   U_G439/ZN
 sa1   --   U_G442/A2
 sa1   DS   U_G438/A1
 sa1   DS   U_G438/A2
 sa0   DS   U_G439/ZN
 sa0   --   U_G439/A1
 sa0   --   U_G439/A2
 sa0   --   U_G121/A2
 sa0   DS   U_G441/ZN
 sa0   --   U_G441/A1
 sa0   --   U_G441/A2
 sa0   --   U_G47/A2
 sa0   DS   U_G442/ZN
 sa0   --   U_G442/A1
 sa0   --   U_G442/A2
 sa0   --   U_G121/ZN
 sa0   --   U_G139/A1
 sa1   DS   U_G139/ZN
 sa1   --   U_G139/A1
 sa1   --   U_G139/A2
 sa1   --   U_G442/ZN
 sa1   --   U_G443/ZN
 sa1   --   U_G448/A1
 sa0   DS   U_G443/ZN
 sa0   --   U_G443/A2
 sa0   --   U_G443/A1
 sa0   --   U_G47/ZN
 sa0   --   U_G139/A2
 sa1   DS   U_G443/A2
 sa1   DS   U_G79/ZN
 sa1   --   U_G79/A2
 sa1   --   U_G79/A1
 sa1   --   U_G445/ZN
 sa1   --   U_G444/ZN
 sa1   --   U_G446/A2
 sa0   DS   U_G445/ZN
 sa0   --   U_G445/A2
 sa0   --   U_G445/A1
 sa0   --   U_G53/ZN
 sa0   --   U_G79/A2
 sa0   DS   U_G446/ZN
 sa0   --   U_G446/A1
 sa0   --   U_G446/A2
 sa0   --   U_G79/ZN
 sa0   --   U_G88/A1
 sa1   DS   U_G88/ZN
 sa1   --   U_G88/A1
 sa1   --   U_G88/A2
 sa1   --   U_G446/ZN
 sa1   --   U_G447/ZN
 sa1   --   U_G449/A1
 sa1   DS   U_G447/A2
 sa0   DS   U_G448/ZN
 sa0   --   U_G448/A2
 sa0   --   U_G448/A1
 sa0   --   U_G139/ZN
 sa0   --   U_G537/A1
 sa1   DS   G537
 sa1   --   U_G537/ZN
 sa1   --   U_G537/A2
 sa1   --   U_G537/A1
 sa1   --   U_G449/ZN
 sa1   --   U_G448/ZN
 sa0   DS   U_G449/ZN
 sa0   --   U_G449/A2
 sa0   --   U_G449/A1
 sa0   --   U_G88/ZN
 sa0   --   U_G537/A2
 sa1   DS   U_G449/A2
 sa0   DS   G537
 sa0   --   U_G537/ZN
 sa1   DS   U_G53/A2
 sa0   DS   U_G497/ZN
 sa1   --   U_G497/A
 sa0   --   U_G298/A2
 sa0   DS   U_G298/A1
 sa0   DS   U_G327/ZN
 sa0   --   U_G327/A1
 sa0   --   U_G327/A2
 sa0   --   U_G327/A3
 sa0   --   U_G551/A1
 sa0   DS   U_G294/A2
 sa0   DS   U_G294/A3
 sa0   DS   U_G295/A2
 sa1   DS   U_G102/A3
 sa0   DS   U_G303/ZN
 sa0   --   U_G303/A1
 sa0   --   U_G303/A2
 sa0   --   U_G120/ZN
 sa0   --   U_G150/A1
 sa1   DS   U_G327/A2
 sa1   DS   U_G294/ZN
 sa1   --   U_G294/A1
 sa1   --   U_G294/A2
 sa1   --   U_G294/A3
 sa1   --   U_G120/A1
 sa1   DS   U_G295/ZN
 sa1   --   U_G295/A1
 sa1   --   U_G295/A2
 sa1   --   U_G120/A2
 sa0   DS   U_G314/A1
 sa1   DS   U_G52/A3
 sa0   DS   U_G475/ZN
 sa1   --   U_G475/A
 sa0   --   U_G313/A2
 sa1   DS   U_G313/ZN
 sa1   --   U_G313/A1
 sa1   --   U_G313/A2
 sa1   --   U_G475/ZN
 sa0   --   U_G475/A
 sa1   --   U_G96/A1
 sa1   DS   U_G298/ZN
 sa1   --   U_G298/A1
 sa1   --   U_G298/A2
 sa1   --   U_G497/ZN
 sa0   --   U_G497/A
 sa1   --   U_G52/A1
 sa1   DS   U_G150/ZN
 sa1   --   U_G150/A1
 sa1   --   U_G150/A2
 sa1   --   U_G303/ZN
 sa1   --   U_G304/ZN
 sa1   --   U_G329/A1
 sa1   DS   U_G120/ZN
 sa0   --   U_G120/A1
 sa0   --   U_G120/A2
 sa0   --   U_G294/ZN
 sa0   --   U_G295/ZN
 sa1   --   U_G303/A2
 sa0   DS   U_G304/ZN
 sa0   --   U_G304/A2
 sa0   --   U_G304/A1
 sa0   --   U_G52/ZN
 sa0   --   U_G150/A2
 sa1   DS   U_G52/ZN
 sa0   --   U_G52/A2
 sa0   --   U_G52/A3
 sa0   --   U_G52/A1
 sa0   --   U_G299/ZN
 sa0   --   U_G298/ZN
 sa1   --   U_G304/A1
 sa1   DS   U_G304/A2
 sa1   DS   G551
 sa1   --   U_G551/ZN
 sa1   --   U_G551/A1
 sa1   --   U_G551/A2
 sa1   --   U_G551/A3
 sa1   --   U_G327/ZN
 sa1   --   U_G328/ZN
 sa1   --   U_G329/ZN
 sa1   DS   U_G327/A1
 sa1   DS   U_G327/A3
 sa0   DS   U_G328/ZN
 sa0   --   U_G328/A1
 sa0   --   U_G328/A3
 sa0   --   U_G328/A2
 sa0   --   U_G102/ZN
 sa0   --   U_G551/A2
 sa1   DS   U_G328/A1
 sa1   DS   U_G102/ZN
 sa0   --   U_G102/A1
 sa0   --   U_G102/A2
 sa0   --   U_G102/A3
 sa0   --   U_G320/ZN
 sa0   --   U_G266/ZN
 sa1   --   U_G328/A2
 sa1   DS   U_G328/A3
 sa0   DS   U_G329/ZN
 sa0   --   U_G329/A2
 sa0   --   U_G329/A1
 sa0   --   U_G150/ZN
 sa0   --   U_G551/A3
 sa1   DS   U_G329/A2
 sa0   DS   U_G294/A1
 sa0   DS   U_G295/A1
 sa1   DS   U_G299/ZN
 sa1   --   U_G299/A2
 sa1   --   U_G299/A1
 sa1   --   U_G52/A2
 sa0   DS   U_G299/A2
 sa1   DS   U_G96/ZN
 sa0   --   U_G96/A1
 sa0   --   U_G96/A2
 sa0   --   U_G313/ZN
 sa0   --   U_G314/ZN
 sa1   --   U_G266/A2
 sa0   DS   U_G313/A1
 sa1   DS   U_G314/ZN
 sa1   --   U_G314/A1
 sa1   --   U_G314/A2
 sa1   --   U_G96/A2
 sa0   DS   U_G314/A2
 sa1   DS   U_G320/ZN
 sa1   --   U_G320/A1
 sa1   --   U_G320/A2
 sa1   --   U_G102/A1
 sa0   DS   U_G320/A1
 sa0   DS   U_G320/A2
 sa0   DS   G551
 sa0   --   U_G551/ZN
 sa1   DS   U_G266/ZN
 sa0   --   U_G266/A1
 sa0   --   U_G266/A2
 sa0   --   U_G96/ZN
 sa1   --   U_G102/A2
 sa1   DS   U_G266/A1
 sa0   DS   G0
 sa1   DS   G0
 sa0   DS   G1
 sa1   DS   G1
 sa0   DS   G2
 sa1   DS   G2
 sa0   DS   G3
 sa1   DS   G3
 sa0   DS   G4
 sa1   DS   G4
 sa0   DS   G5
 sa1   DS   G5
 sa0   DS   G6
 sa1   DS   G6
 sa0   DS   G7
 sa1   DS   G7
 sa0   DS   G8
 sa1   DS   G8
 sa0   DS   G9
 sa1   DS   G9
 sa0   DS   G10
 sa1   DS   G10
 sa0   DS   G11
 sa1   DS   G11
 sa0   DS   G12
 sa1   DS   G12
 sa0   DS   G13
 sa1   DS   G13
 sa0   DS   U_G50/ZN
 sa1   --   U_G50/A
 sa1   DS   U_G50/ZN
 sa0   --   U_G50/A
 sa0   DS   U_G55/ZN
 sa1   --   U_G55/A
 sa1   DS   U_G55/ZN
 sa0   --   U_G55/A
 sa0   DS   U_G59/ZN
 sa1   --   U_G59/A
 sa1   DS   U_G59/ZN
 sa0   --   U_G59/A
 sa0   DS   U_G64/ZN
 sa1   --   U_G64/A
 sa1   DS   U_G64/ZN
 sa0   --   U_G64/A
 sa0   DS   U_G431/ZN
 sa0   --   U_G431/A1
 sa0   --   U_G431/A2
 sa0   --   U_G67/ZN
 sa1   --   U_G67/A
 sa0   --   U_G91/A2
 sa1   DS   U_G426/A1
 sa0   DS   U_G425/ZN
 sa0   --   U_G425/A2
 sa0   --   U_G425/A1
 sa0   --   U_G95/A2
 sa1   DS   U_G426/A3
 sa1   DS   U_G424/A2
 sa1   DS   U_G424/A3
 sa1   DS   U_G427/A1
 sa1   DS   U_G427/A3
 sa1   DS   U_G430/A1
 sa1   DS   U_G431/A1
 sa1   DS   U_G67/ZN
 sa0   --   U_G67/A
 sa1   --   U_G431/A2
 sa0   DS   U_G424/ZN
 sa0   --   U_G424/A1
 sa0   --   U_G424/A2
 sa0   --   U_G424/A3
 sa0   --   U_G95/A1
 sa1   DS   U_G95/ZN
 sa1   --   U_G95/A2
 sa1   --   U_G95/A1
 sa1   --   U_G425/ZN
 sa1   --   U_G424/ZN
 sa1   --   U_G427/A2
 sa1   DS   U_G425/A1
 sa1   DS   U_G425/A2
 sa0   DS   U_G426/ZN
 sa0   --   U_G426/A1
 sa0   --   U_G426/A2
 sa0   --   U_G426/A3
 sa0   --   U_G145/A1
 sa1   DS   U_G145/ZN
 sa1   --   U_G145/A2
 sa1   --   U_G145/A1
 sa1   --   U_G427/ZN
 sa1   --   U_G426/ZN
 sa1   --   U_G432/A1
 sa1   DS   U_G426/A2
 sa0   DS   U_G427/ZN
 sa0   --   U_G427/A1
 sa0   --   U_G427/A3
 sa0   --   U_G427/A2
 sa0   --   U_G95/ZN
 sa0   --   U_G145/A2
 sa0   DS   U_G430/ZN
 sa0   --   U_G430/A1
 sa0   --   U_G430/A2
 sa0   --   U_G91/A1
 sa1   DS   U_G91/ZN
 sa1   --   U_G91/A2
 sa1   --   U_G91/A1
 sa1   --   U_G431/ZN
 sa1   --   U_G430/ZN
 sa1   --   U_G433/A1
 sa1   DS   U_G430/A2
 sa0   DS   U_G432/ZN
 sa0   --   U_G432/A2
 sa0   --   U_G432/A1
 sa0   --   U_G145/ZN
 sa0   --   U_G535/A1
 sa1   DS   G535
 sa1   --   U_G535/ZN
 sa1   --   U_G535/A2
 sa1   --   U_G535/A1
 sa1   --   U_G433/ZN
 sa1   --   U_G432/ZN
 sa0   DS   U_G433/ZN
 sa0   --   U_G433/A2
 sa0   --   U_G433/A1
 sa0   --   U_G91/ZN
 sa0   --   U_G535/A2
 sa1   DS   U_G433/A2
 sa0   DS   G535
 sa0   --   U_G535/ZN
 sa0   DS   U_G417/ZN
 sa0   --   U_G417/A1
 sa0   --   U_G417/A3
 sa0   --   U_G417/A2
 sa0   --   U_G70/ZN
 sa1   --   U_G70/A
 sa0   --   U_G128/A3
 sa1   DS   U_G405/A2
 sa1   DS   U_G406/A2
 sa1   DS   U_G413/A3
 sa1   DS   U_G406/A1
 sa0   DS   U_G413/ZN
 sa0   --   U_G413/A1
 sa0   --   U_G413/A2
 sa0   --   U_G413/A3
 sa0   --   U_G60/A1
 sa0   DS   U_G403/ZN
 sa0   --   U_G403/A1
 sa0   --   U_G403/A2
 sa0   --   U_G142/A1
 sa0   DS   U_G419/A2
 sa0   DS   U_G420/A1
 sa0   DS   U_G421/A1
 sa0   DS   U_G404/ZN
 sa0   --   U_G404/A1
 sa0   --   U_G404/A2
 sa0   --   U_G142/A2
 sa1   DS   U_G404/A2
 sa0   DS   U_G405/ZN
 sa0   --   U_G405/A1
 sa0   --   U_G405/A2
 sa0   --   U_G405/A3
 sa0   --   U_G61/A1
 sa1   DS   U_G61/ZN
 sa1   --   U_G61/A2
 sa1   --   U_G61/A1
 sa1   --   U_G406/ZN
 sa1   --   U_G405/ZN
 sa1   --   U_G416/A1
 sa0   DS   U_G406/ZN
 sa0   --   U_G406/A1
 sa0   --   U_G406/A2
 sa0   --   U_G61/A2
 sa0   DS   U_G415/ZN
 sa0   --   U_G415/A1
 sa0   --   U_G415/A4
 sa0   --   U_G415/A3
 sa0   --   U_G415/A2
 sa0   --   U_G142/ZN
 sa0   --   U_G128/A1
 sa1   DS   U_G415/A4
 sa0   DS   U_G416/ZN
 sa0   --   U_G416/A2
 sa0   --   U_G416/A3
 sa0   --   U_G416/A1
 sa0   --   U_G61/ZN
 sa0   --   U_G128/A2
 sa1   DS   U_G423/A1
 sa0   DS   U_G419/A1
 sa0   DS   U_G421/A2
 sa0   DS   U_G421/A3
 sa1   DS   U_G256/A1
 sa1   DS   U_G70/ZN
 sa0   --   U_G70/A
 sa1   --   U_G417/A3
 sa1   DS   U_G142/ZN
 sa1   --   U_G142/A1
 sa1   --   U_G142/A2
 sa1   --   U_G403/ZN
 sa1   --   U_G404/ZN
 sa1   --   U_G415/A3
 sa1   DS   U_G403/A2
 sa1   DS   U_G60/ZN
 sa1   --   U_G60/A2
 sa1   --   U_G60/A1
 sa1   --   U_G414/ZN
 sa1   --   U_G413/ZN
 sa1   --   U_G418/A2
 sa0   DS   U_G414/ZN
 sa0   --   U_G414/A1
 sa0   --   U_G414/A2
 sa0   --   U_G60/A2
 sa1   DS   U_G414/A1
 sa1   DS   U_G128/ZN
 sa1   --   U_G128/A3
 sa1   --   U_G128/A4
 sa1   --   U_G128/A1
 sa1   --   U_G128/A2
 sa1   --   U_G417/ZN
 sa1   --   U_G418/ZN
 sa1   --   U_G415/ZN
 sa1   --   U_G416/ZN
 sa1   --   U_G423/A2
 sa1   DS   U_G415/A2
 sa1   DS   U_G416/A2
 sa1   DS   U_G417/A1
 sa1   DS   U_G417/A2
 sa0   DS   U_G418/ZN
 sa0   --   U_G418/A1
 sa0   --   U_G418/A3
 sa0   --   U_G418/A2
 sa0   --   U_G60/ZN
 sa0   --   U_G128/A4
 sa1   DS   U_G418/A3
 sa0   DS   U_G422/ZN
 sa0   --   U_G422/A1
 sa0   --   U_G422/A3
 sa0   --   U_G422/A2
 sa0   --   U_G80/ZN
 sa0   --   U_G532/A1
 sa1   DS   G532
 sa1   --   U_G532/ZN
 sa1   --   U_G532/A2
 sa1   --   U_G532/A1
 sa1   --   U_G423/ZN
 sa1   --   U_G422/ZN
 sa1   DS   U_G422/A1
 sa1   DS   U_G80/ZN
 sa0   --   U_G80/A2
 sa0   --   U_G80/A3
 sa0   --   U_G80/A1
 sa0   --   U_G256/ZN
 sa0   --   U_G421/ZN
 sa1   --   U_G422/A2
 sa1   DS   U_G422/A3
 sa0   DS   U_G423/ZN
 sa0   --   U_G423/A1
 sa0   --   U_G423/A2
 sa0   --   U_G128/ZN
 sa0   --   U_G532/A2
 sa1   DS   U_G69/ZN
 sa0   --   U_G69/A1
 sa0   --   U_G69/A2
 sa0   --   U_G69/A3
 sa0   --   U_G419/ZN
 sa0   --   U_G420/ZN
 sa1   --   U_G256/A2
 sa1   DS   U_G419/ZN
 sa1   --   U_G419/A1
 sa1   --   U_G419/A2
 sa1   --   U_G69/A1
 sa1   DS   U_G420/ZN
 sa1   --   U_G420/A1
 sa1   --   U_G420/A2
 sa1   --   U_G69/A2
 sa0   DS   U_G420/A2
 sa1   DS   U_G421/ZN
 sa1   --   U_G421/A1
 sa1   --   U_G421/A2
 sa1   --   U_G421/A3
 sa1   --   U_G80/A1
 sa0   DS   G532
 sa0   --   U_G532/ZN
 sa1   DS   U_G256/ZN
 sa0   --   U_G256/A1
 sa0   --   U_G256/A2
 sa0   --   U_G69/ZN
 sa1   --   U_G80/A3
 sa1   DS   U_G69/A3
 sa1   DS   U_G80/A2
 sa0   DS   U_G72/ZN
 sa1   --   U_G72/A
 sa1   DS   U_G72/ZN
 sa0   --   U_G72/A
 sa0   DS   U_G75/ZN
 sa1   --   U_G75/A
 sa1   DS   U_G75/ZN
 sa0   --   U_G75/A
 sa0   DS   U_G78/ZN
 sa1   --   U_G78/A
 sa1   DS   U_G78/ZN
 sa0   --   U_G78/A
 sa0   DS   U_G87/ZN
 sa1   --   U_G87/A
 sa1   DS   U_G87/ZN
 sa0   --   U_G87/A
 sa0   DS   U_G90/ZN
 sa1   --   U_G90/A
 sa1   DS   U_G90/ZN
 sa0   --   U_G90/A
 sa0   DS   U_G397/ZN
 sa0   --   U_G397/A2
 sa0   --   U_G397/A3
 sa0   --   U_G397/A1
 sa0   --   U_G98/ZN
 sa1   --   U_G98/A
 sa0   --   U_G549/A2
 sa1   DS   U_G332/ZN
 sa1   --   U_G332/A1
 sa1   --   U_G332/A2
 sa1   --   U_G278/A1
 sa1   DS   U_G98/ZN
 sa0   --   U_G98/A
 sa1   --   U_G397/A2
 sa1   DS   U_G278/A3
 sa1   DS   U_G397/A1
 sa1   DS   U_G333/ZN
 sa1   --   U_G333/A1
 sa1   --   U_G333/A2
 sa1   --   U_G278/A2
 sa1   DS   U_G262/ZN
 sa0   --   U_G262/A1
 sa0   --   U_G262/A2
 sa0   --   U_G278/ZN
 sa1   --   U_G94/A3
 sa1   DS   U_G261/ZN
 sa1   --   U_G261/A2
 sa1   --   U_G261/A1
 sa1   --   U_G283/ZN
 sa1   --   U_G94/A1
 sa1   DS   U_G283/A1
 sa1   DS   U_G283/A2
 sa1   DS   U_G396/A1
 sa0   DS   U_G398/ZN
 sa0   --   U_G398/A2
 sa0   --   U_G398/A3
 sa0   --   U_G398/A1
 sa0   --   U_G94/ZN
 sa0   --   U_G549/A3
 sa1   DS   U_G94/A2
 sa0   DS   U_G283/ZN
 sa0   --   U_G283/A1
 sa0   --   U_G283/A2
 sa0   --   U_G261/A1
 sa0   DS   U_G396/ZN
 sa0   --   U_G396/A2
 sa0   --   U_G396/A3
 sa0   --   U_G396/A1
 sa0   --   U_G549/A1
 sa1   DS   G549
 sa1   --   U_G549/ZN
 sa1   --   U_G549/A4
 sa1   --   U_G549/A2
 sa1   --   U_G549/A1
 sa1   --   U_G549/A3
 sa1   --   U_G397/ZN
 sa1   --   U_G396/ZN
 sa1   --   U_G398/ZN
 sa1   DS   U_G396/A2
 sa1   DS   U_G396/A3
 sa1   DS   U_G397/A3
 sa1   DS   U_G94/ZN
 sa0   --   U_G94/A1
 sa0   --   U_G94/A2
 sa0   --   U_G94/A3
 sa0   --   U_G261/ZN
 sa0   --   U_G262/ZN
 sa1   --   U_G398/A1
 sa1   DS   U_G398/A2
 sa1   DS   U_G398/A3
 sa0   DS   U_G261/A2
 sa1   DS   U_G278/ZN
 sa0   --   U_G278/A2
 sa0   --   U_G278/A3
 sa0   --   U_G278/A1
 sa0   --   U_G333/ZN
 sa0   --   U_G332/ZN
 sa1   --   U_G262/A2
 sa0   DS   U_G332/A2
 sa0   DS   G549
 sa0   --   U_G549/ZN
 sa0   DS   U_G549/A4
 sa1   DS   U_G262/A1
 sa1   DS   U_G263/ZN
 sa0   --   U_G263/A1
 sa0   --   U_G263/A2
 sa0   --   U_G99/ZN
 sa1   --   U_G99/A
 sa1   --   U_G138/A2
 sa1   DS   U_G290/A1
 sa0   DS   U_G289/ZN
 sa0   --   U_G289/A1
 sa0   --   U_G289/A3
 sa0   --   U_G289/A2
 sa0   --   U_G119/ZN
 sa0   --   U_G550/A1
 sa1   DS   U_G290/A2
 sa1   DS   U_G284/ZN
 sa1   --   U_G284/A1
 sa1   --   U_G284/A2
 sa1   --   U_G284/A3
 sa1   --   U_G119/A1
 sa1   DS   U_G285/ZN
 sa1   --   U_G285/A1
 sa1   --   U_G285/A2
 sa1   --   U_G119/A2
 sa1   DS   U_G99/ZN
 sa0   --   U_G99/A
 sa1   --   U_G263/A2
 sa1   DS   G550
 sa1   --   U_G550/ZN
 sa1   --   U_G550/A4
 sa1   --   U_G550/A2
 sa1   --   U_G550/A3
 sa1   --   U_G550/A1
 sa1   --   U_G290/ZN
 sa1   --   U_G291/ZN
 sa1   --   U_G289/ZN
 sa1   DS   U_G289/A1
 sa1   DS   U_G119/ZN
 sa0   --   U_G119/A1
 sa0   --   U_G119/A2
 sa0   --   U_G284/ZN
 sa0   --   U_G285/ZN
 sa1   --   U_G289/A2
 sa1   DS   U_G289/A3
 sa0   DS   U_G290/ZN
 sa0   --   U_G290/A2
 sa0   --   U_G290/A3
 sa0   --   U_G290/A1
 sa0   --   U_G550/A2
 sa1   DS   U_G290/A3
 sa0   DS   U_G291/ZN
 sa0   --   U_G291/A2
 sa0   --   U_G291/A1
 sa0   --   U_G138/ZN
 sa0   --   U_G550/A3
 sa1   DS   U_G138/ZN
 sa0   --   U_G138/A2
 sa0   --   U_G138/A1
 sa0   --   U_G263/ZN
 sa0   --   U_G465/ZN
 sa1   --   U_G291/A1
 sa1   DS   U_G291/A2
 sa0   DS   U_G284/A1
 sa0   DS   U_G284/A2
 sa0   DS   U_G284/A3
 sa0   DS   U_G285/A1
 sa0   DS   U_G285/A2
 sa1   DS   U_G465/ZN
 sa1   --   U_G465/A1
 sa1   --   U_G465/A2
 sa1   --   U_G138/A1
 sa0   DS   U_G465/A1
 sa0   DS   U_G465/A2
 sa0   DS   G550
 sa0   --   U_G550/ZN
 sa0   DS   U_G550/A4
 sa1   DS   U_G263/A1
 sa0   DS   U_G123/ZN
 sa1   --   U_G123/A
 sa1   DS   U_G123/ZN
 sa0   --   U_G123/A
 sa0   DS   U_G392/ZN
 sa0   --   U_G392/A1
 sa0   --   U_G392/A2
 sa0   --   U_G132/ZN
 sa1   --   U_G132/A
 sa0   --   U_G548/A1
 sa1   DS   U_G132/ZN
 sa0   --   U_G132/A
 sa1   --   U_G392/A1
 sa1   DS   G548
 sa1   --   U_G548/ZN
 sa1   --   U_G548/A2
 sa1   --   U_G548/A1
 sa1   --   U_G393/ZN
 sa1   --   U_G392/ZN
 sa1   DS   U_G392/A2
 sa0   DS   U_G393/ZN
 sa0   --   U_G393/A2
 sa0   --   U_G393/A1
 sa0   --   U_G127/ZN
 sa0   --   U_G548/A2
 sa1   DS   U_G127/ZN
 sa0   --   U_G127/A1
 sa0   --   U_G127/A2
 sa0   --   U_G391/ZN
 sa0   --   U_G268/ZN
 sa1   --   U_G393/A1
 sa1   DS   U_G393/A2
 sa1   DS   U_G113/ZN
 sa0   --   U_G113/A1
 sa0   --   U_G113/A2
 sa0   --   U_G389/ZN
 sa0   --   U_G390/ZN
 sa1   --   U_G268/A2
 sa1   DS   U_G389/ZN
 sa1   --   U_G389/A1
 sa1   --   U_G389/A2
 sa1   --   U_G113/A1
 sa0   DS   U_G389/A1
 sa0   DS   U_G389/A2
 sa1   DS   U_G390/ZN
 sa1   --   U_G390/A1
 sa1   --   U_G390/A2
 sa1   --   U_G113/A2
 sa0   DS   U_G390/A1
 sa0   DS   U_G390/A2
 sa1   DS   U_G391/ZN
 sa1   --   U_G391/A1
 sa1   --   U_G391/A2
 sa1   --   U_G127/A1
 sa0   DS   U_G391/A1
 sa0   DS   U_G391/A2
 sa0   DS   G548
 sa0   --   U_G548/ZN
 sa1   DS   U_G268/ZN
 sa0   --   U_G268/A1
 sa0   --   U_G268/A2
 sa0   --   U_G113/ZN
 sa1   --   U_G127/A2
 sa1   DS   U_G268/A1
 sa0   DS   U_G135/ZN
 sa1   --   U_G135/A
 sa1   DS   U_G135/ZN
 sa0   --   U_G135/A
 sa0   DS   U_G477/ZN
 sa1   --   U_G477/A
 sa1   --   U_G276/ZN
 sa0   --   U_G276/A1
 sa0   --   U_G276/A2
 sa0   --   U_G276/A3
 sa0   --   U_G140/ZN
 sa1   --   U_G140/A
 sa1   DS   U_G140/ZN
 sa0   --   U_G140/A
 sa1   --   U_G276/A3
 sa1   DS   U_G477/ZN
 sa0   --   U_G477/A
 sa0   --   U_G276/ZN
 sa1   DS   U_G276/A1
 sa1   DS   U_G276/A2
 sa1   DS   U_G167/ZN
 sa0   --   U_G167/A
 sa0   DS   U_G167/ZN
 sa1   --   U_G167/A
 sa1   DS   U_G146/ZN
 sa1   --   U_G146/A2
 sa1   --   U_G146/A1
 sa1   --   U_G170/ZN
 sa0   --   U_G170/A
 sa1   --   U_G336/ZN
 sa1   DS   U_G336/A2
 sa0   DS   U_G170/ZN
 sa1   --   U_G170/A
 sa0   --   U_G146/A2
 sa0   DS   U_G336/ZN
 sa0   --   U_G336/A1
 sa0   --   U_G336/A2
 sa0   --   U_G146/A1
 sa0   DS   U_G146/ZN
 sa0   DS   U_G199/ZN
 sa1   --   U_G199/A
 sa1   DS   U_G199/ZN
 sa0   --   U_G199/A
 sa0   DS   U_G544/ZN
 sa0   DS   U_G339/ZN
 sa0   --   U_G339/A1
 sa0   --   U_G339/A2
 sa0   --   U_G339/A3
 sa0   --   U_G73/A1
 sa1   DS   U_G343/A1
 sa1   DS   U_G339/A1
 sa1   DS   U_G339/A2
 sa1   DS   U_G340/A1
 sa1   DS   U_G343/A2
 sa1   DS   U_G339/A3
 sa1   DS   U_G344/A3
 sa1   DS   U_G203/ZN
 sa0   --   U_G203/A
 sa1   --   U_G338/A2
 sa0   DS   U_G337/ZN
 sa0   --   U_G337/A2
 sa0   --   U_G337/A1
 sa0   --   U_G118/A1
 sa1   DS   U_G337/A1
 sa0   DS   U_G341/ZN
 sa0   --   U_G341/A1
 sa0   --   U_G341/A2
 sa0   --   U_G118/ZN
 sa0   --   U_G147/A1
 sa1   DS   U_G341/A1
 sa0   DS   U_G344/ZN
 sa0   --   U_G344/A2
 sa0   --   U_G344/A3
 sa0   --   U_G344/A1
 sa0   --   U_G111/ZN
 sa0   --   U_G544/A2
 sa1   DS   U_G111/ZN
 sa0   --   U_G111/A1
 sa0   --   U_G111/A2
 sa1   --   U_G344/A1
 sa1   DS   U_G344/A2
 sa1   DS   U_G111/A1
 sa1   DS   U_G111/A2
 sa0   DS   U_G338/ZN
 sa0   --   U_G338/A1
 sa0   --   U_G338/A2
 sa0   --   U_G203/ZN
 sa1   --   U_G203/A
 sa0   --   U_G118/A2
 sa1   DS   U_G118/ZN
 sa1   --   U_G118/A1
 sa1   --   U_G118/A2
 sa1   --   U_G337/ZN
 sa1   --   U_G338/ZN
 sa1   --   U_G341/A2
 sa1   DS   U_G337/A2
 sa1   DS   U_G338/A1
 sa1   DS   U_G73/ZN
 sa1   --   U_G73/A1
 sa1   --   U_G73/A2
 sa1   --   U_G339/ZN
 sa1   --   U_G340/ZN
 sa1   --   U_G342/A1
 sa0   DS   U_G340/ZN
 sa0   --   U_G340/A1
 sa0   --   U_G340/A2
 sa0   --   U_G73/A2
 sa1   DS   U_G340/A2
 sa1   DS   U_G147/ZN
 sa1   --   U_G147/A1
 sa1   --   U_G147/A2
 sa1   --   U_G341/ZN
 sa1   --   U_G342/ZN
 sa1   --   U_G343/A3
 sa0   DS   U_G342/ZN
 sa0   --   U_G342/A2
 sa0   --   U_G342/A1
 sa0   --   U_G73/ZN
 sa0   --   U_G147/A2
 sa1   DS   U_G342/A2
 sa0   DS   U_G343/ZN
 sa0   --   U_G343/A1
 sa0   --   U_G343/A2
 sa0   --   U_G343/A3
 sa0   --   U_G147/ZN
 sa0   --   U_G544/A1
 sa1   DS   U_G544/ZN
 sa1   --   U_G544/A1
 sa1   --   U_G544/A2
 sa1   --   U_G343/ZN
 sa1   --   U_G344/ZN
 sa0   DS   U_G212/ZN
 sa1   --   U_G212/A
 sa1   DS   U_G212/ZN
 sa0   --   U_G212/A
 sa0   DS   U_G354/ZN
 sa0   --   U_G354/A1
 sa0   --   U_G354/A2
 sa0   --   U_G214/ZN
 sa1   --   U_G214/A
 sa0   --   U_G141/A2
 sa0   DS   U_G351/ZN
 sa0   --   U_G351/A1
 sa0   --   U_G351/A2
 sa0   --   U_G351/A3
 sa0   --   U_G351/A4
 sa0   --   U_G92/A1
 sa1   DS   U_G352/A1
 sa1   DS   U_G353/A1
 sa1   DS   U_G351/A1
 sa1   DS   U_G352/A2
 sa1   DS   U_G526/A1
 sa1   DS   U_G351/A2
 sa1   DS   U_G351/A3
 sa0   DS   U_G352/ZN
 sa0   --   U_G352/A1
 sa0   --   U_G352/A2
 sa0   --   U_G352/A3
 sa0   --   U_G352/A4
 sa0   --   U_G92/A2
 sa1   DS   U_G352/A3
 sa0   DS   U_G353/ZN
 sa0   --   U_G353/A1
 sa0   --   U_G353/A3
 sa0   --   U_G353/A2
 sa0   --   U_G92/ZN
 sa0   --   U_G141/A1
 sa1   DS   U_G353/A3
 sa1   DS   U_G526/A2
 sa1   DS   U_G352/A4
 sa1   DS   U_G354/A1
 sa1   DS   U_G214/ZN
 sa0   --   U_G214/A
 sa1   --   U_G354/A2
 sa1   DS   U_G92/ZN
 sa1   --   U_G92/A2
 sa1   --   U_G92/A1
 sa1   --   U_G352/ZN
 sa1   --   U_G351/ZN
 sa1   --   U_G353/A2
 sa1   DS   U_G351/A4
 sa1   DS   U_G141/ZN
 sa1   --   U_G141/A1
 sa1   --   U_G141/A2
 sa1   --   U_G353/ZN
 sa1   --   U_G354/ZN
 sa1   --   U_G526/A3
 sa1   DS   U_G526/ZN
 sa0   --   U_G526/A1
 sa0   --   U_G526/A2
 sa0   --   U_G526/A3
 sa0   --   U_G141/ZN
 sa0   DS   U_G526/ZN
 sa1   DS   U_G221/ZN
 sa0   --   U_G221/A
 sa0   DS   U_G221/ZN
 sa1   --   U_G221/A
 sa1   DS   U_G247/ZN
 sa1   --   U_G280/A2
 sa1   DS   U_G467/A2
 sa1   DS   U_G136/A2
 sa1   DS   U_G112/A1
 sa1   DS   U_G143/A2
 sa0   DS   U_G472/ZN
 sa0   --   U_G472/A2
 sa0   --   U_G472/A3
 sa0   --   U_G472/A1
 sa0   --   U_G136/ZN
 sa0   --   U_G247/A2
 sa1   DS   U_G464/ZN
 sa1   --   U_G464/A2
 sa1   --   U_G464/A1
 sa1   --   U_G258/A1
 sa1   DS   U_G259/ZN
 sa0   --   U_G259/A2
 sa0   --   U_G259/A1
 sa0   --   U_G130/ZN
 sa1   --   U_G143/A3
 sa1   DS   U_G130/A2
 sa1   DS   U_G136/A1
 sa1   DS   U_G280/A1
 sa1   DS   U_G223/ZN
 sa0   --   U_G223/A
 sa1   --   U_G258/A3
 sa0   DS   U_G469/ZN
 sa0   --   U_G469/A1
 sa0   --   U_G469/A2
 sa0   --   U_G242/A1
 sa1   DS   U_G469/A2
 sa0   DS   U_G473/ZN
 sa0   --   U_G473/A1
 sa0   --   U_G473/A2
 sa0   --   U_G143/ZN
 sa0   --   U_G247/A3
 sa0   DS   U_G464/A1
 sa0   DS   U_G464/A2
 sa1   DS   U_G258/ZN
 sa0   --   U_G258/A3
 sa0   --   U_G258/A1
 sa0   --   U_G258/A2
 sa0   --   U_G223/ZN
 sa1   --   U_G223/A
 sa0   --   U_G464/ZN
 sa1   --   U_G143/A1
 sa1   DS   U_G149/ZN
 sa1   --   U_G149/A2
 sa1   --   U_G149/A1
 sa1   --   U_G468/ZN
 sa1   --   U_G467/ZN
 sa1   --   U_G470/A2
 sa0   DS   U_G468/ZN
 sa0   --   U_G468/A1
 sa0   --   U_G468/A2
 sa0   --   U_G124/ZN
 sa0   --   U_G149/A2
 sa1   DS   U_G124/ZN
 sa0   --   U_G124/A1
 sa0   --   U_G124/A2
 sa1   --   U_G468/A2
 sa1   DS   U_G242/ZN
 sa1   --   U_G242/A1
 sa1   --   U_G242/A2
 sa1   --   U_G469/ZN
 sa1   --   U_G470/ZN
 sa1   --   U_G474/A1
 sa1   DS   U_G469/A1
 sa0   DS   U_G470/ZN
 sa0   --   U_G470/A1
 sa0   --   U_G470/A2
 sa0   --   U_G149/ZN
 sa0   --   U_G242/A2
 sa1   DS   U_G470/A1
 sa0   DS   U_G471/ZN
 sa0   --   U_G471/A1
 sa0   --   U_G471/A3
 sa0   --   U_G471/A2
 sa0   --   U_G112/ZN
 sa0   --   U_G247/A1
 sa1   DS   U_G280/ZN
 sa0   --   U_G280/A1
 sa0   --   U_G280/A2
 sa0   --   U_G247/ZN
 sa1   --   U_G247/A3
 sa1   --   U_G247/A4
 sa1   --   U_G247/A1
 sa1   --   U_G247/A2
 sa1   --   U_G473/ZN
 sa1   --   U_G474/ZN
 sa1   --   U_G471/ZN
 sa1   --   U_G472/ZN
 sa1   DS   U_G471/A1
 sa1   DS   U_G471/A2
 sa1   DS   U_G112/ZN
 sa0   --   U_G112/A1
 sa0   --   U_G112/A2
 sa1   --   U_G471/A3
 sa1   DS   U_G136/ZN
 sa0   --   U_G136/A1
 sa0   --   U_G136/A2
 sa1   --   U_G472/A1
 sa1   DS   U_G472/A2
 sa1   DS   U_G472/A3
 sa1   DS   U_G473/A1
 sa1   DS   U_G143/ZN
 sa0   --   U_G143/A2
 sa0   --   U_G143/A3
 sa0   --   U_G143/A1
 sa0   --   U_G259/ZN
 sa0   --   U_G258/ZN
 sa1   --   U_G473/A2
 sa0   DS   U_G474/ZN
 sa0   --   U_G474/A1
 sa0   --   U_G474/A2
 sa0   --   U_G242/ZN
 sa0   --   U_G247/A4
 sa1   DS   U_G474/A2
 sa1   DS   U_G130/ZN
 sa0   --   U_G130/A2
 sa0   --   U_G130/A1
 sa0   --   U_G466/ZN
 sa1   --   U_G259/A1
 sa0   DS   U_G466/A2
 sa1   DS   U_G112/A2
 sa1   DS   U_G124/A2
 sa1   DS   U_G258/A2
 sa1   DS   U_G259/A2
 sa0   DS   U_G280/ZN
 sa1   DS   U_G234/ZN
 sa0   --   U_G234/A
 sa0   DS   U_G234/ZN
 sa1   --   U_G234/A
 sa0   DS   U_G272/ZN
 sa1   --   U_G272/A
 sa1   DS   U_G272/ZN
 sa0   --   U_G272/A
 sa0   DS   U_G275/ZN
 sa1   --   U_G275/A
 sa1   DS   U_G275/ZN
 sa0   --   U_G275/A
 sa0   DS   U_G282/ZN
 sa1   --   U_G282/A
 sa1   DS   U_G282/ZN
 sa0   --   U_G282/A
 sa0   DS   U_G476/ZN
 sa1   --   U_G476/A
 sa1   DS   U_G476/ZN
 sa0   --   U_G476/A
 sa0   DS   U_G479/ZN
 sa1   --   U_G479/A
 sa1   --   U_G194/ZN
 sa1   DS   U_G479/ZN
 sa0   --   U_G479/A
 sa0   --   U_G194/ZN
 sa1   --   U_G194/A2
 sa1   --   U_G194/A1
 sa0   DS   U_G194/A1
 sa0   DS   U_G194/A2
 sa0   DS   U_G480/ZN
 sa1   --   U_G480/A
 sa0   --   U_G155/A2
 sa0   DS   U_G155/A1
 sa0   DS   U_G155/ZN
 sa1   --   U_G155/A1
 sa1   --   U_G155/A2
 sa1   --   U_G480/ZN
 sa0   --   U_G480/A
 sa1   DS   U_G155/ZN
 sa0   DS   U_G482/ZN
 sa1   --   U_G482/A
 sa0   --   U_G191/A2
 sa0   DS   U_G191/ZN
 sa1   --   U_G191/A1
 sa1   --   U_G191/A2
 sa1   --   U_G482/ZN
 sa0   --   U_G482/A
 sa1   DS   U_G191/ZN
 sa0   DS   U_G191/A1
 sa0   DS   U_G483/ZN
 sa1   --   U_G483/A
 sa0   --   U_G157/A2
 sa0   DS   U_G157/ZN
 sa1   --   U_G157/A1
 sa1   --   U_G157/A2
 sa1   --   U_G483/ZN
 sa0   --   U_G483/A
 sa1   DS   U_G157/ZN
 sa0   DS   U_G157/A1
 sa0   DS   U_G488/ZN
 sa1   --   U_G488/A
 sa0   --   U_G154/A2
 sa0   DS   U_G154/ZN
 sa1   --   U_G154/A1
 sa1   --   U_G154/A2
 sa1   --   U_G488/ZN
 sa0   --   U_G488/A
 sa1   DS   U_G154/ZN
 sa0   DS   U_G154/A1
 sa0   DS   U_G489/ZN
 sa1   --   U_G489/A
 sa1   DS   U_G489/ZN
 sa0   --   U_G489/A
 sa0   DS   U_G490/ZN
 sa1   --   U_G490/A
 sa0   --   U_G230/A2
 sa0   DS   U_G230/ZN
 sa1   --   U_G230/A1
 sa1   --   U_G230/A2
 sa1   --   U_G490/ZN
 sa0   --   U_G490/A
 sa1   DS   U_G230/ZN
 sa0   DS   U_G230/A1
 sa0   DS   U_G492/ZN
 sa1   --   U_G492/A
 sa0   --   U_G187/A2
 sa0   DS   U_G187/ZN
 sa1   --   U_G187/A1
 sa1   --   U_G187/A2
 sa1   --   U_G492/ZN
 sa0   --   U_G492/A
 sa1   DS   U_G187/ZN
 sa0   DS   U_G187/A1
 sa0   DS   U_G493/ZN
 sa1   --   U_G493/A
 sa1   DS   U_G493/ZN
 sa0   --   U_G493/A
 sa0   DS   U_G494/ZN
 sa1   --   U_G494/A
 sa1   --   U_G173/ZN
 sa1   DS   U_G494/ZN
 sa0   --   U_G494/A
 sa0   --   U_G173/ZN
 sa1   --   U_G173/A1
 sa1   --   U_G173/A2
 sa0   DS   U_G173/A2
 sa0   DS   U_G174/ZN
 sa1   --   U_G174/A1
 sa1   --   U_G174/A2
 sa1   --   U_G496/ZN
 sa0   --   U_G496/A
 sa0   DS   U_G496/ZN
 sa1   --   U_G496/A
 sa0   --   U_G174/A2
 sa1   DS   U_G174/ZN
 sa0   DS   U_G162/A2
 sa0   DS   U_G162/ZN
 sa1   --   U_G162/A1
 sa1   --   U_G162/A2
 sa1   --   U_G162/A3
 sa1   --   U_G498/ZN
 sa0   --   U_G498/A
 sa1   DS   U_G162/ZN
 sa0   DS   U_G499/ZN
 sa1   --   U_G499/A
 sa0   --   U_G184/A3
 sa0   DS   U_G184/A2
 sa0   DS   U_G184/ZN
 sa1   --   U_G184/A1
 sa1   --   U_G184/A2
 sa1   --   U_G184/A3
 sa1   --   U_G499/ZN
 sa0   --   U_G499/A
 sa1   DS   U_G184/ZN
 sa0   DS   U_G184/A1
 sa0   DS   U_G501/ZN
 sa1   --   U_G501/A
 sa0   --   U_G186/A2
 sa0   DS   U_G186/ZN
 sa1   --   U_G186/A2
 sa1   --   U_G186/A1
 sa1   --   U_G501/ZN
 sa0   --   U_G501/A
 sa1   DS   U_G186/ZN
 sa0   DS   U_G186/A1
 sa0   DS   U_G520/ZN
 sa1   --   U_G520/A
 sa1   DS   U_G520/ZN
 sa0   --   U_G520/A
 sa0   DS   U_G521/ZN
 sa1   --   U_G521/A
 sa1   DS   U_G521/ZN
 sa0   --   U_G521/A
 sa0   DS   U_G522/ZN
 sa1   --   U_G522/A
 sa1   DS   U_G522/ZN
 sa0   --   U_G522/A
 sa0   DS   U_G524/ZN
 sa1   --   U_G524/A
 sa1   DS   U_G524/ZN
 sa0   --   U_G524/A
 sa1   DS   U_G185/ZN
 sa0   --   U_G185/A1
 sa0   --   U_G185/A2
 sa0   --   U_G525/ZN
 sa1   --   U_G525/A
 sa1   DS   U_G185/A2
 sa1   DS   U_G525/ZN
 sa0   --   U_G525/A
 sa1   --   U_G185/A1
 sa0   DS   U_G185/ZN
 sa0   DS   U_G527/ZN
 sa1   --   U_G527/A
 sa1   DS   U_G527/ZN
 sa0   --   U_G527/A
 sa0   DS   U_G528/ZN
 sa1   --   U_G528/A
 sa1   DS   U_G528/ZN
 sa0   --   U_G528/A
 sa1   DS   U_G529/ZN
 sa0   --   U_G529/A
 sa0   DS   U_G529/ZN
 sa1   --   U_G529/A
 sa0   DS   U_G531/ZN
 sa1   --   U_G531/A
 sa1   DS   U_G531/ZN
 sa0   --   U_G531/A
 sa0   DS   U_G533/ZN
 sa1   --   U_G533/A
 sa1   DS   U_G533/ZN
 sa0   --   U_G533/A
 sa0   DS   U_G536/ZN
 sa1   --   U_G536/A
 sa1   DS   U_G536/ZN
 sa0   --   U_G536/A
 sa0   DS   U_G538/ZN
 sa1   --   U_G538/A
 sa1   DS   U_G538/ZN
 sa0   --   U_G538/A
 sa0   DS   U_G540/ZN
 sa1   --   U_G540/A
 sa1   DS   U_G540/ZN
 sa0   --   U_G540/A
 sa0   DS   U_G541/ZN
 sa1   --   U_G541/A
 sa1   DS   U_G541/ZN
 sa0   --   U_G541/A
 sa0   DS   U_G543/ZN
 sa1   --   U_G543/A
 sa1   DS   U_G543/ZN
 sa0   --   U_G543/A
 sa0   DS   G546
 sa0   --   U_G546/ZN
 sa1   --   U_G546/A
 sa1   DS   G546
 sa1   --   U_G546/ZN
 sa0   --   U_G546/A
 sa0   DS   U_G451/ZN
 sa0   --   U_G451/A1
 sa0   --   U_G451/A3
 sa0   --   U_G451/A2
 sa0   --   U_G554/ZN
 sa1   --   U_G554/A
 sa0   --   U_G539/A1
 sa1   DS   U_G554/ZN
 sa0   --   U_G554/A
 sa1   --   U_G451/A2
 sa1   DS   G539
 sa1   --   U_G539/ZN
 sa1   --   U_G539/A2
 sa1   --   U_G539/A1
 sa1   --   U_G539/A3
 sa1   --   U_G452/ZN
 sa1   --   U_G451/ZN
 sa1   --   U_G453/ZN
 sa1   DS   U_G451/A1
 sa1   DS   U_G451/A3
 sa0   DS   U_G452/ZN
 sa0   --   U_G452/A2
 sa0   --   U_G452/A1
 sa0   --   U_G539/A2
 sa1   DS   U_G452/A1
 sa1   DS   U_G452/A2
 sa0   DS   U_G453/ZN
 sa0   --   U_G453/A2
 sa0   --   U_G453/A1
 sa0   --   U_G539/A3
 sa1   DS   U_G453/A1
 sa1   DS   U_G453/A2
 sa0   DS   G539
 sa0   --   U_G539/ZN
 sa0   DS   U_G81/ZN
 sa0   --   U_G81/A1
 sa0   --   U_G81/A2
 sa0   --   U_G288/ZN
 sa1   DS   U_G81/ZN
 sa1   DS   U_G288/ZN
 sa1   --   U_G288/A1
 sa1   --   U_G288/A2
 sa1   --   U_G81/A1
 sa1   DS   U_G81/A2
 sa0   DS   U_G288/A1
 sa0   DS   U_G288/A2
 sa0   DS   U_G306/ZN
 sa0   --   U_G306/A1
 sa0   --   U_G306/A2
 sa0   --   U_G152/A1
 sa1   DS   U_G104/A2
 sa1   DS   U_G305/ZN
 sa1   --   U_G305/A1
 sa1   --   U_G305/A2
 sa1   --   U_G151/A1
 sa0   DS   U_G309/A1
 sa0   DS   U_G308/ZN
 sa0   --   U_G308/A1
 sa0   --   U_G308/A2
 sa0   --   U_G151/ZN
 sa0   --   U_G152/A3
 sa1   DS   U_G151/A2
 sa1   DS   U_G152/ZN
 sa1   --   U_G152/A1
 sa1   --   U_G152/A2
 sa1   --   U_G152/A3
 sa1   --   U_G306/ZN
 sa1   --   U_G307/ZN
 sa1   --   U_G308/ZN
 sa1   --   U_G254/A2
 sa1   DS   U_G306/A1
 sa1   DS   U_G306/A2
 sa1   DS   U_G307/A1
 sa1   DS   U_G104/ZN
 sa0   --   U_G104/A1
 sa0   --   U_G104/A2
 sa0   --   U_G104/A3
 sa1   --   U_G307/A2
 sa1   DS   U_G308/A1
 sa1   DS   U_G151/ZN
 sa0   --   U_G151/A1
 sa0   --   U_G151/A2
 sa0   --   U_G305/ZN
 sa1   --   U_G308/A2
 sa0   DS   U_G305/A1
 sa0   DS   U_G305/A2
 sa1   DS   U_G309/ZN
 sa1   --   U_G309/A2
 sa1   --   U_G309/A1
 sa1   --   U_G255/A1
 sa1   DS   U_G104/A3
 sa1   DS   U_G523/ZN
 sa0   --   U_G523/A2
 sa0   --   U_G523/A3
 sa0   --   U_G523/A1
 sa0   --   U_G255/ZN
 sa0   --   U_G254/ZN
 sa1   DS   U_G254/A1
 sa1   DS   U_G255/A2
 sa1   DS   U_G255/A3
 sa0   DS   U_G307/ZN
 sa0   --   U_G307/A1
 sa0   --   U_G307/A2
 sa0   --   U_G104/ZN
 sa0   --   U_G152/A2
 sa1   DS   U_G254/ZN
 sa0   --   U_G254/A1
 sa0   --   U_G254/A2
 sa0   --   U_G152/ZN
 sa1   --   U_G523/A1
 sa1   DS   U_G255/ZN
 sa0   --   U_G255/A2
 sa0   --   U_G255/A3
 sa0   --   U_G255/A1
 sa0   --   U_G309/ZN
 sa1   --   U_G523/A2
 sa1   DS   U_G104/A1
 sa0   DS   U_G523/ZN
 sa1   DS   U_G523/A3
 sa0   DS   U_G317/ZN
 sa0   --   U_G317/A2
 sa0   --   U_G317/A1
 sa0   --   U_G245/ZN
 sa0   --   U_G279/A1
 sa1   DS   U_G279/ZN
 sa1   --   U_G279/A2
 sa1   --   U_G279/A1
 sa1   --   U_G317/ZN
 sa1   DS   U_G317/A1
 sa1   DS   U_G245/ZN
 sa0   --   U_G245/A1
 sa0   --   U_G245/A2
 sa1   --   U_G317/A2
 sa0   DS   U_G279/ZN
 sa0   DS   U_G279/A2
 sa1   DS   U_G245/A1
 sa1   DS   U_G245/A2
 sa0   DS   U_G321/ZN
 sa0   --   U_G321/A1
 sa0   --   U_G321/A2
 sa0   --   U_G105/A1
 sa1   DS   U_G252/A1
 sa1   DS   U_G321/A1
 sa1   DS   U_G322/A1
 sa1   DS   U_G144/A1
 sa1   DS   U_G252/A2
 sa1   DS   U_G252/A3
 sa1   DS   U_G105/ZN
 sa1   --   U_G105/A1
 sa1   --   U_G105/A2
 sa1   --   U_G321/ZN
 sa1   --   U_G322/A2
 sa1   DS   U_G321/A2
 sa1   DS   U_G324/A1
 sa1   DS   U_G253/ZN
 sa0   --   U_G253/A1
 sa0   --   U_G253/A2
 sa1   --   U_G144/A3
 sa1   DS   U_G253/A1
 sa1   DS   U_G322/A3
 sa1   DS   U_G323/A1
 sa1   DS   U_G324/A2
 sa0   DS   U_G105/A2
 sa0   DS   U_G322/ZN
 sa0   --   U_G322/A1
 sa0   --   U_G322/A3
 sa0   --   U_G322/A2
 sa0   --   U_G105/ZN
 sa0   --   U_G553/A1
 sa1   DS   U_G553/ZN
 sa1   --   U_G553/A3
 sa1   --   U_G553/A2
 sa1   --   U_G553/A1
 sa1   --   U_G324/ZN
 sa1   --   U_G323/ZN
 sa1   --   U_G322/ZN
 sa0   DS   U_G323/ZN
 sa0   --   U_G323/A1
 sa0   --   U_G323/A2
 sa0   --   U_G144/ZN
 sa0   --   U_G553/A2
 sa1   DS   U_G144/ZN
 sa0   --   U_G144/A2
 sa0   --   U_G144/A1
 sa0   --   U_G144/A3
 sa0   --   U_G252/ZN
 sa0   --   U_G253/ZN
 sa1   --   U_G323/A2
 sa0   DS   U_G324/ZN
 sa0   --   U_G324/A1
 sa0   --   U_G324/A2
 sa0   --   U_G553/A3
 sa0   DS   U_G553/ZN
 sa1   DS   U_G252/ZN
 sa0   --   U_G252/A1
 sa0   --   U_G252/A2
 sa0   --   U_G252/A3
 sa0   --   U_G252/A4
 sa1   --   U_G144/A2
 sa1   DS   U_G252/A4
 sa1   DS   U_G253/A2
 sa1   DS   U_G249/ZN
 sa0   --   U_G249/A1
 sa0   --   U_G249/A3
 sa0   --   U_G249/A2
 sa1   --   U_G330/A2
 sa1   DS   U_G248/A1
 sa1   DS   U_G249/A1
 sa1   DS   U_G249/A2
 sa1   DS   U_G248/A2
 sa1   DS   U_G249/A3
 sa0   DS   U_G183/A2
 sa0   DS   U_G330/ZN
 sa0   --   U_G330/A1
 sa0   --   U_G330/A2
 sa0   --   U_G248/ZN
 sa0   --   U_G249/ZN
 sa0   --   U_G183/A1
 sa1   DS   U_G183/ZN
 sa0   DS   U_G183/ZN
 sa1   --   U_G183/A2
 sa1   --   U_G183/A1
 sa1   --   U_G330/ZN
 sa1   DS   U_G248/ZN
 sa0   --   U_G248/A1
 sa0   --   U_G248/A2
 sa1   --   U_G330/A1
 sa1   DS   U_G357/A2
 sa1   DS   U_G177/ZN
 sa0   DS   U_G177/ZN
 sa1   --   U_G177/A2
 sa1   --   U_G177/A1
 sa1   --   U_G357/ZN
 sa1   DS   U_G265/ZN
 sa0   --   U_G265/A1
 sa0   --   U_G265/A2
 sa1   --   U_G357/A1
 sa0   DS   U_G371/ZN
 sa0   --   U_G371/A1
 sa0   --   U_G371/A3
 sa0   --   U_G371/A2
 sa0   --   U_G267/ZN
 sa0   --   U_G244/A1
 sa0   DS   U_G369/A2
 sa1   DS   U_G370/ZN
 sa1   --   U_G370/A1
 sa1   --   U_G370/A2
 sa1   --   U_G84/A2
 sa1   DS   U_G267/ZN
 sa0   --   U_G267/A1
 sa0   --   U_G267/A2
 sa0   --   U_G84/ZN
 sa1   --   U_G371/A3
 sa0   DS   U_G368/A1
 sa1   DS   U_G84/ZN
 sa0   --   U_G84/A2
 sa0   --   U_G84/A1
 sa0   --   U_G370/ZN
 sa0   --   U_G369/ZN
 sa1   --   U_G267/A2
 sa1   DS   U_G369/ZN
 sa1   --   U_G369/A1
 sa1   --   U_G369/A2
 sa1   --   U_G84/A1
 sa0   DS   U_G370/A1
 sa1   DS   U_G244/ZN
 sa1   --   U_G244/A2
 sa1   --   U_G244/A1
 sa1   --   U_G371/ZN
 sa1   --   U_G542/A2
 sa1   DS   U_G371/A1
 sa1   DS   U_G371/A2
 sa1   DS   G542
 sa1   --   U_G542/ZN
 sa0   --   U_G542/A1
 sa0   --   U_G542/A3
 sa0   --   U_G542/A2
 sa0   --   U_G243/ZN
 sa0   --   U_G244/ZN
 sa0   DS   U_G244/A2
 sa1   DS   U_G243/ZN
 sa0   --   U_G243/A2
 sa0   --   U_G243/A3
 sa0   --   U_G243/A1
 sa0   --   U_G368/ZN
 sa1   --   U_G542/A1
 sa1   DS   U_G368/ZN
 sa1   --   U_G368/A1
 sa1   --   U_G368/A2
 sa1   --   U_G243/A1
 sa0   DS   U_G368/A2
 sa1   DS   U_G243/A2
 sa1   DS   U_G243/A3
 sa1   DS   U_G267/A1
 sa0   DS   G542
 sa0   --   U_G542/ZN
 sa1   DS   U_G542/A3
 sa0   DS   U_G376/ZN
 sa0   --   U_G376/A1
 sa0   --   U_G376/A2
 sa0   --   U_G93/A1
 sa0   DS   U_G375/A1
 sa1   DS   U_G376/A1
 sa1   DS   U_G375/ZN
 sa1   --   U_G375/A1
 sa1   --   U_G375/A2
 sa1   --   U_G56/A2
 sa1   DS   U_G378/A1
 sa0   DS   U_G374/A2
 sa0   DS   U_G378/ZN
 sa0   --   U_G378/A2
 sa0   --   U_G378/A1
 sa0   --   U_G93/A3
 sa0   DS   U_G375/A2
 sa1   DS   U_G93/ZN
 sa1   --   U_G93/A1
 sa1   --   U_G93/A3
 sa1   --   U_G93/A2
 sa1   --   U_G376/ZN
 sa1   --   U_G378/ZN
 sa1   --   U_G377/ZN
 sa1   --   U_G380/A2
 sa1   DS   U_G376/A2
 sa0   DS   U_G377/ZN
 sa0   --   U_G377/A1
 sa0   --   U_G377/A2
 sa0   --   U_G56/ZN
 sa0   --   U_G93/A2
 sa1   DS   U_G377/A1
 sa1   DS   U_G56/ZN
 sa0   --   U_G56/A1
 sa0   --   U_G56/A2
 sa0   --   U_G374/ZN
 sa0   --   U_G375/ZN
 sa1   --   U_G377/A2
 sa1   DS   U_G378/A2
 sa0   DS   U_G379/ZN
 sa0   --   U_G379/A1
 sa0   --   U_G379/A2
 sa0   --   U_G131/A1
 sa1   DS   U_G131/ZN
 sa1   --   U_G131/A1
 sa1   --   U_G131/A2
 sa1   --   U_G379/ZN
 sa1   --   U_G380/ZN
 sa1   --   U_G383/A1
 sa1   DS   U_G379/A1
 sa1   DS   U_G379/A2
 sa0   DS   U_G380/ZN
 sa0   --   U_G380/A1
 sa0   --   U_G380/A2
 sa0   --   U_G93/ZN
 sa0   --   U_G131/A2
 sa1   DS   U_G380/A1
 sa0   DS   U_G382/ZN
 sa0   --   U_G382/A1
 sa0   --   U_G382/A3
 sa0   --   U_G382/A2
 sa0   --   U_G100/ZN
 sa0   --   U_G547/A1
 sa1   DS   G547
 sa1   --   U_G547/ZN
 sa1   --   U_G547/A1
 sa1   --   U_G547/A2
 sa1   --   U_G382/ZN
 sa1   --   U_G383/ZN
 sa1   DS   U_G382/A1
 sa1   DS   U_G100/ZN
 sa0   --   U_G100/A2
 sa0   --   U_G100/A1
 sa0   --   U_G381/ZN
 sa1   --   U_G382/A2
 sa1   DS   U_G382/A3
 sa0   DS   U_G383/ZN
 sa0   --   U_G383/A2
 sa0   --   U_G383/A1
 sa0   --   U_G131/ZN
 sa0   --   U_G547/A2
 sa1   DS   U_G383/A2
 sa1   DS   U_G374/ZN
 sa1   --   U_G374/A1
 sa1   --   U_G374/A2
 sa1   --   U_G56/A1
 sa0   DS   U_G374/A1
 sa1   DS   U_G381/ZN
 sa1   --   U_G381/A1
 sa1   --   U_G381/A2
 sa1   --   U_G100/A1
 sa0   DS   U_G381/A1
 sa0   DS   U_G381/A2
 sa0   DS   G547
 sa0   --   U_G547/ZN
 sa1   DS   U_G100/A2
 sa0   DS   U_G399/ZN
 sa0   --   U_G399/A1
 sa0   --   U_G399/A2
 sa0   --   U_G399/A3
 sa0   --   U_G65/ZN
 sa0   --   U_G110/A1
 sa1   DS   U_G395/ZN
 sa1   --   U_G395/A1
 sa1   --   U_G395/A2
 sa1   --   U_G277/A2
 sa0   DS   U_G394/A2
 sa0   DS   U_G395/A2
 sa1   DS   U_G65/A2
 sa1   DS   U_G110/ZN
 sa1   --   U_G110/A1
 sa1   --   U_G110/A2
 sa1   --   U_G399/ZN
 sa1   --   U_G400/ZN
 sa1   --   U_G401/A2
 sa1   DS   U_G399/A1
 sa1   DS   U_G399/A2
 sa0   DS   U_G400/ZN
 sa0   --   U_G400/A1
 sa0   --   U_G400/A2
 sa0   --   U_G277/ZN
 sa0   --   U_G110/A2
 sa1   DS   U_G400/A1
 sa1   DS   U_G277/ZN
 sa0   --   U_G277/A3
 sa0   --   U_G277/A2
 sa0   --   U_G277/A1
 sa0   --   U_G395/ZN
 sa0   --   U_G394/ZN
 sa1   --   U_G400/A2
 sa0   DS   U_G401/ZN
 sa0   --   U_G401/A1
 sa0   --   U_G401/A3
 sa0   --   U_G401/A2
 sa0   --   U_G110/ZN
 sa0   --   U_G530/A1
 sa1   DS   G530
 sa1   --   U_G530/ZN
 sa1   --   U_G530/A2
 sa1   --   U_G530/A1
 sa1   --   U_G402/ZN
 sa1   --   U_G401/ZN
 sa1   DS   U_G401/A1
 sa1   DS   U_G401/A3
 sa0   DS   U_G402/ZN
 sa0   --   U_G402/A1
 sa0   --   U_G402/A2
 sa0   --   U_G530/A2
 sa1   DS   U_G402/A1
 sa1   DS   U_G402/A2
 sa1   DS   U_G394/ZN
 sa1   --   U_G394/A1
 sa1   --   U_G394/A2
 sa1   --   U_G277/A1
 sa0   DS   U_G394/A1
 sa0   DS   U_G395/A1
 sa0   DS   G530
 sa0   --   U_G530/ZN
 sa1   DS   U_G65/A1
 sa1   DS   U_G277/A3
 sa0   DS   U_G193/ZN
 sa1   DS   U_G193/ZN
 sa1   --   U_G193/A1
 sa1   --   U_G193/A2
 sa0   DS   U_G193/A1
 sa0   DS   U_G193/A2
 sa0   DS   U_G224/ZN
 sa1   DS   U_G224/ZN
 sa1   --   U_G224/A1
 sa1   --   U_G224/A2
 sa0   DS   U_G224/A1
 sa0   DS   U_G224/A2
 sa1   DS   U_G206/ZN
 sa0   --   U_G206/A2
 sa0   --   U_G206/A1
 sa0   --   U_G287/ZN
 sa0   DS   U_G287/A2
 sa1   DS   U_G287/ZN
 sa1   --   U_G287/A1
 sa1   --   U_G287/A2
 sa1   --   U_G206/A1
 sa0   DS   U_G287/A1
 sa0   DS   U_G206/ZN
 sa1   DS   U_G206/A2
 sa1   DS   U_G534/ZN
 sa0   --   U_G534/A1
 sa0   --   U_G534/A2
 sa0   --   U_G534/A3
 sa0   --   U_G296/ZN
 sa0   --   U_G297/ZN
 sa1   DS   U_G296/ZN
 sa1   --   U_G296/A1
 sa1   --   U_G296/A2
 sa1   --   U_G534/A1
 sa0   DS   U_G296/A1
 sa0   DS   U_G296/A2
 sa1   DS   U_G297/ZN
 sa1   --   U_G297/A2
 sa1   --   U_G297/A1
 sa1   --   U_G534/A2
 sa0   DS   U_G297/A1
 sa0   DS   U_G297/A2
 sa0   DS   U_G534/ZN
 sa1   DS   U_G534/A3
 sa1   DS   U_G68/ZN
 sa0   --   U_G68/A2
 sa0   --   U_G68/A1
 sa0   --   U_G302/ZN
 sa0   DS   U_G302/A2
 sa1   DS   U_G302/ZN
 sa1   --   U_G302/A1
 sa1   --   U_G302/A2
 sa1   --   U_G68/A1
 sa0   DS   U_G302/A1
 sa0   DS   U_G68/ZN
 sa1   DS   U_G68/A2
 sa1   DS   U_G161/ZN
 sa0   --   U_G161/A2
 sa0   --   U_G161/A1
 sa0   --   U_G316/ZN
 sa0   DS   U_G316/A2
 sa1   DS   U_G161/A2
 sa1   DS   U_G316/ZN
 sa1   --   U_G316/A1
 sa1   --   U_G316/A2
 sa1   --   U_G161/A1
 sa0   DS   U_G316/A1
 sa0   DS   U_G161/ZN
 sa1   DS   U_G273/ZN
 sa0   --   U_G273/A1
 sa0   --   U_G273/A2
 sa0   --   U_G325/ZN
 sa0   --   U_G326/ZN
 sa1   DS   U_G325/ZN
 sa1   --   U_G325/A1
 sa1   --   U_G325/A2
 sa1   --   U_G325/A3
 sa1   --   U_G273/A1
 sa0   DS   U_G325/A1
 sa0   DS   U_G325/A2
 sa0   DS   U_G325/A3
 sa1   DS   U_G326/ZN
 sa1   --   U_G326/A1
 sa1   --   U_G326/A2
 sa1   --   U_G273/A2
 sa0   DS   U_G326/A1
 sa0   DS   U_G326/A2
 sa0   DS   U_G273/ZN
 sa1   DS   U_G270/ZN
 sa0   --   U_G270/A1
 sa0   --   U_G270/A2
 sa0   --   U_G345/ZN
 sa1   DS   U_G345/ZN
 sa1   --   U_G345/A1
 sa1   --   U_G345/A2
 sa1   --   U_G270/A1
 sa0   DS   U_G345/A1
 sa0   DS   U_G345/A2
 sa0   DS   U_G270/ZN
 sa1   DS   U_G270/A2
 sa0   DS   U_G49/ZN
 sa1   DS   U_G49/A1
 sa1   DS   U_G49/ZN
 sa0   --   U_G49/A1
 sa0   --   U_G49/A2
 sa1   DS   U_G49/A2
 sa0   DS   U_G54/ZN
 sa1   DS   U_G54/ZN
 sa0   --   U_G54/A1
 sa0   --   U_G54/A2
 sa1   DS   U_G54/A1
 sa1   DS   U_G54/A2
 sa0   DS   U_G57/ZN
 sa1   DS   U_G57/ZN
 sa0   --   U_G57/A1
 sa0   --   U_G57/A2
 sa1   DS   U_G57/A1
 sa1   DS   U_G57/A2
 sa0   DS   U_G58/ZN
 sa1   DS   U_G58/ZN
 sa0   --   U_G58/A1
 sa0   --   U_G58/A2
 sa1   DS   U_G58/A1
 sa1   DS   U_G58/A2
 sa0   DS   U_G62/ZN
 sa1   DS   U_G62/ZN
 sa0   --   U_G62/A2
 sa0   --   U_G62/A1
 sa1   DS   U_G62/A1
 sa1   DS   U_G62/A2
 sa0   DS   U_G63/ZN
 sa1   DS   U_G63/A2
 sa1   DS   U_G63/ZN
 sa0   --   U_G63/A1
 sa0   --   U_G63/A2
 sa1   DS   U_G63/A1
 sa0   DS   U_G71/ZN
 sa1   DS   U_G71/ZN
 sa0   --   U_G71/A1
 sa0   --   U_G71/A2
 sa1   DS   U_G71/A1
 sa1   DS   U_G71/A2
 sa0   DS   U_G74/ZN
 sa1   DS   U_G74/ZN
 sa0   --   U_G74/A1
 sa0   --   U_G74/A2
 sa1   DS   U_G74/A1
 sa1   DS   U_G74/A2
 sa0   DS   U_G76/ZN
 sa1   DS   U_G76/A2
 sa1   DS   U_G76/ZN
 sa0   --   U_G76/A1
 sa0   --   U_G76/A2
 sa1   DS   U_G76/A1
 sa0   DS   U_G77/ZN
 sa1   DS   U_G77/ZN
 sa0   --   U_G77/A1
 sa0   --   U_G77/A2
 sa1   DS   U_G77/A1
 sa1   DS   U_G77/A2
 sa0   DS   U_G86/ZN
 sa1   DS   U_G86/ZN
 sa0   --   U_G86/A1
 sa0   --   U_G86/A2
 sa1   DS   U_G86/A1
 sa1   DS   U_G86/A2
 sa0   DS   U_G89/ZN
 sa1   DS   U_G89/A1
 sa1   DS   U_G89/ZN
 sa0   --   U_G89/A1
 sa0   --   U_G89/A2
 sa1   DS   U_G89/A2
 sa0   DS   U_G97/ZN
 sa1   DS   U_G97/ZN
 sa0   --   U_G97/A1
 sa0   --   U_G97/A2
 sa1   DS   U_G97/A1
 sa1   DS   U_G97/A2
 sa0   DS   U_G101/ZN
 sa1   DS   U_G101/ZN
 sa0   --   U_G101/A1
 sa0   --   U_G101/A2
 sa1   DS   U_G101/A1
 sa1   DS   U_G101/A2
 sa0   DS   U_G103/ZN
 sa1   DS   U_G103/A3
 sa1   DS   U_G103/A1
 sa1   DS   U_G103/ZN
 sa0   --   U_G103/A1
 sa0   --   U_G103/A2
 sa0   --   U_G103/A3
 sa1   DS   U_G103/A2
 sa0   DS   U_G116/ZN
 sa1   DS   U_G116/A1
 sa1   DS   U_G116/ZN
 sa0   --   U_G116/A1
 sa0   --   U_G116/A2
 sa1   DS   U_G116/A2
 sa0   DS   U_G117/ZN
 sa1   DS   U_G117/ZN
 sa0   --   U_G117/A1
 sa0   --   U_G117/A2
 sa1   DS   U_G117/A1
 sa1   DS   U_G117/A2
 sa0   DS   U_G122/ZN
 sa1   DS   U_G122/ZN
 sa0   --   U_G122/A1
 sa0   --   U_G122/A2
 sa1   DS   U_G122/A1
 sa1   DS   U_G122/A2
 sa0   DS   U_G129/ZN
 sa1   DS   U_G129/ZN
 sa0   --   U_G129/A1
 sa0   --   U_G129/A2
 sa1   DS   U_G129/A1
 sa1   DS   U_G129/A2
 sa0   DS   U_G134/ZN
 sa1   DS   U_G134/ZN
 sa0   --   U_G134/A1
 sa0   --   U_G134/A2
 sa1   DS   U_G134/A1
 sa1   DS   U_G134/A2
 sa0   DS   U_G159/ZN
 sa1   DS   U_G159/ZN
 sa0   --   U_G159/A1
 sa0   --   U_G159/A2
 sa1   DS   U_G159/A1
 sa1   DS   U_G159/A2
 sa0   DS   U_G166/ZN
 sa1   DS   U_G166/ZN
 sa0   --   U_G166/A1
 sa0   --   U_G166/A2
 sa1   DS   U_G166/A1
 sa1   DS   U_G166/A2
 sa0   DS   U_G168/ZN
 sa1   DS   U_G168/ZN
 sa0   --   U_G168/A1
 sa0   --   U_G168/A2
 sa1   DS   U_G168/A1
 sa1   DS   U_G168/A2
 sa0   DS   U_G171/ZN
 sa1   DS   U_G171/A1
 sa1   DS   U_G171/ZN
 sa0   --   U_G171/A2
 sa0   --   U_G171/A1
 sa1   DS   U_G171/A2
 sa0   DS   U_G181/ZN
 sa1   DS   U_G181/ZN
 sa0   --   U_G181/A1
 sa0   --   U_G181/A2
 sa1   DS   U_G181/A1
 sa1   DS   U_G181/A2
 sa0   DS   U_G200/ZN
 sa1   DS   U_G200/A2
 sa1   DS   U_G200/A1
 sa1   DS   U_G200/ZN
 sa0   --   U_G200/A1
 sa0   --   U_G200/A2
 sa0   DS   U_G204/ZN
 sa1   DS   U_G204/A1
 sa1   DS   U_G204/ZN
 sa0   --   U_G204/A1
 sa0   --   U_G204/A2
 sa1   DS   U_G204/A2
 sa0   DS   U_G208/ZN
 sa1   DS   U_G208/ZN
 sa0   --   U_G208/A2
 sa0   --   U_G208/A1
 sa1   DS   U_G208/A1
 sa1   DS   U_G208/A2
 sa0   DS   U_G210/ZN
 sa1   DS   U_G210/A1
 sa1   DS   U_G210/ZN
 sa0   --   U_G210/A1
 sa0   --   U_G210/A2
 sa1   DS   U_G210/A2
 sa0   DS   U_G213/ZN
 sa1   DS   U_G213/ZN
 sa0   --   U_G213/A1
 sa0   --   U_G213/A2
 sa1   DS   U_G213/A1
 sa1   DS   U_G213/A2
 sa0   DS   U_G215/ZN
 sa1   DS   U_G215/A2
 sa1   DS   U_G215/ZN
 sa0   --   U_G215/A1
 sa0   --   U_G215/A2
 sa0   --   U_G215/A3
 sa1   DS   U_G215/A1
 sa1   DS   U_G215/A3
 sa0   DS   U_G217/ZN
 sa1   DS   U_G217/A1
 sa1   DS   U_G217/A2
 sa1   DS   U_G217/ZN
 sa0   --   U_G217/A1
 sa0   --   U_G217/A2
 sa0   DS   U_G219/ZN
 sa1   DS   U_G219/A1
 sa1   DS   U_G219/ZN
 sa0   --   U_G219/A1
 sa0   --   U_G219/A2
 sa1   DS   U_G219/A2
 sa0   DS   U_G220/ZN
 sa1   DS   U_G220/ZN
 sa0   --   U_G220/A1
 sa0   --   U_G220/A2
 sa1   DS   U_G220/A1
 sa1   DS   U_G220/A2
 sa0   DS   U_G222/ZN
 sa1   DS   U_G222/A2
 sa1   DS   U_G222/ZN
 sa0   --   U_G222/A1
 sa0   --   U_G222/A2
 sa1   DS   U_G222/A1
 sa0   DS   U_G226/ZN
 sa1   DS   U_G226/ZN
 sa0   --   U_G226/A1
 sa0   --   U_G226/A2
 sa1   DS   U_G226/A1
 sa1   DS   U_G226/A2
 sa1   DS   U_G228/ZN
 sa0   --   U_G228/A1
 sa0   --   U_G228/A2
 sa0   DS   U_G228/ZN
 sa0   DS   U_G232/ZN
 sa1   DS   U_G232/ZN
 sa0   --   U_G232/A1
 sa0   --   U_G232/A2
 sa1   DS   U_G232/A1
 sa1   DS   U_G232/A2
 sa0   DS   U_G233/ZN
 sa1   DS   U_G233/ZN
 sa0   --   U_G233/A1
 sa0   --   U_G233/A2
 sa1   DS   U_G233/A1
 sa1   DS   U_G233/A2
 sa0   DS   U_G235/ZN
 sa1   DS   U_G235/ZN
 sa0   --   U_G235/A1
 sa0   --   U_G235/A2
 sa1   DS   U_G235/A1
 sa1   DS   U_G235/A2
 sa0   DS   U_G237/ZN
 sa1   DS   U_G237/A1
 sa1   DS   U_G237/ZN
 sa0   --   U_G237/A1
 sa0   --   U_G237/A2
 sa0   --   U_G237/A3
 sa1   DS   U_G237/A2
 sa1   DS   U_G237/A3
 sa0   DS   U_G238/ZN
 sa1   DS   U_G238/ZN
 sa0   --   U_G238/A1
 sa0   --   U_G238/A2
 sa1   DS   U_G238/A1
 sa1   DS   U_G238/A2
 sa0   DS   U_G239/ZN
 sa1   DS   U_G239/A1
 sa1   DS   U_G239/ZN
 sa0   --   U_G239/A1
 sa0   --   U_G239/A2
 sa1   DS   U_G239/A2
 sa0   DS   U_G240/ZN
 sa1   DS   U_G240/ZN
 sa0   --   U_G240/A1
 sa0   --   U_G240/A2
 sa1   DS   U_G240/A1
 sa1   DS   U_G240/A2
 sa0   DS   U_G271/ZN
 sa1   DS   U_G271/A2
 sa1   DS   U_G271/ZN
 sa0   --   U_G271/A1
 sa0   --   U_G271/A2
 sa1   DS   U_G271/A1
 sa0   DS   U_G274/ZN
 sa1   DS   U_G274/A1
 sa1   DS   U_G274/ZN
 sa0   --   U_G274/A1
 sa0   --   U_G274/A2
 sa1   DS   U_G274/A2
 sa0   DS   U_G281/ZN
 sa1   DS   U_G281/A1
 sa1   DS   U_G281/ZN
 sa0   --   U_G281/A1
 sa0   --   U_G281/A2
 sa1   DS   U_G281/A2
 sa0   DS   U_G153/ZN
 sa1   --   U_G153/A1
 sa1   --   U_G153/A2
 sa0   DS   U_G156/ZN
 sa1   --   U_G156/A1
 sa1   --   U_G156/A2
 sa1   DS   U_G156/ZN
 sa0   DS   U_G156/A1
 sa0   DS   U_G156/A2
 sa0   DS   U_G158/A2
 sa0   DS   U_G158/ZN
 sa1   --   U_G158/A1
 sa1   --   U_G158/A2
 sa1   DS   U_G158/ZN
 sa0   DS   U_G158/A1
 sa0   DS   U_G163/ZN
 sa1   --   U_G163/A1
 sa1   --   U_G163/A2
 sa1   DS   U_G163/ZN
 sa0   DS   U_G163/A1
 sa0   DS   U_G163/A2
 sa0   DS   U_G164/ZN
 sa1   --   U_G164/A1
 sa1   --   U_G164/A2
 sa0   DS   U_G164/A2
 sa1   DS   U_G164/ZN
 sa0   DS   U_G164/A1
 sa0   DS   U_G165/ZN
 sa1   --   U_G165/A1
 sa1   --   U_G165/A2
 sa1   DS   U_G165/ZN
 sa0   DS   U_G165/A2
 sa0   DS   U_G172/ZN
 sa1   --   U_G172/A1
 sa1   --   U_G172/A2
 sa1   DS   U_G172/ZN
 sa0   DS   U_G172/A2
 sa0   DS   U_G175/ZN
 sa1   --   U_G175/A1
 sa1   --   U_G175/A2
 sa0   DS   U_G175/A1
 sa1   DS   U_G175/ZN
 sa0   DS   U_G175/A2
 sa0   DS   U_G176/A2
 sa0   DS   U_G176/ZN
 sa1   --   U_G176/A1
 sa1   --   U_G176/A2
 sa1   DS   U_G176/ZN
 sa0   DS   U_G178/ZN
 sa1   --   U_G178/A1
 sa1   --   U_G178/A2
 sa0   DS   U_G178/A1
 sa1   DS   U_G178/ZN
 sa0   DS   U_G178/A2
 sa0   DS   U_G179/ZN
 sa1   --   U_G179/A1
 sa1   --   U_G179/A2
 sa0   DS   U_G179/A1
 sa1   DS   U_G179/ZN
 sa0   DS   U_G179/A2
 sa0   DS   U_G182/A2
 sa0   DS   U_G182/A1
 sa0   DS   U_G182/ZN
 sa1   --   U_G182/A1
 sa1   --   U_G182/A2
 sa1   DS   U_G182/ZN
 sa0   DS   U_G188/ZN
 sa1   --   U_G188/A1
 sa1   --   U_G188/A2
 sa1   --   U_G188/A3
 sa1   DS   U_G188/ZN
 sa0   DS   U_G188/A1
 sa0   DS   U_G190/A1
 sa0   DS   U_G190/ZN
 sa1   --   U_G190/A1
 sa1   --   U_G190/A2
 sa0   DS   U_G190/A2
 sa1   DS   U_G190/ZN
 sa0   DS   U_G195/ZN
 sa1   --   U_G195/A1
 sa1   --   U_G195/A2
 sa0   DS   U_G195/A2
 sa1   DS   U_G195/ZN
 sa0   DS   U_G195/A1
 sa0   DS   U_G196/ZN
 sa1   --   U_G196/A1
 sa1   --   U_G196/A2
 sa1   --   U_G196/A3
 sa0   DS   U_G196/A1
 sa0   DS   U_G196/A2
 sa1   DS   U_G196/ZN
 sa0   DS   U_G196/A3
 sa0   DS   U_G197/ZN
 sa1   --   U_G197/A1
 sa1   --   U_G197/A2
 sa0   DS   U_G197/A1
 sa0   DS   U_G197/A2
 sa1   DS   U_G197/ZN
 sa0   DS   U_G198/ZN
 sa1   --   U_G198/A1
 sa1   --   U_G198/A2
 sa1   DS   U_G198/ZN
 sa0   DS   U_G198/A1
 sa0   DS   U_G198/A2
 sa0   DS   U_G201/ZN
 sa1   --   U_G201/A1
 sa1   --   U_G201/A2
 sa0   DS   U_G201/A2
 sa1   DS   U_G201/ZN
 sa0   DS   U_G201/A1
 sa0   DS   U_G202/ZN
 sa1   --   U_G202/A1
 sa1   --   U_G202/A2
 sa1   DS   U_G202/ZN
 sa0   DS   U_G202/A1
 sa0   DS   U_G202/A2
 sa0   DS   U_G205/ZN
 sa1   --   U_G205/A1
 sa1   --   U_G205/A2
 sa0   DS   U_G205/A1
 sa1   DS   U_G205/ZN
 sa0   DS   U_G205/A2
 sa0   DS   U_G209/ZN
 sa1   --   U_G209/A1
 sa1   --   U_G209/A2
 sa0   DS   U_G209/A2
 sa1   DS   U_G209/ZN
 sa0   DS   U_G209/A1
 sa0   DS   U_G211/ZN
 sa1   --   U_G211/A1
 sa1   --   U_G211/A2
 sa1   DS   U_G211/ZN
 sa0   DS   U_G211/A1
 sa0   DS   U_G211/A2
 sa0   DS   U_G216/ZN
 sa1   --   U_G216/A1
 sa1   --   U_G216/A2
 sa0   DS   U_G216/A2
 sa1   DS   U_G216/ZN
 sa0   DS   U_G216/A1
 sa0   DS   U_G218/A2
 sa0   DS   U_G218/A1
 sa0   DS   U_G218/ZN
 sa1   --   U_G218/A1
 sa1   --   U_G218/A2
 sa1   DS   U_G218/ZN
 sa0   DS   U_G225/ZN
 sa1   --   U_G225/A1
 sa1   --   U_G225/A2
 sa0   DS   U_G225/A2
 sa1   DS   U_G225/ZN
 sa0   DS   U_G225/A1
 sa0   DS   U_G227/ZN
 sa1   --   U_G227/A1
 sa1   --   U_G227/A2
 sa0   DS   U_G227/A1
 sa1   DS   U_G227/ZN
 sa0   DS   U_G227/A2
 sa0   DS   U_G229/ZN
 sa1   --   U_G229/A1
 sa1   --   U_G229/A2
 sa1   DS   U_G229/ZN
 sa0   DS   U_G229/A1
 sa0   DS   U_G229/A2
 sa0   DS   U_G236/ZN
 sa1   --   U_G236/A1
 sa1   --   U_G236/A2
 sa1   --   U_G236/A3
 sa0   DS   U_G241/ZN
 sa1   --   U_G241/A1
 sa1   --   U_G241/A2
 sa0   DS   U_G241/A2
 sa1   DS   U_G241/ZN
 sa0   DS   U_G241/A1
 sa0   DS   G45
 sa1   DS   G45
 sa0   DS   U_G169/ZN
 sa1   --   U_G169/A1
 sa1   --   U_G169/A2
 sa0   DS   U_G169/A1
 sa1   DS   U_G169/ZN
 sa0   DS   U_G169/A2
 sa0   DS   U_G189/ZN
 sa1   --   U_G189/A1
 sa1   --   U_G189/A2
 sa0   DS   U_G189/A1
 sa1   DS   U_G189/ZN
 sa0   DS   U_G189/A2
