 sa0   DI   CK
 sa1   DI   CK
 sa0   DI   test_se
 sa1   DS   test_se
 sa0   DI   test_si
 sa1   DS   U_II3/ZN
 sa0   --   U_II3/A
 sa0   --   U_II46/ZN
 sa1   --   U_II46/A2
 sa1   --   U_II46/A1
 sa1   --   U_II127_2/ZN
 sa1   --   U_II127_1/ZN
 sa0   DS   U_II127_1/ZN
 sa0   --   U_II127_1/A1
 sa0   --   U_II127_1/A2
 sa0   --   U_II127_1/A3
 sa0   --   U_II46/A1
 sa1   DS   U_II127_1/A1
 sa1   DS   U_II127_1/A2
 sa1   DS   U_II127_1/A3
 sa0   DS   U_II127_2/ZN
 sa0   --   U_II127_2/A2
 sa0   --   U_II127_2/A3
 sa0   --   U_II127_2/A1
 sa0   --   U_II46/A2
 sa1   DS   U_II127_2/A1
 sa1   DS   U_II127_2/A2
 sa1   DS   U_II127_2/A3
 sa0   DS   U_II3/ZN
 sa1   --   U_II3/A
 sa1   --   U_II46/ZN
 sa1   DI   U_Y_4/seq_SDFF_X10/nextstate
 sa0   DI   U_Y_4/seq_SDFF_X10/nextstate
 sa1   DI   U_Y_4/seq_SDFF_X10/CK
 sa0   DI   U_Y_4/seq_SDFF_X10/CK
 sa1   DI   U_Y_4/seq_SDFF_X10/IQ
 sa0   DI   U_Y_4/seq_SDFF_X10/IQ
 sa1   DI   test_si
 sa0   DI   U_Y_3/seq_SDFF_X10/IQ
 sa1   DS   U_II4/ZN
 sa0   --   U_II4/A
 sa0   --   U_II47/ZN
 sa1   --   U_II47/A1
 sa1   --   U_II47/A2
 sa1   --   U_II131_1/ZN
 sa1   --   U_II131_2/ZN
 sa0   DS   U_II131_1/ZN
 sa0   --   U_II131_1/A1
 sa0   --   U_II131_1/A3
 sa0   --   U_II131_1/A2
 sa0   --   U_II47/A1
 sa1   DS   U_II131_1/A1
 sa1   DS   U_II131_1/A2
 sa1   DS   U_II131_1/A3
 sa0   DS   U_II131_2/ZN
 sa0   --   U_II131_2/A1
 sa0   --   U_II131_2/A2
 sa0   --   U_II47/A2
 sa1   DS   U_II131_2/A1
 sa1   DS   U_II131_2/A2
 sa0   DS   U_II4/ZN
 sa1   --   U_II4/A
 sa1   --   U_II47/ZN
 sa1   DI   U_Y_3/seq_SDFF_X10/nextstate
 sa0   DI   U_Y_3/seq_SDFF_X10/nextstate
 sa1   DI   U_Y_3/seq_SDFF_X10/CK
 sa0   DI   U_Y_3/seq_SDFF_X10/CK
 sa1   DI   U_Y_3/seq_SDFF_X10/IQ
 sa0   DI   U_Y_2/seq_SDFF_X10/IQ
 sa1   DS   U_II135_1/ZN
 sa1   --   U_II135_1/A1
 sa1   --   U_II135_1/A2
 sa1   --   U_II5/A1
 sa0   DS   U_II135_1/A1
 sa0   DS   U_II135_1/A2
 sa1   DS   U_II135_2/ZN
 sa1   --   U_II135_2/A1
 sa1   --   U_II135_2/A2
 sa1   --   U_II5/A2
 sa0   DS   U_II135_2/A1
 sa0   DS   U_II135_2/A2
 sa0   DS   U_II5/ZN
 sa1   DS   U_II5/ZN
 sa0   --   U_II5/A1
 sa0   --   U_II5/A2
 sa0   --   U_II135_1/ZN
 sa0   --   U_II135_2/ZN
 sa1   DI   U_Y_2/seq_SDFF_X10/nextstate
 sa0   DI   U_Y_2/seq_SDFF_X10/nextstate
 sa1   DI   U_Y_2/seq_SDFF_X10/CK
 sa0   DI   U_Y_2/seq_SDFF_X10/CK
 sa1   DI   U_Y_2/seq_SDFF_X10/IQ
 sa0   DI   U_Y_1/seq_SDFF_X10/IQ
 sa1   DS   U_II6/ZN
 sa0   --   U_II6/A
 sa0   DS   U_II6/ZN
 sa1   --   U_II6/A
 sa1   DI   U_Y_1/seq_SDFF_X10/nextstate
 sa0   DI   U_Y_1/seq_SDFF_X10/nextstate
 sa1   DI   U_Y_1/seq_SDFF_X10/CK
 sa0   DI   U_Y_1/seq_SDFF_X10/CK
 sa1   DI   U_Y_1/seq_SDFF_X10/IQ
 sa0   DI   U_Y_8/seq_SDFF_X10/IQ
 sa1   DS   U_II155/ZN
 sa0   --   U_II155/A
 sa0   --   U_II198/ZN
 sa1   --   U_II198/A2
 sa1   --   U_II198/A1
 sa1   --   U_II279_2/ZN
 sa1   --   U_II279_1/ZN
 sa0   DS   U_II279_1/ZN
 sa0   --   U_II279_1/A1
 sa0   --   U_II279_1/A2
 sa0   --   U_II279_1/A3
 sa0   --   U_II198/A1
 sa1   DS   U_II279_1/A1
 sa1   DS   U_II279_1/A2
 sa1   DS   U_II279_1/A3
 sa0   DS   U_II279_2/ZN
 sa0   --   U_II279_2/A2
 sa0   --   U_II279_2/A3
 sa0   --   U_II279_2/A1
 sa0   --   U_II198/A2
 sa1   DS   U_II279_2/A1
 sa1   DS   U_II279_2/A2
 sa1   DS   U_II279_2/A3
 sa0   DS   U_II155/ZN
 sa1   --   U_II155/A
 sa1   --   U_II198/ZN
 sa1   DI   U_Y_8/seq_SDFF_X10/nextstate
 sa0   DI   U_Y_8/seq_SDFF_X10/nextstate
 sa1   DI   U_Y_8/seq_SDFF_X10/CK
 sa0   DI   U_Y_8/seq_SDFF_X10/CK
 sa1   DI   U_Y_8/seq_SDFF_X10/IQ
 sa0   DI   U_Y_7/seq_SDFF_X10/IQ
 sa1   DS   U_II156/ZN
 sa0   --   U_II156/A
 sa0   --   U_II199/ZN
 sa1   --   U_II199/A1
 sa1   --   U_II199/A2
 sa1   --   U_II283_1/ZN
 sa1   --   U_II283_2/ZN
 sa0   DS   U_II283_1/ZN
 sa0   --   U_II283_1/A1
 sa0   --   U_II283_1/A3
 sa0   --   U_II283_1/A2
 sa0   --   U_II199/A1
 sa1   DS   U_II283_1/A1
 sa1   DS   U_II283_1/A2
 sa1   DS   U_II283_1/A3
 sa0   DS   U_II283_2/ZN
 sa0   --   U_II283_2/A1
 sa0   --   U_II283_2/A2
 sa0   --   U_II199/A2
 sa1   DS   U_II283_2/A1
 sa1   DS   U_II283_2/A2
 sa0   DS   U_II156/ZN
 sa1   --   U_II156/A
 sa1   --   U_II199/ZN
 sa1   DI   U_Y_7/seq_SDFF_X10/nextstate
 sa0   DI   U_Y_7/seq_SDFF_X10/nextstate
 sa1   DI   U_Y_7/seq_SDFF_X10/CK
 sa0   DI   U_Y_7/seq_SDFF_X10/CK
 sa1   DI   U_Y_7/seq_SDFF_X10/IQ
 sa0   DI   U_Y_6/seq_SDFF_X10/IQ
 sa1   DS   U_II287_1/ZN
 sa1   --   U_II287_1/A1
 sa1   --   U_II287_1/A2
 sa1   --   U_II157/A1
 sa0   DS   U_II287_1/A1
 sa0   DS   U_II287_1/A2
 sa1   DS   U_II287_2/ZN
 sa1   --   U_II287_2/A1
 sa1   --   U_II287_2/A2
 sa1   --   U_II157/A2
 sa0   DS   U_II287_2/A1
 sa0   DS   U_II287_2/A2
 sa0   DS   U_II157/ZN
 sa1   DS   U_II157/ZN
 sa0   --   U_II157/A1
 sa0   --   U_II157/A2
 sa0   --   U_II287_1/ZN
 sa0   --   U_II287_2/ZN
 sa1   DI   U_Y_6/seq_SDFF_X10/nextstate
 sa0   DI   U_Y_6/seq_SDFF_X10/nextstate
 sa1   DI   U_Y_6/seq_SDFF_X10/CK
 sa0   DI   U_Y_6/seq_SDFF_X10/CK
 sa1   DI   U_Y_6/seq_SDFF_X10/IQ
 sa0   DI   U_Y_5/seq_SDFF_X10/IQ
 sa1   DS   U_II158/ZN
 sa0   --   U_II158/A
 sa0   DS   U_II158/ZN
 sa1   --   U_II158/A
 sa1   DI   U_Y_5/seq_SDFF_X10/nextstate
 sa0   DI   U_Y_5/seq_SDFF_X10/nextstate
 sa1   DI   U_Y_5/seq_SDFF_X10/CK
 sa0   DI   U_Y_5/seq_SDFF_X10/CK
 sa1   DI   U_Y_5/seq_SDFF_X10/IQ
 sa0   DI   test_so
 sa1   DI   test_so
 sa0   DS   X
 sa1   DS   X
 sa0   DS   Clear
 sa1   DS   Clear
 sa0   DS   U_II497_1/ZN
 sa0   --   U_II497_1/A1
 sa0   --   U_II497_1/A2
 sa0   --   U_P_8/ZN
 sa1   --   U_P_8/A1
 sa1   --   U_P_8/A2
 sa1   --   U_P_8/A3
 sa0   --   C_8
 sa0   --   U_II446/A3
 sa1   DS   C_8
 sa1   --   U_II497_1/A2
 sa0   DS   U_II512_2/ZN
 sa0   --   U_II512_2/A1
 sa0   --   U_II512_2/A2
 sa0   --   U_P_7/ZN
 sa1   --   U_P_7/A1
 sa1   --   U_P_7/A2
 sa0   --   C_7
 sa0   --   U_II494/A2
 sa1   DS   C_7
 sa1   --   U_II512_2/A2
 sa0   DS   U_II512_1/ZN
 sa0   --   U_II512_1/A1
 sa0   --   U_II512_1/A2
 sa0   --   U_P_6/ZN
 sa1   --   U_P_6/A
 sa0   --   C_6
 sa1   --   U_II374/ZN
 sa0   --   U_II374/A1
 sa0   --   U_II374/A2
 sa0   --   U_II494/A1
 sa1   DS   C_6
 sa1   --   U_II512_1/A2
 sa0   DS   U_II500_1/ZN
 sa0   --   U_II500_1/A1
 sa0   --   U_II500_1/A2
 sa0   --   U_P_5/ZN
 sa1   --   U_P_5/A1
 sa1   --   U_P_5/A2
 sa0   --   C_5
 sa1   --   U_II369/ZN
 sa0   --   U_II369/A
 sa0   --   U_II484/A1
 sa1   DS   C_5
 sa1   --   U_II500_1/A2
 sa0   DS   U_II504_2/ZN
 sa0   --   U_II504_2/A1
 sa0   --   U_II504_2/A2
 sa0   --   U_P_4/ZN
 sa1   --   U_P_4/A
 sa0   --   C_4
 sa1   --   U_II317/ZN
 sa0   --   U_II317/A1
 sa0   --   U_II317/A2
 sa0   --   U_II488/A2
 sa1   DS   C_4
 sa1   --   U_II504_2/A2
 sa0   DS   U_II504_1/ZN
 sa0   --   U_II504_1/A1
 sa0   --   U_II504_1/A2
 sa0   --   U_P_3/ZN
 sa1   --   U_P_3/A
 sa0   --   C_3
 sa1   --   U_II316/ZN
 sa0   --   U_II316/A1
 sa0   --   U_II316/A2
 sa0   --   U_II488/A1
 sa1   DS   C_3
 sa1   --   U_II504_1/A2
 sa0   DS   U_II500_2/ZN
 sa0   --   U_II500_2/A1
 sa0   --   U_II500_2/A2
 sa0   --   U_P_2/ZN
 sa1   --   U_P_2/A1
 sa1   --   U_P_2/A2
 sa0   --   C_2
 sa0   --   U_II484/A2
 sa1   DS   C_2
 sa1   --   U_II500_2/A2
 sa0   DS   U_II508_2/ZN
 sa0   --   U_II508_2/A1
 sa0   --   U_II508_2/A2
 sa0   --   U_P_1/ZN
 sa1   --   U_P_1/A
 sa0   --   C_1
 sa1   --   U_II314/ZN
 sa0   --   U_II314/A1
 sa0   --   U_II314/A2
 sa0   --   U_II490/A2
 sa1   DS   C_1
 sa1   --   U_II508_2/A2
 sa0   DS   U_II508_1/ZN
 sa0   --   U_II508_1/A1
 sa0   --   U_II508_1/A2
 sa0   --   C_0
 sa0   --   U_II490/A1
 sa1   DS   C_0
 sa1   --   U_II508_1/A2
 sa1   DS   U_P_1/ZN
 sa0   --   U_P_1/A
 sa0   --   U_II314/ZN
 sa1   --   U_II508_2/A1
 sa1   DS   U_P_3/ZN
 sa0   --   U_P_3/A
 sa0   --   U_II316/ZN
 sa1   --   U_II504_1/A1
 sa1   DS   U_P_4/ZN
 sa0   --   U_P_4/A
 sa0   --   U_II317/ZN
 sa1   --   U_II504_2/A1
 sa0   DS   U_II369/ZN
 sa1   --   U_II369/A
 sa0   --   U_P_5/A1
 sa1   DS   U_P_6/ZN
 sa0   --   U_P_6/A
 sa0   --   U_II374/ZN
 sa1   --   U_II512_1/A1
 sa0   DS   Z
 sa0   --   U_Z/ZN
 sa1   --   U_Z/A
 sa1   --   U_II446/ZN
 sa1   DS   Z
 sa1   --   U_Z/ZN
 sa0   --   U_Z/A
 sa0   --   U_II446/ZN
 sa1   --   U_II446/A1
 sa1   --   U_II446/A2
 sa1   --   U_II446/A3
 sa1   --   U_II495/ZN
 sa0   --   U_II495/A2
 sa0   --   U_II495/A1
 sa1   --   U_II487/ZN
 sa0   --   U_II487/A
 sa1   --   U_II497_1/ZN
 sa0   --   U_II494/ZN
 sa1   --   U_II494/A3
 sa1   --   U_II494/A1
 sa1   --   U_II494/A2
 sa0   --   U_II484/ZN
 sa1   --   U_II484/A2
 sa1   --   U_II484/A1
 sa0   --   U_II488/ZN
 sa1   --   U_II488/A1
 sa1   --   U_II488/A2
 sa1   --   U_II489/ZN
 sa0   --   U_II489/A
 sa1   --   U_II512_1/ZN
 sa1   --   U_II512_2/ZN
 sa1   --   U_II500_2/ZN
 sa1   --   U_II500_1/ZN
 sa1   --   U_II504_1/ZN
 sa1   --   U_II504_2/ZN
 sa0   --   U_II490/ZN
 sa1   --   U_II490/A1
 sa1   --   U_II490/A2
 sa1   --   U_II508_1/ZN
 sa1   --   U_II508_2/ZN
 sa0   DS   U_II487/ZN
 sa1   --   U_II487/A
 sa1   --   U_II488/ZN
 sa0   --   U_II446/A2
 sa0   DS   U_II489/ZN
 sa1   --   U_II489/A
 sa1   --   U_II490/ZN
 sa0   --   U_II494/A3
 sa1   DS   U_P_8/ZN
 sa1   --   U_II497_1/A1
 sa1   DS   U_P_5/ZN
 sa1   --   U_II500_1/A1
 sa1   DS   U_P_2/ZN
 sa1   --   U_II500_2/A1
 sa1   DS   U_II508_1/A1
 sa1   DS   U_P_7/ZN
 sa1   --   U_II512_2/A1
 sa1   DS   U_II314/A1
 sa1   DS   U_II314/A2
 sa1   DS   U_II316/A1
 sa1   DS   U_II316/A2
 sa1   DS   U_II317/A1
 sa1   DS   U_II317/A2
 sa1   DS   U_II374/A1
 sa1   DS   U_II374/A2
 sa0   DS   U_II495/ZN
 sa0   --   U_II446/A1
 sa1   DS   U_II484/ZN
 sa1   --   U_II495/A1
 sa1   DS   U_II494/ZN
 sa1   --   U_II495/A2
 sa0   DS   U_P_2/A1
 sa0   DS   U_P_2/A2
 sa0   DS   U_P_5/A2
 sa0   DS   U_P_7/A1
 sa0   DS   U_P_7/A2
 sa0   DS   U_P_8/A1
 sa0   DS   U_P_8/A2
 sa0   DS   U_P_8/A3
 sa1   DS   U_II96/ZN
 sa0   --   U_II96/A1
 sa0   --   U_II96/A2
 sa0   --   U_II50/ZN
 sa1   --   U_II50/A
 sa1   DS   U_II50/ZN
 sa0   --   U_II50/A
 sa1   --   U_II96/A2
 sa0   DS   U_II96/ZN
 sa1   DS   U_II96/A1
 sa0   DS   U_II40/ZN
 sa1   --   U_II40/A
 sa0   --   U_II113/A2
 sa0   DS   U_II113/ZN
 sa1   --   U_II113/A1
 sa1   --   U_II113/A2
 sa1   --   U_II40/ZN
 sa0   --   U_II40/A
 sa1   DS   U_II113/ZN
 sa0   DS   U_II113/A1
 sa0   DS   U_II41/ZN
 sa1   --   U_II41/A
 sa1   DS   U_II41/ZN
 sa0   --   U_II41/A
 sa0   DS   U_II42/ZN
 sa1   --   U_II42/A
 sa1   DS   U_II42/ZN
 sa0   --   U_II42/A
 sa0   DS   U_II43/ZN
 sa1   --   U_II43/A
 sa1   DS   U_II43/ZN
 sa0   --   U_II43/A
 sa0   DS   U_II44/ZN
 sa1   --   U_II44/A
 sa1   DS   U_II44/ZN
 sa0   --   U_II44/A
 sa1   DS   U_II248/ZN
 sa0   --   U_II248/A1
 sa0   --   U_II248/A2
 sa0   --   U_II202/ZN
 sa1   --   U_II202/A
 sa1   DS   U_II202/ZN
 sa0   --   U_II202/A
 sa1   --   U_II248/A2
 sa0   DS   U_II248/ZN
 sa1   DS   U_II248/A1
 sa0   DS   U_II192/ZN
 sa1   --   U_II192/A
 sa1   --   U_II1_1/ZN
 sa0   --   U_II265/A2
 sa0   DS   U_II265/ZN
 sa1   --   U_II265/A1
 sa1   --   U_II265/A2
 sa1   --   U_II192/ZN
 sa0   --   U_II192/A
 sa0   --   U_II1_1/ZN
 sa1   --   U_II1_1/A1
 sa1   --   U_II1_1/A2
 sa0   DS   U_II1_1/A1
 sa0   DS   U_II1_1/A2
 sa1   DS   U_II265/ZN
 sa0   DS   U_II265/A1
 sa0   DS   U_II193/ZN
 sa1   --   U_II193/A
 sa1   DS   U_II193/ZN
 sa0   --   U_II193/A
 sa0   DS   U_II194/ZN
 sa1   --   U_II194/A
 sa1   DS   U_II194/ZN
 sa0   --   U_II194/A
 sa0   DS   U_II195/ZN
 sa1   --   U_II195/A
 sa1   DS   U_II195/ZN
 sa0   --   U_II195/A
 sa1   DS   U_II256/ZN
 sa0   --   U_II256/A1
 sa0   --   U_II256/A2
 sa0   --   U_II196/ZN
 sa1   --   U_II196/A
 sa1   DS   U_II196/ZN
 sa0   --   U_II196/A
 sa1   --   U_II256/A1
 sa0   DS   U_II256/ZN
 sa1   DS   U_II256/A2
 sa0   DS   U_II307_1/ZN
 sa1   --   U_II307_1/A
 sa1   --   U_II341/ZN
 sa0   --   U_II341/A1
 sa0   --   U_II341/A2
 sa1   DS   U_II307_1/ZN
 sa0   --   U_II307_1/A
 sa0   --   U_II341/ZN
 sa1   DS   U_II341/A1
 sa1   DS   U_II341/A2
 sa0   DS   U_II92/ZN
 sa1   DS   U_II92/ZN
 sa0   --   U_II92/A1
 sa0   --   U_II92/A2
 sa1   DS   U_II92/A1
 sa1   DS   U_II92/A2
 sa0   DS   U_II100/ZN
 sa1   DS   U_II100/ZN
 sa0   --   U_II100/A1
 sa0   --   U_II100/A2
 sa1   DS   U_II100/A1
 sa1   DS   U_II100/A2
 sa0   DS   U_II104/ZN
 sa1   DS   U_II104/ZN
 sa0   --   U_II104/A1
 sa0   --   U_II104/A2
 sa1   DS   U_II104/A1
 sa1   DS   U_II104/A2
 sa0   DS   U_II244/ZN
 sa1   DS   U_II244/ZN
 sa0   --   U_II244/A1
 sa0   --   U_II244/A2
 sa1   DS   U_II244/A1
 sa1   DS   U_II244/A2
 sa0   DS   U_II252/ZN
 sa1   DS   U_II252/ZN
 sa0   --   U_II252/A1
 sa0   --   U_II252/A2
 sa1   DS   U_II252/A1
 sa1   DS   U_II252/A2
 sa0   DS   U_II350/ZN
 sa1   DS   U_II350/ZN
 sa0   --   U_II350/A1
 sa0   --   U_II350/A2
 sa1   DS   U_II350/A1
 sa1   DS   U_II350/A2
 sa0   DS   U_II378/ZN
 sa1   DS   U_II378/ZN
 sa0   --   U_II378/A1
 sa0   --   U_II378/A2
 sa1   DS   U_II378/A1
 sa1   DS   U_II378/A2
 sa0   DS   U_II409/ZN
 sa1   DS   U_II409/ZN
 sa0   --   U_II409/A1
 sa0   --   U_II409/A2
 sa1   DS   U_II409/A1
 sa1   DS   U_II409/A2
 sa0   DS   U_II109/ZN
 sa1   --   U_II109/A1
 sa1   --   U_II109/A2
 sa0   DS   U_II109/A2
 sa1   DS   U_II109/ZN
 sa0   DS   U_II109/A1
 sa0   DS   W
 sa0   --   U_W/ZN
 sa1   --   U_W/A1
 sa1   --   U_W/A2
 sa1   DS   W
 sa1   --   U_W/ZN
 sa0   DS   U_W/A1
 sa0   DS   U_W/A2
 sa0   DS   U_II261/ZN
 sa1   --   U_II261/A1
 sa1   --   U_II261/A2
 sa1   DS   U_II261/ZN
 sa0   DS   U_II261/A1
 sa0   DS   U_II261/A2
 sa0   DS   U_II347/ZN
 sa1   --   U_II347/A1
 sa1   --   U_II347/A2
 sa1   DS   U_II347/ZN
 sa0   DS   U_II347/A1
 sa0   DS   U_II347/A2
 sa0   DS   U_II406/ZN
 sa1   --   U_II406/A1
 sa1   --   U_II406/A2
 sa1   DS   U_II406/ZN
 sa0   DS   U_II406/A1
 sa0   DS   U_II406/A2
