 sa0   DI   CK
 sa1   DI   CK
 sa0   DI   test_se
 sa1   DS   test_se
 sa0   DI   test_si
 sa1   DS   U_G10/ZN
 sa0   DS   U_G10/A1
 sa0   DS   U_G10/A2
 sa0   DS   U_G10/ZN
 sa1   --   U_G10/A1
 sa1   --   U_G10/A2
 sa1   DI   U_G5/seq_SDFF_X10/nextstate
 sa0   DI   U_G5/seq_SDFF_X10/nextstate
 sa1   DI   U_G5/seq_SDFF_X10/CK
 sa0   DI   U_G5/seq_SDFF_X10/CK
 sa1   DI   U_G5/seq_SDFF_X10/IQ
 sa0   DI   U_G5/seq_SDFF_X10/IQ
 sa1   DI   test_si
 sa0   DI   U_G6/seq_SDFF_X10/IQ
 sa1   DI   U_G6/seq_SDFF_X10/nextstate
 sa0   DI   U_G6/seq_SDFF_X10/nextstate
 sa1   DI   U_G6/seq_SDFF_X10/CK
 sa0   DI   U_G6/seq_SDFF_X10/CK
 sa1   DI   U_G6/seq_SDFF_X10/IQ
 sa0   DI   U_G7/seq_SDFF_X10/IQ
 sa0   DS   U_G13/ZN
 sa1   --   U_G13/A1
 sa1   --   U_G13/A2
 sa1   --   G2
 sa1   DS   U_G13/ZN
 sa0   DS   U_G13/A2
 sa0   DS   G2
 sa0   --   U_G13/A1
 sa1   DI   U_G7/seq_SDFF_X10/nextstate
 sa0   DI   U_G7/seq_SDFF_X10/nextstate
 sa1   DI   U_G7/seq_SDFF_X10/CK
 sa0   DI   U_G7/seq_SDFF_X10/CK
 sa1   DI   U_G7/seq_SDFF_X10/IQ
 sa0   DI   test_so
 sa1   DI   test_so
 sa1   DS   U_G14/ZN
 sa0   --   U_G14/A
 sa0   --   G0
 sa0   DS   U_G14/ZN
 sa1   --   U_G14/A
 sa1   --   G0
 sa0   DS   G1
 sa0   --   U_G12/A1
 sa0   DS   U_G12/ZN
 sa1   --   U_G12/A1
 sa1   --   U_G12/A2
 sa1   --   G1
 sa1   DS   U_G12/ZN
 sa0   DS   U_G12/A2
 sa0   DS   G3
 sa0   --   U_G16/A1
 sa1   DS   U_G16/ZN
 sa1   --   U_G16/A1
 sa1   --   U_G16/A2
 sa1   --   G3
 sa1   --   U_G9/A1
 sa0   DS   U_G11/ZN
 sa1   --   U_G11/A1
 sa1   --   U_G11/A2
 sa1   --   U_G9/ZN
 sa0   --   U_G9/A1
 sa0   --   U_G9/A2
 sa0   --   U_G16/ZN
 sa0   --   U_G15/ZN
 sa1   DS   U_G15/ZN
 sa1   --   U_G15/A1
 sa1   --   U_G15/A2
 sa1   --   U_G9/A2
 sa0   DS   U_G15/A1
 sa0   DS   U_G15/A2
 sa0   DS   U_G16/A2
 sa0   DS   U_G9/ZN
 sa0   --   U_G11/A2
 sa1   DS   U_G11/ZN
 sa0   DS   U_G11/A1
 sa0   DS   G17
 sa0   --   U_G17/ZN
 sa1   --   U_G17/A
 sa1   DS   G17
 sa1   --   U_G17/ZN
 sa0   --   U_G17/A
 sa0   DS   U_G8/ZN
 sa0   --   U_G8/A1
 sa0   --   U_G8/A2
 sa1   DS   U_G8/ZN
 sa1   DS   U_G8/A1
 sa1   DS   U_G8/A2
