 sa0   DI   CK
 sa1   DI   CK
 sa0   DI   test_se
 sa1   DS   test_se
 sa0   DI   test_si
 sa0   DS   U_I940_1/ZN
 sa0   --   U_I940_1/A1
 sa0   --   U_I940_1/A2
 sa0   --   U_I205/A2
 sa1   DS   U_I204/ZN
 sa0   --   U_I204/A
 sa0   --   U_I205/ZN
 sa1   --   U_I205/A1
 sa1   --   U_I205/A2
 sa1   --   U_I940_1/ZN
 sa1   --   U_I1055_2/A2
 sa0   DS   U_I943_1/ZN
 sa0   --   U_I943_1/A2
 sa0   --   U_I943_1/A1
 sa0   --   U_I207/A2
 sa0   DS   U_I207/ZN
 sa1   --   U_I207/A1
 sa1   --   U_I207/A2
 sa1   --   U_I943_1/ZN
 sa0   --   U_I900_1/A2
 sa1   DS   U_I943_1/A1
 sa1   DS   U_I943_1/A2
 sa0   DS   U_I1055_1/ZN
 sa0   --   U_I1055_1/A2
 sa0   --   U_I1055_1/A3
 sa0   --   U_I1055_1/A1
 sa0   --   U_I821/A1
 sa1   DS   U_I2/ZN
 sa0   --   U_I2/A1
 sa0   --   U_I2/A2
 sa0   --   U_I900_1/ZN
 sa0   --   U_I821/ZN
 sa1   --   U_I821/A1
 sa1   --   U_I821/A2
 sa1   --   U_I1055_1/ZN
 sa1   --   U_I1055_2/ZN
 sa1   DS   U_I1055_1/A1
 sa1   DS   U_I1055_1/A2
 sa1   DS   U_I1055_1/A3
 sa1   DS   U_I940_1/A1
 sa1   DS   U_I940_1/A2
 sa1   DS   U_I1055_2/A1
 sa1   DS   U_I900_1/ZN
 sa1   --   U_I900_1/A1
 sa1   --   U_I900_1/A2
 sa1   --   U_I207/ZN
 sa1   --   U_I2/A1
 sa0   DS   U_I900_1/A1
 sa0   DS   U_I2/ZN
 sa1   DS   U_I821/ZN
 sa1   --   U_I2/A2
 sa0   DS   U_I207/A1
 sa0   DS   U_I205/A1
 sa0   DS   U_I1055_2/ZN
 sa0   --   U_I1055_2/A1
 sa0   --   U_I1055_2/A2
 sa0   --   U_I204/ZN
 sa1   --   U_I204/A
 sa1   --   U_I205/ZN
 sa0   --   U_I821/A2
 sa1   DI   U_st_5/seq_SDFF_X10/nextstate
 sa0   DI   U_st_5/seq_SDFF_X10/nextstate
 sa1   DI   U_st_5/seq_SDFF_X10/CK
 sa0   DI   U_st_5/seq_SDFF_X10/CK
 sa1   DI   U_st_5/seq_SDFF_X10/IQ
 sa0   DI   U_st_5/seq_SDFF_X10/IQ
 sa1   DI   test_si
 sa0   DI   U_st_4/seq_SDFF_X10/IQ
 sa0   DS   U_I903_2/A1
 sa1   DS   U_I3/ZN
 sa0   --   U_I3/A3
 sa0   --   U_I3/A2
 sa0   --   U_I3/A1
 sa0   --   U_I823/ZN
 sa1   --   U_I823/A1
 sa1   --   U_I823/A2
 sa0   --   U_I903_2/ZN
 sa0   --   U_I903_1/ZN
 sa1   --   U_I259/ZN
 sa1   --   U_I1059_1/ZN
 sa1   DS   U_I1059_1/A1
 sa1   DS   U_I1059_1/A2
 sa0   DS   U_I967_1/ZN
 sa0   --   U_I967_1/A2
 sa0   --   U_I967_1/A1
 sa0   --   U_I259/A2
 sa0   DS   U_I259/ZN
 sa1   --   U_I259/A1
 sa1   --   U_I259/A2
 sa1   --   U_I967_1/ZN
 sa0   --   U_I823/A1
 sa1   DS   U_I967_1/A1
 sa1   DS   U_I967_1/A2
 sa1   DS   U_I903_2/ZN
 sa1   --   U_I903_2/A1
 sa1   --   U_I903_2/A2
 sa1   --   U_I3/A2
 sa0   DS   U_I903_2/A2
 sa1   DS   U_I903_1/ZN
 sa1   --   U_I903_1/A1
 sa1   --   U_I903_1/A2
 sa1   --   U_I3/A1
 sa0   DS   U_I903_1/A1
 sa0   DS   U_I903_1/A2
 sa0   DS   U_I3/ZN
 sa1   DS   U_I823/ZN
 sa1   --   U_I3/A3
 sa0   DS   U_I259/A1
 sa0   DS   U_I1059_1/ZN
 sa0   --   U_I1059_1/A1
 sa0   --   U_I1059_1/A2
 sa0   --   U_I823/A2
 sa1   DI   U_st_4/seq_SDFF_X10/nextstate
 sa0   DI   U_st_4/seq_SDFF_X10/nextstate
 sa1   DI   U_st_4/seq_SDFF_X10/CK
 sa0   DI   U_st_4/seq_SDFF_X10/CK
 sa1   DI   U_st_4/seq_SDFF_X10/IQ
 sa0   DI   U_st_3/seq_SDFF_X10/IQ
 sa0   DS   U_I975_1/A1
 sa1   DS   U_I667/ZN
 sa0   --   U_I667/A
 sa1   --   U_I274/A2
 sa1   DS   U_I266/ZN
 sa0   --   U_I266/A2
 sa0   --   U_I266/A1
 sa0   --   U_I970_1/ZN
 sa1   --   U_I4/A4
 sa1   DS   U_I970_1/ZN
 sa1   --   U_I970_1/A2
 sa1   --   U_I970_1/A1
 sa1   --   U_I266/A1
 sa0   DS   U_I970_1/A1
 sa0   DS   U_I970_1/A2
 sa1   DS   U_I278/ZN
 sa0   --   U_I278/A2
 sa0   --   U_I278/A1
 sa0   --   U_I975_1/ZN
 sa1   --   U_I4/A1
 sa1   DS   U_I975_1/ZN
 sa1   --   U_I975_1/A1
 sa1   --   U_I975_1/A2
 sa1   --   U_I278/A1
 sa0   DS   U_I975_1/A2
 sa1   DS   U_I4/ZN
 sa0   --   U_I4/A2
 sa0   --   U_I4/A3
 sa0   --   U_I4/A4
 sa0   --   U_I4/A1
 sa0   --   U_I274/ZN
 sa0   --   U_I270/ZN
 sa0   --   U_I266/ZN
 sa0   --   U_I278/ZN
 sa1   DS   U_I274/A1
 sa1   DS   U_I270/ZN
 sa0   --   U_I270/A1
 sa0   --   U_I270/A2
 sa1   --   U_I4/A3
 sa1   DS   U_I270/A1
 sa1   DS   U_I270/A2
 sa1   DS   U_I266/A2
 sa1   DS   U_I278/A2
 sa0   DS   U_I4/ZN
 sa1   DS   U_I274/ZN
 sa0   --   U_I274/A1
 sa0   --   U_I274/A2
 sa0   --   U_I667/ZN
 sa1   --   U_I667/A
 sa1   --   U_I4/A2
 sa1   DI   U_st_3/seq_SDFF_X10/nextstate
 sa0   DI   U_st_3/seq_SDFF_X10/nextstate
 sa1   DI   U_st_3/seq_SDFF_X10/CK
 sa0   DI   U_st_3/seq_SDFF_X10/CK
 sa1   DI   U_st_3/seq_SDFF_X10/IQ
 sa0   DI   U_st_2/seq_SDFF_X10/IQ
 sa1   DS   U_I70/ZN
 sa0   --   U_I70/A
 sa1   --   U_I1044_1/A1
 sa0   DS   U_I747/ZN
 sa1   --   U_I747/A1
 sa1   --   U_I747/A2
 sa1   --   U_I1044_1/ZN
 sa0   --   U_I978_1/A2
 sa1   DS   U_I1044_1/A2
 sa0   DS   U_I958_2/A1
 sa0   DS   U_I1092_1/A1
 sa0   DS   U_I978_1/A1
 sa1   DS   U_I870/A2
 sa1   DS   U_I298/A2
 sa0   DS   U_I827/A1
 sa0   DS   U_I1062_1/ZN
 sa0   --   U_I1062_1/A1
 sa0   --   U_I1062_1/A2
 sa0   --   U_I598/ZN
 sa0   --   U_I827/A2
 sa1   DS   U_I5/ZN
 sa0   --   U_I5/A2
 sa0   --   U_I5/A3
 sa0   --   U_I5/A1
 sa0   --   U_I5/A4
 sa0   --   U_I889/ZN
 sa1   --   U_I889/A2
 sa1   --   U_I889/A3
 sa1   --   U_I889/A1
 sa0   --   U_I827/ZN
 sa1   --   U_I827/A1
 sa1   --   U_I827/A2
 sa0   --   U_I282/ZN
 sa0   --   U_I298/ZN
 sa1   --   U_I1116_2/ZN
 sa1   --   U_I870/ZN
 sa0   --   U_I870/A2
 sa0   --   U_I870/A1
 sa1   --   U_I1116_1/ZN
 sa1   --   U_I1062_1/ZN
 sa0   --   U_I1092_1/ZN
 sa1   DS   U_I1062_1/A1
 sa1   DS   U_I598/ZN
 sa0   --   U_I598/A1
 sa0   --   U_I598/A2
 sa1   --   U_I1062_1/A2
 sa0   DS   U_I1116_1/ZN
 sa0   --   U_I1116_1/A2
 sa0   --   U_I1116_1/A1
 sa0   --   U_I889/A1
 sa1   DS   U_I1116_1/A1
 sa1   DS   U_I1116_1/A2
 sa0   DS   U_I1116_2/ZN
 sa0   --   U_I1116_2/A1
 sa0   --   U_I1116_2/A2
 sa0   --   U_I230/ZN
 sa0   --   U_I889/A2
 sa1   DS   U_I1116_2/A1
 sa1   DS   U_I230/ZN
 sa0   --   U_I230/A1
 sa0   --   U_I230/A2
 sa0   --   U_I958_1/ZN
 sa0   --   U_I958_2/ZN
 sa1   --   U_I1116_2/A2
 sa1   DS   U_I958_1/ZN
 sa1   --   U_I958_1/A1
 sa1   --   U_I958_1/A2
 sa1   --   U_I230/A1
 sa0   DS   U_I958_1/A1
 sa0   DS   U_I958_1/A2
 sa1   DS   U_I958_2/ZN
 sa1   --   U_I958_2/A1
 sa1   --   U_I958_2/A2
 sa1   --   U_I230/A2
 sa0   DS   U_I958_2/A2
 sa1   DS   U_I1092_1/ZN
 sa1   --   U_I1092_1/A1
 sa1   --   U_I1092_1/A2
 sa1   --   U_I870/A1
 sa0   DS   U_I1092_1/A2
 sa1   DS   U_I282/ZN
 sa0   --   U_I282/A2
 sa0   --   U_I282/A1
 sa0   --   U_I978_1/ZN
 sa1   --   U_I5/A1
 sa1   DS   U_I978_1/ZN
 sa1   --   U_I978_1/A1
 sa1   --   U_I978_1/A2
 sa1   --   U_I747/ZN
 sa1   --   U_I282/A1
 sa1   DS   U_I598/A1
 sa1   DS   U_I598/A2
 sa0   DS   U_I870/ZN
 sa0   --   U_I889/A3
 sa1   DS   U_I298/ZN
 sa0   --   U_I298/A1
 sa0   --   U_I298/A2
 sa1   --   U_I5/A4
 sa1   DS   U_I298/A1
 sa1   DS   U_I282/A2
 sa0   DS   U_I5/ZN
 sa1   DS   U_I889/ZN
 sa1   --   U_I5/A2
 sa1   DS   U_I827/ZN
 sa1   --   U_I5/A3
 sa0   DS   U_I747/A1
 sa0   DS   U_I1044_1/ZN
 sa0   --   U_I1044_1/A1
 sa0   --   U_I1044_1/A2
 sa0   --   U_I70/ZN
 sa1   --   U_I70/A
 sa0   --   U_I747/A2
 sa1   DI   U_st_2/seq_SDFF_X10/nextstate
 sa0   DI   U_st_2/seq_SDFF_X10/nextstate
 sa1   DI   U_st_2/seq_SDFF_X10/CK
 sa0   DI   U_st_2/seq_SDFF_X10/CK
 sa1   DI   U_st_2/seq_SDFF_X10/IQ
 sa0   DI   U_st_1/seq_SDFF_X10/IQ
 sa1   DS   U_I618/ZN
 sa0   --   U_I618/A1
 sa0   --   U_I618/A2
 sa0   --   U_I69/ZN
 sa1   --   U_I69/A
 sa1   --   pcnt12
 sa1   --   U_I1120_1/A2
 sa0   DS   pcnt27
 sa0   --   U_I985_1/A1
 sa0   DS   pcnt241
 sa0   --   U_I627/A1
 sa0   DS   U_I627/ZN
 sa1   --   U_I627/A1
 sa1   --   U_I627/A2
 sa1   --   pcnt241
 sa0   --   U_I909_1/A2
 sa0   DS   U_I347/ZN
 sa1   --   U_I347/A
 sa1   --   U_I346/ZN
 sa0   --   U_I346/A2
 sa0   --   U_I346/A1
 sa0   --   U_I985_1/ZN
 sa0   --   U_I899/A2
 sa0   DS   U_I1123_1/ZN
 sa0   --   U_I1123_1/A1
 sa0   --   U_I1123_1/A2
 sa0   --   U_I899/A3
 sa1   DS   U_I490/ZN
 sa0   --   U_I490/A1
 sa0   --   U_I490/A2
 sa1   --   U_I1081_1/A2
 sa0   DS   U_I985_1/A2
 sa1   DS   U_I909_1/ZN
 sa1   --   U_I909_1/A1
 sa1   --   U_I909_1/A2
 sa1   --   U_I627/ZN
 sa1   --   U_I6/A1
 sa1   DS   U_I1110_1/ZN
 sa1   --   U_I1110_1/A1
 sa1   --   U_I1110_1/A2
 sa1   --   U_I884/A1
 sa1   DS   U_I490/A1
 sa1   DS   U_I618/A2
 sa0   DS   U_I627/A2
 sa1   DS   U_I985_1/ZN
 sa1   --   U_I985_1/A1
 sa1   --   U_I985_1/A2
 sa1   --   pcnt27
 sa1   --   U_I346/A1
 sa1   DS   U_I6/ZN
 sa0   --   U_I6/A2
 sa0   --   U_I6/A3
 sa0   --   U_I6/A1
 sa0   --   U_I899/ZN
 sa1   --   U_I899/A1
 sa1   --   U_I899/A3
 sa1   --   U_I899/A2
 sa0   --   U_I895/ZN
 sa1   --   U_I895/A1
 sa1   --   U_I895/A2
 sa0   --   U_I909_1/ZN
 sa1   --   U_I872/ZN
 sa0   --   U_I872/A2
 sa0   --   U_I872/A3
 sa0   --   U_I872/A1
 sa1   --   U_I1123_1/ZN
 sa1   --   U_I347/ZN
 sa0   --   U_I347/A
 sa1   --   U_I884/ZN
 sa0   --   U_I884/A1
 sa0   --   U_I884/A2
 sa0   --   U_I884/A3
 sa1   --   U_I1120_1/ZN
 sa0   --   U_I1095_2/ZN
 sa0   --   U_I774/ZN
 sa0   --   U_I1095_1/ZN
 sa0   --   U_I346/ZN
 sa0   --   U_I1110_1/ZN
 sa0   --   U_I861/ZN
 sa1   --   U_I861/A2
 sa1   --   U_I861/A1
 sa0   --   U_I326/ZN
 sa1   --   U_I1081_2/ZN
 sa1   --   U_I1081_1/ZN
 sa1   DS   U_I1123_1/A1
 sa1   DS   U_I1123_1/A2
 sa0   DS   U_I1120_1/ZN
 sa0   --   U_I1120_1/A1
 sa0   --   U_I1120_1/A2
 sa0   --   U_I618/ZN
 sa0   --   U_I895/A2
 sa1   DS   U_I1120_1/A1
 sa0   DS   U_I1081_1/ZN
 sa0   --   U_I1081_1/A1
 sa0   --   U_I1081_1/A3
 sa0   --   U_I1081_1/A2
 sa0   --   U_I490/ZN
 sa0   --   U_I861/A1
 sa1   DS   U_I1081_1/A1
 sa1   DS   U_I1081_1/A3
 sa0   DS   U_I1081_2/ZN
 sa0   --   U_I1081_2/A1
 sa0   --   U_I1081_2/A2
 sa0   --   U_I861/A2
 sa1   DS   U_I1081_2/A1
 sa1   DS   U_I1081_2/A2
 sa0   DS   U_I909_1/A1
 sa1   DS   U_I1095_1/ZN
 sa1   --   U_I1095_1/A1
 sa1   --   U_I1095_1/A2
 sa1   --   U_I872/A1
 sa0   DS   U_I1095_1/A1
 sa0   DS   U_I1095_1/A2
 sa1   DS   U_I326/ZN
 sa0   --   U_I326/A2
 sa0   --   U_I326/A1
 sa0   --   U_I982_1/ZN
 sa1   --   U_I884/A3
 sa1   DS   U_I982_1/ZN
 sa1   --   U_I982_1/A1
 sa1   --   U_I982_1/A2
 sa1   --   U_I326/A1
 sa0   DS   U_I982_1/A1
 sa0   DS   U_I982_1/A2
 sa1   DS   U_I1095_2/ZN
 sa1   --   U_I1095_2/A2
 sa1   --   U_I1095_2/A1
 sa1   --   U_I872/A2
 sa0   DS   U_I1095_2/A1
 sa0   DS   U_I1095_2/A2
 sa0   DS   U_I1110_1/A1
 sa0   DS   U_I1110_1/A2
 sa1   DS   U_I490/A2
 sa1   DS   U_I774/ZN
 sa0   --   U_I774/A1
 sa0   --   U_I774/A2
 sa0   --   U_I774/A3
 sa1   --   U_I872/A3
 sa1   DS   U_I774/A1
 sa1   DS   U_I774/A2
 sa1   DS   U_I774/A3
 sa1   DS   U_I346/A2
 sa1   DS   U_I326/A2
 sa0   DS   U_I872/ZN
 sa0   --   U_I899/A1
 sa0   DS   U_I884/ZN
 sa0   --   U_I895/A1
 sa1   DS   U_I861/ZN
 sa1   --   U_I884/A2
 sa0   DS   U_I6/ZN
 sa1   DS   U_I899/ZN
 sa1   --   U_I6/A2
 sa1   DS   U_I895/ZN
 sa1   --   U_I6/A3
 sa1   DS   U_I69/ZN
 sa0   --   U_I69/A
 sa0   --   pcnt12
 sa1   --   U_I618/A1
 sa1   DI   U_st_1/seq_SDFF_X10/nextstate
 sa0   DI   U_st_1/seq_SDFF_X10/nextstate
 sa1   DI   U_st_1/seq_SDFF_X10/CK
 sa0   DI   U_st_1/seq_SDFF_X10/CK
 sa1   DI   U_st_1/seq_SDFF_X10/IQ
 sa0   DI   U_st_0/seq_SDFF_X10/IQ
 sa1   DS   john
 sa1   --   U_I946_2/A1
 sa1   DS   U_I810/ZN
 sa0   --   U_I810/A1
 sa0   --   U_I810/A2
 sa0   --   U_I810/A3
 sa0   --   pcnt6
 sa1   --   U_I232/A3
 sa1   DS   pcnt6
 sa1   --   U_I810/A1
 sa1   DS   U_I67/ZN
 sa0   --   U_I67/A
 sa0   --   cnt261
 sa1   --   U_I782/A1
 sa0   DS   U_I936_1/ZN
 sa0   --   U_I936_1/A1
 sa0   --   U_I936_1/A2
 sa0   --   cnt591
 sa0   --   U_I131/A1
 sa1   DS   cnt591
 sa1   --   U_I936_1/A1
 sa1   DS   cnt283
 sa1   --   U_I950_2/A2
 sa0   DS   U_I936_2/ZN
 sa0   --   U_I936_2/A1
 sa0   --   U_I936_2/A2
 sa0   --   cnt272
 sa0   --   U_I131/A2
 sa1   DS   cnt509
 sa1   --   U_I954_1/A2
 sa1   DS   U_I710/ZN
 sa0   --   U_I710/A1
 sa0   --   U_I710/A2
 sa0   --   U_I467/ZN
 sa1   --   U_I467/A
 sa1   --   U_I234/A3
 sa0   DS   U_I1085_1/ZN
 sa0   --   U_I1085_1/A1
 sa0   --   U_I1085_1/A2
 sa0   --   U_I787/ZN
 sa1   --   U_I787/A1
 sa1   --   U_I787/A2
 sa1   --   U_I787/A3
 sa0   --   U_I130/ZN
 sa1   --   U_I130/A
 sa1   --   U_I131/ZN
 sa0   --   U_I863/A1
 sa1   DS   U_I936_2/A2
 sa1   DS   U_I946_1/A1
 sa0   DS   U_I950_1/ZN
 sa0   --   U_I950_1/A1
 sa0   --   U_I950_1/A2
 sa0   --   U_I213/A1
 sa1   DS   U_I698/ZN
 sa0   --   U_I698/A1
 sa0   --   U_I698/A2
 sa1   --   U_I988_1/A2
 sa1   DS   U_I714/ZN
 sa0   --   U_I714/A2
 sa0   --   U_I714/A1
 sa0   --   U_I1038_1/ZN
 sa1   --   U_I234/A4
 sa1   DS   U_I1038_1/ZN
 sa1   --   U_I1038_1/A1
 sa1   --   U_I1038_1/A2
 sa1   --   U_I714/A1
 sa0   DS   U_I1038_1/A1
 sa0   DS   U_I1038_1/A2
 sa1   DS   U_I962_2/ZN
 sa1   --   U_I962_2/A1
 sa1   --   U_I962_2/A2
 sa1   --   U_I232/A2
 sa0   DS   U_I962_2/A2
 sa0   DS   U_I962_1/A2
 sa1   DS   U_I782/ZN
 sa0   --   U_I782/A1
 sa0   --   U_I782/A2
 sa0   --   U_I782/A3
 sa0   --   U_I67/ZN
 sa1   --   U_I67/A
 sa1   --   cnt261
 sa1   --   U_I7/A2
 sa0   DS   U_I950_2/ZN
 sa0   --   U_I950_2/A1
 sa0   --   U_I950_2/A2
 sa0   --   cnt283
 sa0   --   U_I213/A2
 sa1   DS   cnt272
 sa1   --   U_I936_2/A1
 sa0   DS   U_I954_1/ZN
 sa0   --   U_I954_1/A1
 sa0   --   U_I954_1/A2
 sa0   --   U_I954_1/A3
 sa0   --   cnt509
 sa0   --   U_I217/A1
 sa0   DS   U_I68/ZN
 sa1   --   U_I68/A
 sa0   --   U_I371/A1
 sa0   DS   U_I371/ZN
 sa1   --   U_I371/A1
 sa1   --   U_I371/A2
 sa1   --   U_I68/ZN
 sa0   --   U_I68/A
 sa1   --   U_I988_1/ZN
 sa0   --   U_I831/A1
 sa1   DS   U_I467/ZN
 sa0   --   U_I467/A
 sa1   --   U_I710/A1
 sa0   DS   U_I462/ZN
 sa1   --   U_I462/A
 sa0   --   U_I962_1/A1
 sa1   DS   U_I962_1/ZN
 sa1   --   U_I962_1/A1
 sa1   --   U_I962_1/A2
 sa1   --   U_I462/ZN
 sa0   --   U_I462/A
 sa1   --   U_I232/A1
 sa1   DS   U_I130/ZN
 sa0   --   U_I130/A
 sa0   --   U_I131/ZN
 sa1   --   U_I131/A1
 sa1   --   U_I131/A2
 sa1   --   U_I936_1/ZN
 sa1   --   U_I936_2/ZN
 sa1   --   U_I1085_1/A2
 sa1   DS   U_I7/ZN
 sa0   --   U_I7/A3
 sa0   --   U_I7/A2
 sa0   --   U_I7/A1
 sa0   --   U_I887/ZN
 sa1   --   U_I887/A1
 sa1   --   U_I887/A2
 sa0   --   U_I782/ZN
 sa0   --   U_I778/ZN
 sa1   --   U_I778/A
 sa1   --   U_I874/ZN
 sa0   --   U_I874/A2
 sa0   --   U_I874/A3
 sa0   --   U_I874/A1
 sa1   --   U_I1113_1/ZN
 sa1   --   U_I779/ZN
 sa0   --   U_I863/ZN
 sa1   --   U_I863/A2
 sa1   --   U_I863/A1
 sa0   --   U_I831/ZN
 sa1   --   U_I831/A1
 sa1   --   U_I831/A2
 sa0   --   U_I1099_1/ZN
 sa1   --   U_I1085_2/ZN
 sa1   --   U_I1085_1/ZN
 sa1   --   U_I371/ZN
 sa1   --   U_I1065_1/ZN
 sa1   DS   U_I778/ZN
 sa0   --   U_I778/A
 sa0   --   U_I779/ZN
 sa1   --   U_I779/A2
 sa1   --   U_I779/A3
 sa1   --   U_I779/A1
 sa1   --   U_I7/A1
 sa0   DS   U_I1085_2/ZN
 sa0   --   U_I1085_2/A1
 sa0   --   U_I1085_2/A2
 sa0   --   U_I216/ZN
 sa1   --   U_I216/A
 sa1   --   U_I217/ZN
 sa0   --   U_I863/A2
 sa1   DS   U_I216/ZN
 sa0   --   U_I216/A
 sa0   --   U_I217/ZN
 sa1   --   U_I217/A2
 sa1   --   U_I217/A1
 sa1   --   U_I954_2/ZN
 sa1   --   U_I954_1/ZN
 sa1   --   U_I1085_2/A2
 sa0   DS   U_I946_1/ZN
 sa0   --   U_I946_1/A1
 sa0   --   U_I946_1/A2
 sa0   --   U_I209/A1
 sa0   DS   U_I209/ZN
 sa1   --   U_I209/A1
 sa1   --   U_I209/A2
 sa1   --   U_I946_1/ZN
 sa1   --   U_I946_2/ZN
 sa0   --   U_I1099_1/A2
 sa1   DS   U_I946_1/A2
 sa1   DS   U_I946_2/A2
 sa1   DS   U_I936_1/A2
 sa1   DS   U_I234/ZN
 sa0   --   U_I234/A2
 sa0   --   U_I234/A4
 sa0   --   U_I234/A3
 sa0   --   U_I234/A1
 sa0   --   U_I814/ZN
 sa0   --   U_I714/ZN
 sa0   --   U_I710/ZN
 sa0   --   U_I213/ZN
 sa1   --   U_I213/A1
 sa1   --   U_I213/A2
 sa1   --   U_I950_1/ZN
 sa1   --   U_I950_2/ZN
 sa1   --   U_I1113_1/A2
 sa1   DS   U_I950_2/A1
 sa1   DS   U_I950_1/A1
 sa1   DS   U_I950_1/A2
 sa0   DS   U_I954_2/ZN
 sa0   --   U_I954_2/A1
 sa0   --   U_I954_2/A2
 sa0   --   U_I954_2/A3
 sa0   --   U_I217/A2
 sa1   DS   U_I954_2/A1
 sa1   DS   U_I954_2/A2
 sa1   DS   U_I954_2/A3
 sa0   DS   U_I988_1/ZN
 sa0   --   U_I988_1/A2
 sa0   --   U_I988_1/A1
 sa0   --   U_I698/ZN
 sa0   --   U_I694/ZN
 sa0   --   U_I371/A2
 sa1   DS   U_I694/ZN
 sa0   --   U_I694/A1
 sa0   --   U_I694/A2
 sa1   --   U_I988_1/A1
 sa1   DS   U_I787/ZN
 sa1   --   U_I1085_1/A1
 sa1   DS   U_I954_1/A1
 sa1   DS   U_I954_1/A3
 sa0   DS   U_I1065_1/ZN
 sa0   --   U_I1065_1/A1
 sa0   --   U_I1065_1/A2
 sa0   --   U_I232/ZN
 sa0   --   U_I831/A2
 sa1   DS   U_I1065_1/A1
 sa1   DS   U_I232/ZN
 sa0   --   U_I232/A1
 sa0   --   U_I232/A2
 sa0   --   U_I232/A3
 sa0   --   U_I962_1/ZN
 sa0   --   U_I962_2/ZN
 sa0   --   U_I810/ZN
 sa1   --   U_I1065_1/A2
 sa0   DS   U_I1113_1/ZN
 sa0   --   U_I1113_1/A1
 sa0   --   U_I1113_1/A2
 sa0   --   U_I234/ZN
 sa0   --   U_I887/A2
 sa1   DS   U_I1113_1/A1
 sa1   DS   U_I1085_2/A1
 sa0   DS   U_I962_2/A1
 sa1   DS   U_I1099_1/ZN
 sa1   --   U_I1099_1/A1
 sa1   --   U_I1099_1/A2
 sa1   --   U_I209/ZN
 sa1   --   U_I874/A1
 sa0   DS   U_I1099_1/A1
 sa1   DS   U_I814/ZN
 sa0   --   U_I814/A1
 sa0   --   U_I814/A2
 sa0   --   U_I814/A3
 sa1   --   U_I234/A2
 sa1   DS   U_I814/A1
 sa1   DS   U_I814/A2
 sa1   DS   U_I814/A3
 sa1   DS   U_I698/A1
 sa1   DS   U_I698/A2
 sa1   DS   U_I694/A1
 sa1   DS   U_I694/A2
 sa1   DS   U_I810/A2
 sa1   DS   U_I810/A3
 sa1   DS   U_I782/A2
 sa1   DS   U_I782/A3
 sa1   DS   U_I710/A2
 sa1   DS   U_I714/A2
 sa1   DS   U_I213/ZN
 sa1   --   U_I234/A1
 sa0   DS   U_I874/ZN
 sa0   --   U_I887/A1
 sa1   DS   U_I863/ZN
 sa1   --   U_I874/A2
 sa1   DS   U_I831/ZN
 sa1   --   U_I874/A3
 sa0   DS   U_I7/ZN
 sa1   DS   U_I887/ZN
 sa1   --   U_I7/A3
 sa0   DS   U_I787/A1
 sa0   DS   U_I787/A2
 sa0   DS   U_I787/A3
 sa0   DS   U_I779/A1
 sa0   DS   U_I779/A2
 sa0   DS   U_I779/A3
 sa0   DS   U_I946_2/ZN
 sa0   --   U_I946_2/A1
 sa0   --   U_I946_2/A2
 sa0   --   john
 sa0   --   U_I209/A2
 sa1   DI   U_st_0/seq_SDFF_X10/nextstate
 sa0   DI   U_st_0/seq_SDFF_X10/nextstate
 sa1   DI   U_st_0/seq_SDFF_X10/CK
 sa0   DI   U_st_0/seq_SDFF_X10/CK
 sa1   DI   U_st_0/seq_SDFF_X10/IQ
 sa0   DI   test_so
 sa1   DI   test_so
 sa0   DS   cnt13
 sa1   DS   cnt13
 sa0   DS   cnt21
 sa1   DS   cnt21
 sa0   DS   cnt284
 sa1   DS   cnt284
 sa0   DS   cnt44
 sa1   DS   cnt44
 sa1   DS   pcnt17
 sa0   DS   pcnt17
 sa0   DS   cnt45
 sa1   DS   cnt45
 sa1   DS   U_I73/ZN
 sa0   --   U_I73/A
 sa0   --   cnt567
 sa0   DS   U_I73/ZN
 sa1   --   U_I73/A
 sa1   --   cnt567
 sa0   DS   cnt10
 sa1   DS   cnt10
 sa0   DS   U_I61/ZN
 sa1   --   U_I61/A
 sa1   DS   U_I61/ZN
 sa0   --   U_I61/A
 sa0   DS   U_I60/ZN
 sa1   --   U_I60/A
 sa1   DS   U_I60/ZN
 sa0   --   U_I60/A
 sa0   DS   U_I59/ZN
 sa1   --   U_I59/A
 sa1   DS   U_I59/ZN
 sa0   --   U_I59/A
 sa0   DS   U_I58/ZN
 sa1   --   U_I58/A
 sa1   DS   U_I58/ZN
 sa0   --   U_I58/A
 sa0   DS   U_I57/ZN
 sa1   --   U_I57/A
 sa1   DS   U_I57/ZN
 sa0   --   U_I57/A
 sa0   DS   U_I56/ZN
 sa1   --   U_I56/A
 sa1   DS   U_I56/ZN
 sa0   --   U_I56/A
 sa0   DS   U_I554/ZN
 sa1   --   U_I554/A
 sa1   DS   U_I554/ZN
 sa0   --   U_I554/A
 sa0   DS   U_I591/ZN
 sa1   --   U_I591/A
 sa0   --   U_I95/A2
 sa0   DS   U_I95/ZN
 sa1   --   U_I95/A1
 sa1   --   U_I95/A2
 sa1   --   U_I591/ZN
 sa0   --   U_I591/A
 sa1   DS   U_I95/ZN
 sa0   DS   U_I95/A1
 sa0   DS   U_I594/ZN
 sa1   --   U_I594/A
 sa0   --   U_I463/A2
 sa0   DS   U_I463/ZN
 sa1   --   U_I463/A1
 sa1   --   U_I463/A2
 sa1   --   U_I594/ZN
 sa0   --   U_I594/A
 sa1   DS   U_I463/ZN
 sa0   DS   U_I463/A1
 sa0   DS   U_I546/ZN
 sa1   --   U_I546/A
 sa1   DS   U_I546/ZN
 sa0   --   U_I546/A
 sa0   DS   U_I475/ZN
 sa1   --   U_I475/A
 sa1   DS   U_I475/ZN
 sa0   --   U_I475/A
 sa0   DS   U_I798/ZN
 sa1   --   U_I798/A
 sa0   --   U_csm/A2
 sa0   DS   csm
 sa0   --   U_csm/ZN
 sa1   --   U_csm/A2
 sa1   --   U_csm/A1
 sa1   --   U_I798/ZN
 sa0   --   U_I798/A
 sa1   DS   csm
 sa1   --   U_csm/ZN
 sa0   DS   U_csm/A1
 sa0   DS   U_I495/ZN
 sa1   --   U_I495/A
 sa1   DS   U_I495/ZN
 sa0   --   U_I495/A
 sa0   DS   U_I567/ZN
 sa1   --   U_I567/A
 sa1   DS   U_I567/ZN
 sa0   --   U_I567/A
 sa0   DS   U_I483/ZN
 sa1   --   U_I483/A
 sa1   DS   U_I483/ZN
 sa0   --   U_I483/A
 sa0   DS   U_I530/ZN
 sa1   --   U_I530/A
 sa1   DS   U_I530/ZN
 sa0   --   U_I530/A
 sa1   DS   cclr
 sa1   --   U_cclr/ZN
 sa0   --   U_cclr/A2
 sa0   --   U_cclr/A3
 sa0   --   U_cclr/A4
 sa0   --   U_cclr/A1
 sa0   --   U_I877/ZN
 sa1   --   U_I877/A3
 sa1   --   U_I877/A2
 sa1   --   U_I877/A1
 sa0   --   U_I390/ZN
 sa0   --   U_I486/ZN
 sa1   --   U_I486/A
 sa1   --   U_I1102_2/ZN
 sa1   --   U_I1102_1/ZN
 sa0   DS   U_I1102_2/ZN
 sa0   --   U_I1102_2/A1
 sa0   --   U_I1102_2/A2
 sa0   --   U_I877/A2
 sa1   DS   U_I486/ZN
 sa0   --   U_I486/A
 sa1   --   U_cclr/A1
 sa1   DS   U_I1102_2/A1
 sa1   DS   U_I1102_2/A2
 sa0   DS   U_I1102_1/ZN
 sa0   --   U_I1102_1/A1
 sa0   --   U_I1102_1/A2
 sa0   --   U_I877/A1
 sa1   DS   U_I1102_1/A1
 sa1   DS   U_I1102_1/A2
 sa1   DS   U_I390/ZN
 sa0   --   U_I390/A1
 sa0   --   U_I390/A2
 sa1   --   U_cclr/A4
 sa1   DS   U_I390/A1
 sa1   DS   U_I390/A2
 sa0   DS   cclr
 sa0   --   U_cclr/ZN
 sa1   DS   U_I877/ZN
 sa1   --   U_cclr/A2
 sa1   DS   U_cclr/A3
 sa0   DS   U_I877/A3
 sa0   DS   U_I607/ZN
 sa1   --   U_I607/A
 sa0   --   U_I731/A2
 sa0   DS   U_I1106_1/ZN
 sa0   --   U_I1106_1/A1
 sa0   --   U_I1106_1/A2
 sa0   --   U_I881/A1
 sa1   DS   U_I924_2/ZN
 sa1   --   U_I924_2/A1
 sa1   --   U_I924_2/A2
 sa1   --   U_csync/A2
 sa1   DS   U_I838/A2
 sa0   DS   U_I731/ZN
 sa1   --   U_I731/A1
 sa1   --   U_I731/A2
 sa1   --   U_I607/ZN
 sa0   --   U_I607/A
 sa0   --   U_I924_1/A2
 sa1   DS   csync
 sa1   --   U_csync/ZN
 sa0   --   U_csync/A1
 sa0   --   U_csync/A3
 sa0   --   U_csync/A2
 sa0   --   U_I924_1/ZN
 sa0   --   U_I881/ZN
 sa1   --   U_I881/A1
 sa1   --   U_I881/A3
 sa1   --   U_I881/A2
 sa0   --   U_I924_2/ZN
 sa1   --   U_I1106_1/ZN
 sa1   --   U_I838/ZN
 sa0   --   U_I838/A1
 sa0   --   U_I838/A2
 sa1   --   U_I1106_2/ZN
 sa0   --   U_I1074_1/ZN
 sa1   DS   U_I1106_1/A1
 sa1   DS   U_I1106_1/A2
 sa0   DS   U_I1106_2/ZN
 sa0   --   U_I1106_2/A1
 sa0   --   U_I1106_2/A2
 sa0   --   U_I881/A2
 sa1   DS   U_I1106_2/A1
 sa1   DS   U_I1106_2/A2
 sa0   DS   U_I924_2/A1
 sa0   DS   U_I924_2/A2
 sa1   DS   U_I1074_1/ZN
 sa1   --   U_I1074_1/A2
 sa1   --   U_I1074_1/A1
 sa1   --   U_I838/A1
 sa0   DS   U_I1074_1/A1
 sa0   DS   U_I1074_1/A2
 sa1   DS   U_I924_1/ZN
 sa1   --   U_I924_1/A1
 sa1   --   U_I924_1/A2
 sa1   --   U_I731/ZN
 sa1   --   U_csync/A1
 sa0   DS   U_I924_1/A1
 sa0   DS   U_I838/ZN
 sa0   --   U_I881/A3
 sa0   DS   csync
 sa0   --   U_csync/ZN
 sa1   DS   U_I881/ZN
 sa1   --   U_csync/A3
 sa0   DS   U_I731/A1
 sa0   DS   U_I1089_1/ZN
 sa0   --   U_I1089_1/A1
 sa0   --   U_I1089_1/A2
 sa0   --   U_I867/A2
 sa1   DS   vsync
 sa1   --   U_vsync/ZN
 sa0   --   U_vsync/A2
 sa0   --   U_vsync/A1
 sa0   --   U_vsync/A3
 sa0   --   U_I855/ZN
 sa1   --   U_I855/A2
 sa1   --   U_I855/A1
 sa0   --   U_I914_1/ZN
 sa0   --   U_I867/ZN
 sa1   --   U_I867/A1
 sa1   --   U_I867/A2
 sa1   --   U_I834/ZN
 sa0   --   U_I834/A1
 sa0   --   U_I834/A2
 sa1   --   U_I1089_1/ZN
 sa0   --   U_I1068_1/ZN
 sa1   DS   U_I1089_1/A1
 sa1   DS   U_I1089_1/A2
 sa1   DS   U_I914_1/ZN
 sa1   --   U_I914_1/A1
 sa1   --   U_I914_1/A2
 sa1   --   U_vsync/A1
 sa0   DS   U_I914_1/A1
 sa0   DS   U_I914_1/A2
 sa1   DS   U_I1068_1/ZN
 sa1   --   U_I1068_1/A1
 sa1   --   U_I1068_1/A2
 sa1   --   U_I834/A1
 sa0   DS   U_I1068_1/A1
 sa0   DS   U_I1068_1/A2
 sa0   DS   U_I834/ZN
 sa0   --   U_I867/A1
 sa1   DS   U_I834/A2
 sa0   DS   vsync
 sa0   --   U_vsync/ZN
 sa1   DS   U_I855/ZN
 sa1   --   U_vsync/A2
 sa1   DS   U_I867/ZN
 sa1   --   U_vsync/A3
 sa0   DS   U_I855/A1
 sa0   DS   U_I855/A2
 sa0   DS   U_I1071_1/ZN
 sa0   --   U_I1071_1/A1
 sa0   --   U_I1071_1/A2
 sa0   --   U_I837/A2
 sa1   DS   pc
 sa1   --   U_pc/ZN
 sa0   --   U_pc/A1
 sa0   --   U_pc/A2
 sa0   --   U_I921_1/ZN
 sa0   --   U_I837/ZN
 sa1   --   U_I837/A1
 sa1   --   U_I837/A2
 sa1   --   U_I1071_1/ZN
 sa1   DS   U_I1071_1/A1
 sa1   DS   U_I1071_1/A2
 sa1   DS   U_I921_1/ZN
 sa1   --   U_I921_1/A1
 sa1   --   U_I921_1/A2
 sa1   --   U_pc/A1
 sa0   DS   U_I921_1/A1
 sa0   DS   U_I921_1/A2
 sa0   DS   pc
 sa0   --   U_pc/ZN
 sa1   DS   U_I837/ZN
 sa1   --   U_pc/A2
 sa0   DS   U_I837/A1
 sa0   DS   U_I1077_1/ZN
 sa0   --   U_I1077_1/A2
 sa0   --   U_I1077_1/A1
 sa0   --   U_I841/A2
 sa0   DS   U_I928_1/A1
 sa1   DS   cblank
 sa1   --   U_cblank/ZN
 sa0   --   U_cblank/A2
 sa0   --   U_cblank/A1
 sa0   --   U_I841/ZN
 sa1   --   U_I841/A1
 sa1   --   U_I841/A2
 sa0   --   U_I928_1/ZN
 sa1   --   U_I1077_1/ZN
 sa1   DS   U_I1077_1/A1
 sa1   DS   U_I1077_1/A2
 sa1   DS   U_I928_1/ZN
 sa1   --   U_I928_1/A1
 sa1   --   U_I928_1/A2
 sa1   --   U_cblank/A1
 sa0   DS   U_I928_1/A2
 sa0   DS   cblank
 sa0   --   U_cblank/ZN
 sa1   DS   U_I841/ZN
 sa1   --   U_cblank/A2
 sa0   DS   U_I841/A1
 sa1   DS   U_I104/ZN
 sa0   --   U_I104/A2
 sa0   --   U_I104/A1
 sa0   --   U_I933_1/ZN
 sa1   DS   U_I933_1/ZN
 sa1   --   U_I933_1/A1
 sa1   --   U_I933_1/A2
 sa1   --   U_I104/A1
 sa0   DS   U_I933_1/A1
 sa0   DS   U_I933_1/A2
 sa0   DS   U_I104/ZN
 sa1   DS   U_I104/A2
 sa1   DS   pclr
 sa1   --   U_pclr/ZN
 sa0   --   U_pclr/A2
 sa0   --   U_pclr/A1
 sa0   --   U_I917_2/ZN
 sa0   --   U_I917_1/ZN
 sa1   DS   U_I917_1/ZN
 sa1   --   U_I917_1/A1
 sa1   --   U_I917_1/A2
 sa1   --   U_I917_1/A3
 sa1   --   U_pclr/A1
 sa0   DS   U_I917_1/A1
 sa0   DS   U_I917_1/A2
 sa0   DS   U_I917_1/A3
 sa1   DS   U_I917_2/ZN
 sa1   --   U_I917_2/A1
 sa1   --   U_I917_2/A2
 sa1   --   U_pclr/A2
 sa0   DS   U_I917_2/A1
 sa0   DS   U_I917_2/A2
 sa0   DS   pclr
 sa0   --   U_pclr/ZN
 sa0   DS   U_I590/ZN
 sa1   DS   U_I590/A1
 sa1   DS   U_I590/ZN
 sa0   --   U_I590/A1
 sa0   --   U_I590/A2
 sa1   DS   U_I590/A2
 sa0   DS   U_I458/ZN
 sa1   DS   U_I458/ZN
 sa0   --   U_I458/A1
 sa0   --   U_I458/A2
 sa1   DS   U_I458/A1
 sa1   DS   U_I458/A2
 sa0   DS   U_I578/ZN
 sa1   DS   U_I578/ZN
 sa0   --   U_I578/A1
 sa0   --   U_I578/A2
 sa1   DS   U_I578/A1
 sa1   DS   U_I578/A2
 sa0   DS   U_I666/ZN
 sa1   DS   U_I666/ZN
 sa0   --   U_I666/A1
 sa0   --   U_I666/A2
 sa1   DS   U_I666/A1
 sa1   DS   U_I666/A2
 sa0   DS   U_I658/ZN
 sa1   DS   U_I658/A1
 sa1   DS   U_I658/ZN
 sa0   --   U_I658/A1
 sa0   --   U_I658/A2
 sa1   DS   U_I658/A2
 sa0   DS   U_I574/ZN
 sa1   DS   U_I574/A2
 sa1   DS   U_I574/ZN
 sa0   --   U_I574/A1
 sa0   --   U_I574/A2
 sa1   DS   U_I574/A1
 sa0   DS   U_I498/ZN
 sa1   DS   U_I498/ZN
 sa0   --   U_I498/A1
 sa0   --   U_I498/A2
 sa1   DS   U_I498/A1
 sa1   DS   U_I498/A2
 sa0   DS   U_I638/ZN
 sa1   DS   U_I638/ZN
 sa0   --   U_I638/A1
 sa0   --   U_I638/A2
 sa1   DS   U_I638/A1
 sa1   DS   U_I638/A2
 sa0   DS   U_I642/ZN
 sa1   DS   U_I642/A2
 sa1   DS   U_I642/ZN
 sa0   --   U_I642/A1
 sa0   --   U_I642/A2
 sa1   DS   U_I642/A1
 sa0   DS   U_I474/ZN
 sa1   DS   U_I474/A1
 sa1   DS   U_I474/ZN
 sa0   --   U_I474/A1
 sa0   --   U_I474/A2
 sa1   DS   U_I474/A2
 sa0   DS   U_I570/ZN
 sa1   DS   U_I570/A1
 sa1   DS   U_I570/A2
 sa1   DS   U_I570/ZN
 sa0   --   U_I570/A2
 sa0   --   U_I570/A1
 sa0   DS   U_I742/ZN
 sa1   DS   U_I742/ZN
 sa0   --   U_I742/A1
 sa0   --   U_I742/A2
 sa1   DS   U_I742/A1
 sa1   DS   U_I742/A2
 sa0   DS   U_I478/ZN
 sa1   DS   U_I478/ZN
 sa0   --   U_I478/A1
 sa0   --   U_I478/A2
 sa1   DS   U_I478/A1
 sa1   DS   U_I478/A2
 sa0   DS   U_I494/ZN
 sa1   DS   U_I494/ZN
 sa0   --   U_I494/A1
 sa0   --   U_I494/A2
 sa1   DS   U_I494/A1
 sa1   DS   U_I494/A2
 sa0   DS   U_I466/ZN
 sa1   DS   U_I466/ZN
 sa0   --   U_I466/A1
 sa0   --   U_I466/A2
 sa1   DS   U_I466/A1
 sa1   DS   U_I466/A2
 sa0   DS   U_I506/ZN
 sa1   DS   U_I506/A2
 sa1   DS   U_I506/ZN
 sa0   --   U_I506/A1
 sa0   --   U_I506/A2
 sa1   DS   U_I506/A1
 sa0   DS   U_I566/ZN
 sa1   DS   U_I566/ZN
 sa0   --   U_I566/A1
 sa0   --   U_I566/A2
 sa1   DS   U_I566/A1
 sa1   DS   U_I566/A2
 sa0   DS   U_I482/ZN
 sa1   DS   U_I482/ZN
 sa0   --   U_I482/A1
 sa0   --   U_I482/A2
 sa1   DS   U_I482/A1
 sa1   DS   U_I482/A2
 sa0   DS   U_I606/ZN
 sa1   DS   U_I606/ZN
 sa0   --   U_I606/A2
 sa0   --   U_I606/A1
 sa1   DS   U_I606/A1
 sa1   DS   U_I606/A2
 sa0   DS   U_I555/ZN
 sa1   --   U_I555/A1
 sa1   --   U_I555/A2
 sa0   DS   U_I555/A1
 sa1   DS   U_I555/ZN
 sa0   DS   U_I555/A2
 sa0   DS   U_I587/ZN
 sa1   --   U_I587/A1
 sa1   --   U_I587/A2
 sa1   DS   U_I587/ZN
 sa0   DS   U_I587/A1
 sa0   DS   U_I587/A2
 sa0   DS   U_I595/ZN
 sa1   --   U_I595/A1
 sa1   --   U_I595/A2
 sa1   DS   U_I595/ZN
 sa0   DS   U_I595/A1
 sa0   DS   U_I595/A2
 sa0   DS   U_I511/ZN
 sa1   --   U_I511/A1
 sa1   --   U_I511/A2
 sa0   DS   U_I511/A1
 sa1   DS   U_I511/ZN
 sa0   DS   U_I511/A2
 sa0   DS   U_I739/ZN
 sa1   --   U_I739/A1
 sa1   --   U_I739/A2
 sa1   DS   U_I739/ZN
 sa0   DS   U_I739/A1
 sa0   DS   U_I739/A2
 sa0   DS   U_I547/A1
 sa0   DS   U_I547/A2
 sa0   DS   U_I547/ZN
 sa1   --   U_I547/A1
 sa1   --   U_I547/A2
 sa1   DS   U_I547/ZN
 sa0   DS   U_I675/A2
 sa0   DS   U_I675/ZN
 sa1   --   U_I675/A1
 sa1   --   U_I675/A2
 sa1   DS   U_I675/ZN
 sa0   DS   U_I675/A1
 sa0   DS   U_I535/ZN
 sa1   --   U_I535/A1
 sa1   --   U_I535/A2
 sa1   DS   U_I535/ZN
 sa0   DS   U_I535/A1
 sa0   DS   U_I535/A2
 sa0   DS   U_I671/ZN
 sa1   --   U_I671/A1
 sa1   --   U_I671/A2
 sa1   DS   U_I671/ZN
 sa0   DS   U_I671/A1
 sa0   DS   U_I671/A2
 sa0   DS   U_I663/A2
 sa0   DS   U_I663/ZN
 sa1   --   U_I663/A1
 sa1   --   U_I663/A2
 sa1   DS   U_I663/ZN
 sa0   DS   U_I663/A1
 sa0   DS   U_I551/ZN
 sa1   --   U_I551/A1
 sa1   --   U_I551/A2
 sa1   DS   U_I551/ZN
 sa0   DS   U_I551/A1
 sa0   DS   U_I551/A2
 sa0   DS   U_I583/ZN
 sa1   --   U_I583/A2
 sa1   --   U_I583/A1
 sa1   DS   U_I583/ZN
 sa0   DS   U_I583/A1
 sa0   DS   U_I583/A2
 sa0   DS   U_I603/ZN
 sa1   --   U_I603/A1
 sa1   --   U_I603/A2
 sa1   DS   U_I603/ZN
 sa0   DS   U_I603/A1
 sa0   DS   U_I603/A2
 sa0   DS   U_I799/ZN
 sa1   --   U_I799/A1
 sa1   --   U_I799/A2
 sa1   --   U_I799/A3
 sa1   DS   U_I799/ZN
 sa0   DS   U_I799/A1
 sa0   DS   U_I799/A2
 sa0   DS   U_I799/A3
 sa0   DS   U_I563/ZN
 sa1   --   U_I563/A1
 sa1   --   U_I563/A2
 sa1   DS   U_I563/ZN
 sa0   DS   U_I563/A1
 sa0   DS   U_I563/A2
 sa0   DS   U_I795/ZN
 sa1   --   U_I795/A1
 sa1   --   U_I795/A2
 sa1   --   U_I795/A3
 sa1   DS   U_I795/ZN
 sa0   DS   U_I795/A1
 sa0   DS   U_I795/A2
 sa0   DS   U_I795/A3
 sa0   DS   U_I455/ZN
 sa1   --   U_I455/A1
 sa1   --   U_I455/A2
 sa1   DS   U_I455/ZN
 sa0   DS   U_I455/A1
 sa0   DS   U_I455/A2
 sa0   DS   U_I559/ZN
 sa1   --   U_I559/A1
 sa1   --   U_I559/A2
 sa1   DS   U_I559/ZN
 sa0   DS   U_I559/A1
 sa0   DS   U_I559/A2
 sa0   DS   U_I531/ZN
 sa1   --   U_I531/A1
 sa1   --   U_I531/A2
 sa1   DS   U_I531/ZN
 sa0   DS   U_I531/A1
 sa0   DS   U_I531/A2
 sa0   DS   U_I487/ZN
 sa1   --   U_I487/A1
 sa1   --   U_I487/A2
 sa1   DS   U_I487/ZN
 sa0   DS   U_I487/A1
 sa0   DS   U_I487/A2
 sa0   DS   U_I543/ZN
 sa1   --   U_I543/A1
 sa1   --   U_I543/A2
 sa1   DS   U_I543/ZN
 sa0   DS   U_I543/A1
 sa0   DS   U_I543/A2
 sa0   DS   U_I539/ZN
 sa1   --   U_I539/A1
 sa1   --   U_I539/A2
 sa1   DS   U_I539/ZN
 sa0   DS   U_I539/A1
 sa0   DS   U_I539/A2
 sa0   DS   U_I615/ZN
 sa1   --   U_I615/A2
 sa1   --   U_I615/A1
 sa1   DS   U_I615/ZN
 sa0   DS   U_I615/A1
 sa0   DS   U_I615/A2
 sa1   DS   U_I78/ZN
 sa0   --   U_I78/A
 sa0   --   cnt511
 sa0   DS   U_I78/ZN
 sa1   --   U_I78/A
 sa1   --   cnt511
