#                 Statistics Report
#  Circuit name                               s38417
#  Fault model                                   SAF
#  Pattern type                                BASIC
#  -------------------------------------------------
#  Fault classes                             #faults
#  ----------------------------  -------------------
#    FU (full)                                 67954
#    --------------------------  -------------------
#    UD (undetected)                            3460
#    PT (possibly testable)                        0
#    AU (atpg untestable)                          0
#    RE (redundant)                                0
#    AB (atpg abort)                               0
#    TI (tied)                                     0
#    --------------------------  -------------------
#    DT (detected)                             64494
#  -------------------------------------------------
#  Coverage                               percentage
#    --------------------------  -------------------
#    test coverage                            94.91%
#    fault coverage                           94.91%
#    atpg effectiveness                       94.91%
#  -------------------------------------------------
#  #Patterns                                     105
#  -------------------------------------------------
#  ATPG runtime                           1.67e+09 s
#  -------------------------------------------------
