#                 Statistics Report
#  Circuit name                                c5315
#  Fault model                                   SAF
#  Pattern type                                BASIC
#  -------------------------------------------------
#  Fault classes                             #faults
#  ----------------------------  -------------------
#    FU (full)                                  5373
#    --------------------------  -------------------
#    UD (undetected)                              66
#    PT (possibly testable)                        0
#    AU (atpg untestable)                          0
#    RE (redundant)                                0
#    AB (atpg abort)                               0
#    TI (tied)                                     0
#    --------------------------  -------------------
#    DT (detected)                              5307
#  -------------------------------------------------
#  Coverage                               percentage
#    --------------------------  -------------------
#    test coverage                            98.77%
#    fault coverage                           98.77%
#    atpg effectiveness                       98.77%
#  -------------------------------------------------
#  #Patterns                                     220
#  -------------------------------------------------
#  ATPG runtime                             0.0275 s
#  -------------------------------------------------
