#                 Statistics Report
#  Circuit name                                s5378
#  Fault model                                   SAF
#  Pattern type                                BASIC
#  -------------------------------------------------
#  Fault classes                             #faults
#  ----------------------------  -------------------
#    FU (full)                                  5527
#    --------------------------  -------------------
#    UD (undetected)                             404
#    PT (possibly testable)                        0
#    AU (atpg untestable)                         40
#    RE (redundant)                                0
#    AB (atpg abort)                               0
#    TI (tied)                                     0
#    --------------------------  -------------------
#    DT (detected)                              5083
#  -------------------------------------------------
#  Coverage                               percentage
#    --------------------------  -------------------
#    test coverage                            92.64%
#    fault coverage                           91.97%
#    atpg effectiveness                       92.69%
#  -------------------------------------------------
#  #Patterns                                     326
#  -------------------------------------------------
#  ATPG runtime                             0.2044 s
#  -------------------------------------------------
