#                 Statistics Report
#  Circuit name                               s38584
#  Fault model                                   SAF
#  Pattern type                                BASIC
#  -------------------------------------------------
#  Fault classes                             #faults
#  ----------------------------  -------------------
#    FU (full)                                 81772
#    --------------------------  -------------------
#    UD (undetected)                            2862
#    PT (possibly testable)                        0
#    AU (atpg untestable)                       2974
#    RE (redundant)                                0
#    AB (atpg abort)                               0
#    TI (tied)                                     0
#    --------------------------  -------------------
#    DT (detected)                             75936
#  -------------------------------------------------
#  Coverage                               percentage
#    --------------------------  -------------------
#    test coverage                            96.37%
#    fault coverage                           92.86%
#    atpg effectiveness                        96.5%
#  -------------------------------------------------
#  #Patterns                                     242
#  -------------------------------------------------
#  ATPG runtime                              113.1 s
#  -------------------------------------------------
