#                 Statistics Report
#  Circuit name                                  s27
#  Fault model                                   SAF
#  Pattern type                                BASIC
#  -------------------------------------------------
#  Fault classes                             #faults
#  ----------------------------  -------------------
#    FU (full)                                    84
#    --------------------------  -------------------
#    UD (undetected)                               6
#    PT (possibly testable)                        0
#    AU (atpg untestable)                          0
#    RE (redundant)                                0
#    AB (atpg abort)                               0
#    TI (tied)                                     0
#    --------------------------  -------------------
#    DT (detected)                                78
#  -------------------------------------------------
#  Coverage                               percentage
#    --------------------------  -------------------
#    test coverage                            92.86%
#    fault coverage                           92.86%
#    atpg effectiveness                       92.86%
#  -------------------------------------------------
#  #Patterns                                       5
#  -------------------------------------------------
#  ATPG runtime                            0.00018 s
#  -------------------------------------------------
