#                 Statistics Report
#  Circuit name                               s15850
#  Fault model                                   SAF
#  Pattern type                                BASIC
#  -------------------------------------------------
#  Fault classes                             #faults
#  ----------------------------  -------------------
#    FU (full)                                 24854
#    --------------------------  -------------------
#    UD (undetected)                            1088
#    PT (possibly testable)                        0
#    AU (atpg untestable)                        566
#    RE (redundant)                                0
#    AB (atpg abort)                               0
#    TI (tied)                                     0
#    --------------------------  -------------------
#    DT (detected)                             23200
#  -------------------------------------------------
#  Coverage                               percentage
#    --------------------------  -------------------
#    test coverage                            95.52%
#    fault coverage                           93.35%
#    atpg effectiveness                       95.62%
#  -------------------------------------------------
#  #Patterns                                     208
#  -------------------------------------------------
#  ATPG runtime                               10.1 s
#  -------------------------------------------------
