#                 Statistics Report
#  Circuit name                                 s208
#  Fault model                                   SAF
#  Pattern type                                BASIC
#  -------------------------------------------------
#  Fault classes                             #faults
#  ----------------------------  -------------------
#    FU (full)                                   293
#    --------------------------  -------------------
#    UD (undetected)                              16
#    PT (possibly testable)                        0
#    AU (atpg untestable)                          0
#    RE (redundant)                                0
#    AB (atpg abort)                               0
#    TI (tied)                                     0
#    --------------------------  -------------------
#    DT (detected)                               277
#  -------------------------------------------------
#  Coverage                               percentage
#    --------------------------  -------------------
#    test coverage                            94.54%
#    fault coverage                           94.54%
#    atpg effectiveness                       94.54%
#  -------------------------------------------------
#  #Patterns                                      30
#  -------------------------------------------------
#  ATPG runtime                           0.001872 s
#  -------------------------------------------------
