#                 Statistics Report
#  Circuit name                               s15850
#  Fault model                                   SAF
#  Pattern type                                BASIC
#  -------------------------------------------------
#  Fault classes                             #faults
#  ----------------------------  -------------------
#    FU (full)                                 15922
#    --------------------------  -------------------
#    UD (undetected)                            1092
#    PT (possibly testable)                        0
#    AU (atpg untestable)                        377
#    RE (redundant)                                0
#    AB (atpg abort)                               0
#    TI (tied)                                     0
#    --------------------------  -------------------
#    DT (detected)                             14453
#  -------------------------------------------------
#  Coverage                               percentage
#    --------------------------  -------------------
#    test coverage                            92.98%
#    fault coverage                           90.77%
#    atpg effectiveness                       93.14%
#  -------------------------------------------------
#  #Patterns                                     171
#  -------------------------------------------------
#  ATPG runtime                              5.321 s
#  -------------------------------------------------
