#                 Statistics Report
#  Circuit name                               s35932
#  Fault model                                   SAF
#  Pattern type                                BASIC
#  -------------------------------------------------
#  Fault classes                             #faults
#  ----------------------------  -------------------
#    FU (full)                                 54618
#    --------------------------  -------------------
#    UD (undetected)                            3458
#    PT (possibly testable)                        0
#    AU (atpg untestable)                       3970
#    RE (redundant)                                0
#    AB (atpg abort)                               0
#    TI (tied)                                     0
#    --------------------------  -------------------
#    DT (detected)                             47190
#  -------------------------------------------------
#  Coverage                               percentage
#    --------------------------  -------------------
#    test coverage                            93.17%
#    fault coverage                            86.4%
#    atpg effectiveness                       93.67%
#  -------------------------------------------------
#  #Patterns                                      82
#  -------------------------------------------------
#  ATPG runtime                              31.12 s
#  -------------------------------------------------
