#                 Statistics Report
#  Circuit name                               s38417
#  Fault model                                   SAF
#  Pattern type                                BASIC
#  -------------------------------------------------
#  Fault classes                             #faults
#  ----------------------------  -------------------
#    FU (full)                                 42970
#    --------------------------  -------------------
#    UD (undetected)                            3288
#    PT (possibly testable)                        0
#    AU (atpg untestable)                        155
#    RE (redundant)                                0
#    AB (atpg abort)                               2
#    TI (tied)                                     0
#    --------------------------  -------------------
#    DT (detected)                             39525
#  -------------------------------------------------
#  Coverage                               percentage
#    --------------------------  -------------------
#    test coverage                            92.32%
#    fault coverage                           91.98%
#    atpg effectiveness                       92.34%
#  -------------------------------------------------
#  #Patterns                                     127
#  -------------------------------------------------
#  ATPG runtime                              24.79 s
#  -------------------------------------------------
