#                 Statistics Report
#  Circuit name                               s9234f
#  Fault model                                   SAF
#  Pattern type                                BASIC
#  -------------------------------------------------
#  Fault classes                             #faults
#  ----------------------------  -------------------
#    FU (full)                                  8083
#    --------------------------  -------------------
#    UD (undetected)                             439
#    PT (possibly testable)                        0
#    AU (atpg untestable)                        299
#    RE (redundant)                                0
#    AB (atpg abort)                              21
#    TI (tied)                                     0
#    --------------------------  -------------------
#    DT (detected)                              7324
#  -------------------------------------------------
#  Coverage                               percentage
#    --------------------------  -------------------
#    test coverage                            94.09%
#    fault coverage                           90.61%
#    atpg effectiveness                       94.31%
#  -------------------------------------------------
#  #Patterns                                     210
#  -------------------------------------------------
#  ATPG runtime                              2.502 s
#  -------------------------------------------------
