#                 Statistics Report
#  Circuit name                               s38417
#  Fault model                                   SAF
#  Pattern type                                BASIC
#  -------------------------------------------------
#  Fault classes                             #faults
#  ----------------------------  -------------------
#    FU (full)                                 42970
#    --------------------------  -------------------
#    UD (undetected)                            3445
#    PT (possibly testable)                        0
#    AU (atpg untestable)                          0
#    RE (redundant)                                0
#    AB (atpg abort)                               0
#    TI (tied)                                     0
#    --------------------------  -------------------
#    DT (detected)                             39525
#  -------------------------------------------------
#  Coverage                               percentage
#    --------------------------  -------------------
#    test coverage                            91.98%
#    fault coverage                           91.98%
#    atpg effectiveness                       91.98%
#  -------------------------------------------------
#  #Patterns                                     127
#  -------------------------------------------------
#  ATPG runtime                             0.8753 s
#  -------------------------------------------------
