#                 Statistics Report
#  Circuit name                                 c432
#  Fault model                                   SAF
#  Pattern type                                BASIC
#  -------------------------------------------------
#  Fault classes                             #faults
#  ----------------------------  -------------------
#    FU (full)                                  1110
#    --------------------------  -------------------
#    UD (undetected)                              29
#    PT (possibly testable)                        0
#    AU (atpg untestable)                          0
#    RE (redundant)                                0
#    AB (atpg abort)                               0
#    TI (tied)                                     0
#    --------------------------  -------------------
#    DT (detected)                              1081
#  -------------------------------------------------
#  Coverage                               percentage
#    --------------------------  -------------------
#    test coverage                            97.39%
#    fault coverage                           97.39%
#    atpg effectiveness                       97.39%
#  -------------------------------------------------
#  #Patterns                                      39
#  -------------------------------------------------
#  ATPG runtime                           0.001198 s
#  -------------------------------------------------
