#                 Statistics Report
#  Circuit name                                 c432
#  Fault model                                   SAF
#  Pattern type                                BASIC
#  -------------------------------------------------
#  Fault classes                             #faults
#  ----------------------------  -------------------
#    FU (full)                                   532
#    --------------------------  -------------------
#    UD (undetected)                               0
#    PT (possibly testable)                        0
#    AU (atpg untestable)                          1
#    RE (redundant)                                0
#    AB (atpg abort)                               5
#    TI (tied)                                     0
#    --------------------------  -------------------
#    DT (detected)                               526
#  -------------------------------------------------
#  Coverage                               percentage
#    --------------------------  -------------------
#    test coverage                            99.06%
#    fault coverage                           98.87%
#    atpg effectiveness                       99.06%
#  -------------------------------------------------
#  #Patterns                                      60
#  -------------------------------------------------
#  ATPG runtime                            0.08061 s
#  -------------------------------------------------
