#                 Statistics Report
#  Circuit name                               s38417
#  Fault model                                   SAF
#  Pattern type                                BASIC
#  -------------------------------------------------
#  Fault classes                             #faults
#  ----------------------------  -------------------
#    FU (full)                                 42970
#    --------------------------  -------------------
#    UD (undetected)                            3636
#    PT (possibly testable)                        0
#    AU (atpg untestable)                          0
#    RE (redundant)                                0
#    AB (atpg abort)                               0
#    TI (tied)                                     0
#    --------------------------  -------------------
#    DT (detected)                             39334
#  -------------------------------------------------
#  Coverage                               percentage
#    --------------------------  -------------------
#    test coverage                            91.54%
#    fault coverage                           91.54%
#    atpg effectiveness                       91.54%
#  -------------------------------------------------
#  #Patterns                                    1483
#  -------------------------------------------------
#  ATPG runtime                              2.365 s
#  -------------------------------------------------
