#                 Statistics Report
#  Circuit name                               s38584
#  Fault model                                   SAF
#  Pattern type                                BASIC
#  -------------------------------------------------
#  Fault classes                             #faults
#  ----------------------------  -------------------
#    FU (full)                                 49115
#    --------------------------  -------------------
#    UD (undetected)                            4513
#    PT (possibly testable)                        0
#    AU (atpg untestable)                          0
#    RE (redundant)                                0
#    AB (atpg abort)                               0
#    TI (tied)                                     0
#    --------------------------  -------------------
#    DT (detected)                             44602
#  -------------------------------------------------
#  Coverage                               percentage
#    --------------------------  -------------------
#    test coverage                            90.81%
#    fault coverage                           90.81%
#    atpg effectiveness                       90.81%
#  -------------------------------------------------
#  #Patterns                                    1158
#  -------------------------------------------------
#  ATPG runtime                              2.347 s
#  -------------------------------------------------
