#                 Statistics Report
#  Circuit name                                s5378
#  Fault model                                   SAF
#  Pattern type                                BASIC
#  -------------------------------------------------
#  Fault classes                             #faults
#  ----------------------------  -------------------
#    FU (full)                                  5527
#    --------------------------  -------------------
#    UD (undetected)                             444
#    PT (possibly testable)                        0
#    AU (atpg untestable)                          0
#    RE (redundant)                                0
#    AB (atpg abort)                               0
#    TI (tied)                                     0
#    --------------------------  -------------------
#    DT (detected)                              5083
#  -------------------------------------------------
#  Coverage                               percentage
#    --------------------------  -------------------
#    test coverage                            91.97%
#    fault coverage                           91.97%
#    atpg effectiveness                       91.97%
#  -------------------------------------------------
#  #Patterns                                     326
#  -------------------------------------------------
#  ATPG runtime                            0.02013 s
#  -------------------------------------------------
