#                 Statistics Report
#  Circuit name                               s9234f
#  Fault model                                   SAF
#  Pattern type                                BASIC
#  -------------------------------------------------
#  Fault classes                             #faults
#  ----------------------------  -------------------
#    FU (full)                                  8083
#    --------------------------  -------------------
#    UD (undetected)                             796
#    PT (possibly testable)                        0
#    AU (atpg untestable)                          0
#    RE (redundant)                                0
#    AB (atpg abort)                               0
#    TI (tied)                                     0
#    --------------------------  -------------------
#    DT (detected)                              7287
#  -------------------------------------------------
#  Coverage                               percentage
#    --------------------------  -------------------
#    test coverage                            90.15%
#    fault coverage                           90.15%
#    atpg effectiveness                       90.15%
#  -------------------------------------------------
#  #Patterns                                     454
#  -------------------------------------------------
#  ATPG runtime                            0.05635 s
#  -------------------------------------------------
