#                 Statistics Report
#  Circuit name                                 s510
#  Fault model                                   SAF
#  Pattern type                                BASIC
#  -------------------------------------------------
#  Fault classes                             #faults
#  ----------------------------  -------------------
#    FU (full)                                  1402
#    FU (collapsed)                              946
#    --------------------------  -------------------
#    UD (undetected)                              12
#    PT (possibly testable)                        0
#    AU (atpg untestable)                          0
#    RE (redundant)                                0
#    AB (atpg abort)                               0
#    TI (tied)                                     0
#    --------------------------  -------------------
#    DT (detected)                              1390
#  -------------------------------------------------
#  Coverage                               percentage
#    --------------------------  -------------------
#    test coverage                            99.14%
#    fault coverage                           99.14%
#    atpg effectiveness                       99.14%
#  -------------------------------------------------
#  #Patterns                                      57
#  -------------------------------------------------
#  ATPG runtime                            0.06241 s
#  -------------------------------------------------
