#                 Statistics Report
#  Circuit name                                  s27
#  Fault model                                   SAF
#  Pattern type                                BASIC
#  -------------------------------------------------
#  Fault classes                             #faults
#  ----------------------------  -------------------
#    FU (full)                                   110
#    FU (collapsed)                               90
#    --------------------------  -------------------
#    UD (undetected)                               6
#    PT (possibly testable)                        0
#    AU (atpg untestable)                          0
#    RE (redundant)                                0
#    AB (atpg abort)                               0
#    TI (tied)                                     0
#    --------------------------  -------------------
#    DT (detected)                               104
#  -------------------------------------------------
#  Coverage                               percentage
#    --------------------------  -------------------
#    test coverage                            94.55%
#    fault coverage                           94.55%
#    atpg effectiveness                       94.55%
#  -------------------------------------------------
#  #Patterns                                       5
#  -------------------------------------------------
#  ATPG runtime                           0.000866 s
#  -------------------------------------------------
