#                 Statistics Report
#  Circuit name                                s5378
#  Fault model                                   SAF
#  Pattern type                                BASIC
#  -------------------------------------------------
#  Fault classes                             #faults
#  ----------------------------  -------------------
#    FU (full)                                  9272
#    --------------------------  -------------------
#    UD (undetected)                             358
#    PT (possibly testable)                        0
#    AU (atpg untestable)                         83
#    RE (redundant)                                0
#    AB (atpg abort)                               0
#    TI (tied)                                     0
#    --------------------------  -------------------
#    DT (detected)                              8831
#  -------------------------------------------------
#  Coverage                               percentage
#    --------------------------  -------------------
#    test coverage                             96.1%
#    fault coverage                           95.24%
#    atpg effectiveness                       96.14%
#  -------------------------------------------------
#  #Patterns                                     116
#  -------------------------------------------------
#  ATPG runtime                           1.67e+09 s
#  -------------------------------------------------
