#                 Statistics Report
#  Circuit name                               s9234f
#  Fault model                                   SAF
#  Pattern type                                BASIC
#  -------------------------------------------------
#  Fault classes                             #faults
#  ----------------------------  -------------------
#    FU (full)                                 16476
#    FU (collapsed)                            11493
#    --------------------------  -------------------
#    UD (undetected)                             422
#    PT (possibly testable)                        0
#    AU (atpg untestable)                        496
#    RE (redundant)                                0
#    AB (atpg abort)                              47
#    TI (tied)                                     0
#    --------------------------  -------------------
#    DT (detected)                             15511
#  -------------------------------------------------
#  Coverage                               percentage
#    --------------------------  -------------------
#    test coverage                            97.07%
#    fault coverage                           94.14%
#    atpg effectiveness                       97.15%
#  -------------------------------------------------
#  #Patterns                                     155
#  -------------------------------------------------
#  ATPG runtime                              15.24 s
#  -------------------------------------------------
