#                 Statistics Report
#  Circuit name                               s38417
#  Fault model                                   SAF
#  Pattern type                                BASIC
#  -------------------------------------------------
#  Fault classes                             #faults
#  ----------------------------  -------------------
#    FU (full)                                 86824
#    --------------------------  -------------------
#    UD (undetected)                            3611
#    PT (possibly testable)                        0
#    AU (atpg untestable)                        203
#    RE (redundant)                                0
#    AB (atpg abort)                               3
#    TI (tied)                                     0
#    --------------------------  -------------------
#    DT (detected)                             83007
#  -------------------------------------------------
#  Coverage                               percentage
#    --------------------------  -------------------
#    test coverage                            95.83%
#    fault coverage                            95.6%
#    atpg effectiveness                       95.84%
#  -------------------------------------------------
#  #Patterns                                    1522
#  -------------------------------------------------
#  ATPG runtime                               27.2 s
#  -------------------------------------------------
