#                 Statistics Report
#  Circuit name                                 s953
#  Fault model                                   SAF
#  Pattern type                                BASIC
#  -------------------------------------------------
#  Fault classes                             #faults
#  ----------------------------  -------------------
#    FU (full)                                  2702
#    --------------------------  -------------------
#    UD (undetected)                              59
#    PT (possibly testable)                        0
#    AU (atpg untestable)                          0
#    RE (redundant)                                0
#    AB (atpg abort)                               0
#    TI (tied)                                     0
#    --------------------------  -------------------
#    DT (detected)                              2643
#  -------------------------------------------------
#  Coverage                               percentage
#    --------------------------  -------------------
#    test coverage                            97.82%
#    fault coverage                           97.82%
#    atpg effectiveness                       97.82%
#  -------------------------------------------------
#  #Patterns                                      92
#  -------------------------------------------------
#  ATPG runtime                           0.002821 s
#  -------------------------------------------------
